07-25 18:28:38.025  1366  1423 I ActivityManager: Start proc 28052:com.android.settings.intelligence/u0a130 for service {com.android.settings.intelligence/com.android.settings.intelligence.suggestions.SuggestionService}
07-25 18:28:38.126  1366  1435 W BatteryExternalStatsWorker: modem info is invalid: ModemActivityInfo{ mTimestamp=2837342371 mSleepTimeMs=-1494917564 mIdleTimeMs=8881625 mTransmitPowerInfo[]=[TransmitPower{ mTimeInMillis=0 mPowerRangeInDbm={-2147483648,0}}, TransmitPower{ mTimeInMillis=0 mPowerRangeInDbm={0,5}}, TransmitPower{ mTimeInMillis=0 mPowerRangeInDbm={5,15}}, TransmitPower{ mTimeInMillis=0 mPowerRangeInDbm={15,20}}, TransmitPower{ mTimeInMillis=0 mPowerRangeInDbm={20,2147483647}}] mRxTimeMs=28401036}
07-25 18:28:38.212  1366  1435 W BatteryExternalStatsWorker: modem info is invalid: ModemActivityInfo{ mTimestamp=2837342371 mSleepTimeMs=-1494917564 mIdleTimeMs=8881625 mTransmitPowerInfo[]=[TransmitPower{ mTimeInMillis=0 mPowerRangeInDbm={-2147483648,0}}, TransmitPower{ mTimeInMillis=0 mPowerRangeInDbm={0,5}}, TransmitPower{ mTimeInMillis=0 mPowerRangeInDbm={5,15}}, TransmitPower{ mTimeInMillis=0 mPowerRangeInDbm={15,20}}, TransmitPower{ mTimeInMillis=0 mPowerRangeInDbm={20,2147483647}}] mRxTimeMs=28401036}
07-25 18:28:39.234  1366  6952 I ActivityTaskManager: START u0 {act=android.intent.action.MAIN cmp=com.android.settings/.SubSettings (has extras)} from uid 1000
07-25 18:28:39.246  1366  2179 W ActivityTaskManager: Tried to set launchTime (0) < mLastActivityLaunchTime (1644415917)
07-25 18:28:39.285  1366  4274 E UserRestrictionsUtils: Unknown restriction queried by uid 1000 (com.android.wallpaperbackup et al): null
07-25 18:28:39.304  1366  4274 D ConnectivityService: requestNetwork for uid/pid:1000/28109 NetworkRequest [ TRACK_DEFAULT id=6878, [ Capabilities: INTERNET&NOT_RESTRICTED&TRUSTED Uid: 1000 AdministratorUids: [] RequestorUid: 1000 RequestorPackageName: com.android.settings] ]
07-25 18:28:39.304  1366  1855 D ConnectivityService: NetReassign [6878 : null  155]
07-25 18:28:39.331  1366  1855 D ConnectivityService: NetReassign [no changes]
07-25 18:28:39.335  1366  1855 D ConnectivityService: NetReassign [no changes]
07-25 18:28:39.335  1366  2198 D ConnectivityService: requestNetwork for uid/pid:1000/28109 NetworkRequest [ TRACK_DEFAULT id=6881, [ Capabilities: INTERNET&NOT_RESTRICTED&TRUSTED Uid: 1000 AdministratorUids: [] RequestorUid: 1000 RequestorPackageName: com.android.settings] ]
07-25 18:28:39.336  1366  1855 D ConnectivityService: NetReassign [6881 : null  155]
07-25 18:28:39.338  1366  1855 D ConnectivityService: NetReassign [no changes]
07-25 18:28:39.379  1366  1855 D ConnectivityService: NetReassign [no changes]
07-25 18:28:41.065  1366  1409 D AutofillManagerService: Close system dialogs
07-25 18:28:41.796  1366  3441 W ActivityManager: Unable to start service Intent { act=com.android.launcher3.WINDOW_OVERLAY dat=app://com.android.launcher3:10152?v=9&cv=14 pkg=com.google.android.googlequicksearchbox } U=0: not found
07-25 18:28:41.797  1366  1855 D ConnectivityService: releasing NetworkRequest [ TRACK_DEFAULT id=6881, [ Capabilities: INTERNET&NOT_RESTRICTED&TRUSTED Uid: 1000 AdministratorUids: [] RequestorUid: 1000 RequestorPackageName: com.android.settings] ] (release request)
07-25 18:28:41.816  1366  1855 D ConnectivityService: releasing NetworkRequest [ TRACK_DEFAULT id=6878, [ Capabilities: INTERNET&NOT_RESTRICTED&TRUSTED Uid: 1000 AdministratorUids: [] RequestorUid: 1000 RequestorPackageName: com.android.settings] ] (release request)
07-25 18:28:41.901  1366  6952 I ActivityTaskManager: START u0 {act=android.intent.action.MAIN cat=[android.intent.category.LAUNCHER] flg=0x10200000 cmp=com.android.settings/.Settings bnds=[642,1553][845,1911]} from uid 10152
07-25 18:28:41.941  1366  1413 W WindowManager: Attempted to add application window with unknown token Token{fb41495 ActivityRecord{e3059aa u0 com.android.settings/.SubSettings t-1 f}}}.  Aborting.
07-25 18:28:42.111  1366  1435 W BatteryExternalStatsWorker: modem info is invalid: ModemActivityInfo{ mTimestamp=2837342371 mSleepTimeMs=-1494917564 mIdleTimeMs=8881625 mTransmitPowerInfo[]=[TransmitPower{ mTimeInMillis=0 mPowerRangeInDbm={-2147483648,0}}, TransmitPower{ mTimeInMillis=0 mPowerRangeInDbm={0,5}}, TransmitPower{ mTimeInMillis=0 mPowerRangeInDbm={5,15}}, TransmitPower{ mTimeInMillis=0 mPowerRangeInDbm={15,20}}, TransmitPower{ mTimeInMillis=0 mPowerRangeInDbm={20,2147483647}}] mRxTimeMs=28401036}
07-25 18:28:42.194  1366  1435 W BatteryExternalStatsWorker: modem info is invalid: ModemActivityInfo{ mTimestamp=2837342371 mSleepTimeMs=-1494917564 mIdleTimeMs=8881625 mTransmitPowerInfo[]=[TransmitPower{ mTimeInMillis=0 mPowerRangeInDbm={-2147483648,0}}, TransmitPower{ mTimeInMillis=0 mPowerRangeInDbm={0,5}}, TransmitPower{ mTimeInMillis=0 mPowerRangeInDbm={5,15}}, TransmitPower{ mTimeInMillis=0 mPowerRangeInDbm={15,20}}, TransmitPower{ mTimeInMillis=0 mPowerRangeInDbm={20,2147483647}}] mRxTimeMs=28401036}
07-25 18:28:43.237  1366  3441 I ActivityTaskManager: START u0 {act=android.settings.APP_SEARCH_SETTINGS pkg=com.android.settings.intelligence cmp=com.android.settings.intelligence/.search.SearchActivity (has extras)} from uid 1000
07-25 18:28:43.298  1366  3441 D CompatibilityChangeReporter: Compat change id reported: 135634846; UID 10156; state: DISABLED
07-25 18:28:43.298  1366  3441 D CompatibilityChangeReporter: Compat change id reported: 135754954; UID 10156; state: ENABLED
07-25 18:28:43.299  1366  1423 D CompatibilityChangeReporter: Compat change id reported: 143937733; UID 10156; state: ENABLED
07-25 18:28:43.308  1366  1423 I ActivityManager: Start proc 28131:com.android.emergency/u0a156 for content provider {com.android.emergency/com.android.emergency.EmergencySearchIndexablesProvider}
07-25 18:28:43.379  1366  9544 W DreamManagerService: Dream ComponentInfo{com.google.android.deskclock/com.android.deskclock.Screensaver} does not exist
07-25 18:28:43.379  1366  9544 W DreamManagerService: Falling back to default dream ComponentInfo{com.google.android.deskclock/com.android.deskclock.Screensaver}
07-25 18:28:43.394  1366  3441 W DreamManagerService: Dream ComponentInfo{com.google.android.deskclock/com.android.deskclock.Screensaver} does not exist
07-25 18:28:43.394  1366  3441 W DreamManagerService: Falling back to default dream ComponentInfo{com.google.android.deskclock/com.android.deskclock.Screensaver}
07-25 18:28:43.677  1366  3441 D ActivityManager: cgroup.freeze not present
07-25 18:28:43.715  1366  3441 D CompatibilityChangeReporter: Compat change id reported: 158482162; UID 1000; state: DISABLED
07-25 18:28:43.811  1366  4274 D CompatibilityChangeReporter: Compat change id reported: 135634846; UID 10122; state: DISABLED
07-25 18:28:43.811  1366  4274 D CompatibilityChangeReporter: Compat change id reported: 135754954; UID 10122; state: DISABLED
07-25 18:28:43.812  1366  1423 D CompatibilityChangeReporter: Compat change id reported: 143937733; UID 10122; state: DISABLED
07-25 18:28:43.822  1366  1423 I ActivityManager: Start proc 28196:com.android.traceur/u0a122 for content provider {com.android.traceur/com.android.traceur.SearchProvider}
07-25 18:28:43.897  1366  4274 D CompatibilityChangeReporter: Compat change id reported: 135634846; UID 1000; state: DISABLED
07-25 18:28:43.897  1366  4274 D CompatibilityChangeReporter: Compat change id reported: 135754954; UID 1000; state: DISABLED
07-25 18:28:43.913  1366  1423 I ActivityManager: Start proc 28229:org.lineageos.lineageparts/1000 for content provider {org.lineageos.lineageparts/org.lineageos.lineageparts.search.LineagePartsSearchIndexablesProvider}
07-25 18:28:46.529  1366  3441 I ActivityTaskManager: START u0 {act=com.android.settings.SEARCH_RESULT_TRAMPOLINE cmp=com.android.settings/.search.SearchResultTrampoline (has extras)} from uid 10130
07-25 18:28:46.544  1366  4274 W ActivityTaskManager: Tried to set launchTime (0) < mLastActivityLaunchTime (1644417230)
07-25 18:28:46.553  1366  1412 D CompatibilityChangeReporter: Compat change id reported: 136274596; UID 1000; state: ENABLED
07-25 18:28:46.556  1366  3441 I ActivityTaskManager: START u0 {act=com.android.settings.SEARCH_RESULT_TRAMPOLINE flg=0x2800000 cmp=com.android.settings/.SubSettings (has extras)} from uid 1000
07-25 18:28:46.573  1366  3441 W ActivityTaskManager: Tried to set launchTime (0) < mLastActivityLaunchTime (1644424527)
07-25 18:28:46.606  1366  4274 E UserRestrictionsUtils: Unknown restriction queried by uid 1000 (com.android.wallpaperbackup et al): null
07-25 18:28:46.615  1366  9544 E UserRestrictionsUtils: Unknown restriction queried by uid 1000 (com.android.wallpaperbackup et al): null
07-25 18:28:46.616  1366  9544 E UserRestrictionsUtils: Unknown restriction queried by uid 1000 (com.android.wallpaperbackup et al): null
07-25 18:28:46.629  1366  9544 W ActivityManager: Receiver with filter android.content.IntentFilter@11de21e already registered for pid 28109, callerPackage is com.android.settings
07-25 18:28:46.647  1366  8325 W DreamManagerService: Dream ComponentInfo{com.google.android.deskclock/com.android.deskclock.Screensaver} does not exist
07-25 18:28:46.647  1366  8325 W DreamManagerService: Falling back to default dream ComponentInfo{com.google.android.deskclock/com.android.deskclock.Screensaver}
07-25 18:28:49.235  1366  9544 W ActivityManager: Receiver with filter android.content.IntentFilter@576af63 already registered for pid 1366, callerPackage is android
07-25 18:28:49.238  1366  9544 W ActivityTaskManager: Current config: {1.0 ?mcc?mnc [en_US,zh_CN] ldltr sw384dp w384dp h816dp 450dpi nrml long hdr widecg port night finger -keyb/v/h -nav/h winConfig={ mBounds=Rect(0, 0 - 1080, 2400) mAppBounds=Rect(0, 103 - 1080, 2400) mWindowingMode=fullscreen mDisplayWindowingMode=fullscreen mActivityType=undefined mAlwaysOnTop=undefined mRotation=ROTATION_0} s.28058} unchanged for IME proc com.osfans.trime
07-25 18:28:49.238  1366  9544 W ActivityTaskManager: Current config: {1.0 ?mcc?mnc [en_US,zh_CN] ldltr sw384dp w384dp h816dp 450dpi nrml long hdr widecg port night finger -keyb/v/h -nav/h winConfig={ mBounds=Rect(0, 0 - 1080, 2400) mAppBounds=Rect(0, 103 - 1080, 2400) mWindowingMode=fullscreen mDisplayWindowingMode=fullscreen mActivityType=undefined mAlwaysOnTop=undefined mRotation=ROTATION_0} s.28058} unchanged for IME proc com.android.inputmethod.latin
07-25 18:28:49.238  1366  9544 W ActivityTaskManager: Current config: {1.0 ?mcc?mnc [en_US,zh_CN] ldltr sw384dp w384dp h816dp 450dpi nrml long hdr widecg port night finger -keyb/v/h -nav/h winConfig={ mBounds=Rect(0, 0 - 1080, 2400) mAppBounds=Rect(0, 103 - 1080, 2400) mWindowingMode=fullscreen mDisplayWindowingMode=fullscreen mActivityType=undefined mAlwaysOnTop=undefined mRotation=ROTATION_0} s.28058} unchanged for IME proc org.mozc.android.inputmethod.japanese
07-25 18:28:49.238  1366  9544 W ActivityTaskManager: Current config: {1.0 ?mcc?mnc [en_US,zh_CN] ldltr sw384dp w384dp h816dp 450dpi nrml long hdr widecg port night finger -keyb/v/h -nav/h winConfig={ mBounds=Rect(0, 0 - 1080, 2400) mAppBounds=Rect(0, 103 - 1080, 2400) mWindowingMode=fullscreen mDisplayWindowingMode=fullscreen mActivityType=undefined mAlwaysOnTop=undefined mRotation=ROTATION_0} s.28058} unchanged for IME proc com.android.inputmethod.latin
07-25 18:28:49.238  1366  9544 W ActivityTaskManager: Current config: {1.0 ?mcc?mnc [en_US,zh_CN] ldltr sw384dp w384dp h816dp 450dpi nrml long hdr widecg port night finger -keyb/v/h -nav/h winConfig={ mBounds=Rect(0, 0 - 1080, 2400) mAppBounds=Rect(0, 103 - 1080, 2400) mWindowingMode=fullscreen mDisplayWindowingMode=fullscreen mActivityType=undefined mAlwaysOnTop=undefined mRotation=ROTATION_0} s.28058} unchanged for IME proc com.android.inputmethod.latin
07-25 18:28:49.238  1366  9544 W ActivityTaskManager: Current config: {1.0 ?mcc?mnc [en_US,zh_CN] ldltr sw384dp w384dp h816dp 450dpi nrml long hdr widecg port night finger -keyb/v/h -nav/h winConfig={ mBounds=Rect(0, 0 - 1080, 2400) mAppBounds=Rect(0, 103 - 1080, 2400) mWindowingMode=fullscreen mDisplayWindowingMode=fullscreen mActivityType=undefined mAlwaysOnTop=undefined mRotation=ROTATION_0} s.28058} unchanged for IME proc org.mozc.android.inputmethod.japanese
07-25 18:28:49.239  1366  9544 W ActivityTaskManager: Unable to send config for IME proc com.osfans.trime: no app thread
07-25 18:28:49.239  1366  9544 W ActivityTaskManager: Current config: {1.0 ?mcc?mnc [en_US,zh_CN] ldltr sw384dp w384dp h816dp 450dpi nrml long hdr widecg port night finger -keyb/v/h -nav/h winConfig={ mBounds=Rect(0, 0 - 1080, 2400) mAppBounds=Rect(0, 103 - 1080, 2400) mWindowingMode=fullscreen mDisplayWindowingMode=fullscreen mActivityType=undefined mAlwaysOnTop=undefined mRotation=ROTATION_0} s.28058} unchanged for IME proc org.mozc.android.inputmethod.japanese
07-25 18:28:49.239  1366  9544 W ActivityTaskManager: Current config: {1.0 ?mcc?mnc [en_US,zh_CN] ldltr sw384dp w384dp h816dp 450dpi nrml long hdr widecg port night finger -keyb/v/h -nav/h winConfig={ mBounds=Rect(0, 0 - 1080, 2400) mAppBounds=Rect(0, 103 - 1080, 2400) mWindowingMode=fullscreen mDisplayWindowingMode=fullscreen mActivityType=undefined mAlwaysOnTop=undefined mRotation=ROTATION_0} s.28058} unchanged for IME proc org.mozc.android.inputmethod.japanese
07-25 18:28:49.239  1366  9544 W ActivityTaskManager: Current config: {1.0 ?mcc?mnc [en_US,zh_CN] ldltr sw384dp w384dp h816dp 450dpi nrml long hdr widecg port night finger -keyb/v/h -nav/h winConfig={ mBounds=Rect(0, 0 - 1080, 2400) mAppBounds=Rect(0, 103 - 1080, 2400) mWindowingMode=fullscreen mDisplayWindowingMode=fullscreen mActivityType=undefined mAlwaysOnTop=undefined mRotation=ROTATION_0} s.28058} unchanged for IME proc com.android.inputmethod.latin
07-25 18:28:49.239  1366  9544 W ActivityTaskManager: Current config: {1.0 ?mcc?mnc [en_US,zh_CN] ldltr sw384dp w384dp h816dp 450dpi nrml long hdr widecg port night finger -keyb/v/h -nav/h winConfig={ mBounds=Rect(0, 0 - 1080, 2400) mAppBounds=Rect(0, 103 - 1080, 2400) mWindowingMode=fullscreen mDisplayWindowingMode=fullscreen mActivityType=undefined mAlwaysOnTop=undefined mRotation=ROTATION_0} s.28058} unchanged for IME proc com.android.inputmethod.latin
07-25 18:28:49.239  1366  9544 W ActivityTaskManager: Unable to send config for IME proc com.osfans.trime: no app thread
07-25 18:28:49.240  1366  9544 I chatty  : uid=1000(system) Binder:1366_1D identical 9 lines
07-25 18:28:49.240  1366  9544 W ActivityTaskManager: Unable to send config for IME proc com.osfans.trime: no app thread
07-25 18:28:49.240  1366  9544 W ActivityTaskManager: Current config: {1.0 ?mcc?mnc [en_US,zh_CN] ldltr sw384dp w384dp h816dp 450dpi nrml long hdr widecg port night finger -keyb/v/h -nav/h winConfig={ mBounds=Rect(0, 0 - 1080, 2400) mAppBounds=Rect(0, 103 - 1080, 2400) mWindowingMode=fullscreen mDisplayWindowingMode=fullscreen mActivityType=undefined mAlwaysOnTop=undefined mRotation=ROTATION_0} s.28058} unchanged for IME proc com.osfans.trime
07-25 18:28:49.240  1366  9544 W ActivityTaskManager: Unable to send config for IME proc com.osfans.trime: no app thread
07-25 18:28:49.240  1366  9544 I chatty  : uid=1000(system) Binder:1366_1D identical 6 lines
07-25 18:28:49.240  1366  9544 W ActivityTaskManager: Unable to send config for IME proc com.osfans.trime: no app thread
07-25 18:28:49.240  1366  9544 W ActivityTaskManager: Current config: {1.0 ?mcc?mnc [en_US,zh_CN] ldltr sw384dp w384dp h816dp 450dpi nrml long hdr widecg port night finger -keyb/v/h -nav/h winConfig={ mBounds=Rect(0, 0 - 1080, 2400) mAppBounds=Rect(0, 103 - 1080, 2400) mWindowingMode=fullscreen mDisplayWindowingMode=fullscreen mActivityType=undefined mAlwaysOnTop=undefined mRotation=ROTATION_0} s.28058} unchanged for IME proc com.osfans.trime
07-25 18:28:49.240  1366  9544 I chatty  : uid=1000(system) Binder:1366_1D identical 1 line
07-25 18:28:49.241  1366  9544 W ActivityTaskManager: Current config: {1.0 ?mcc?mnc [en_US,zh_CN] ldltr sw384dp w384dp h816dp 450dpi nrml long hdr widecg port night finger -keyb/v/h -nav/h winConfig={ mBounds=Rect(0, 0 - 1080, 2400) mAppBounds=Rect(0, 103 - 1080, 2400) mWindowingMode=fullscreen mDisplayWindowingMode=fullscreen mActivityType=undefined mAlwaysOnTop=undefined mRotation=ROTATION_0} s.28058} unchanged for IME proc com.osfans.trime
07-25 18:28:49.241  1366  9544 W ActivityTaskManager: Unable to send config for IME proc com.osfans.trime: no app thread
07-25 18:28:49.241  1366  9544 I chatty  : uid=1000(system) Binder:1366_1D identical 8 lines
07-25 18:28:49.241  1366  9544 W ActivityTaskManager: Unable to send config for IME proc com.osfans.trime: no app thread
07-25 18:28:49.241  1366  9544 W ActivityTaskManager: Current config: {1.0 ?mcc?mnc [en_US,zh_CN] ldltr sw384dp w384dp h816dp 450dpi nrml long hdr widecg port night finger -keyb/v/h -nav/h winConfig={ mBounds=Rect(0, 0 - 1080, 2400) mAppBounds=Rect(0, 103 - 1080, 2400) mWindowingMode=fullscreen mDisplayWindowingMode=fullscreen mActivityType=undefined mAlwaysOnTop=undefined mRotation=ROTATION_0} s.28058} unchanged for IME proc com.osfans.trime
07-25 18:28:49.242  1366  9544 I chatty  : uid=1000(system) Binder:1366_1D identical 6 lines
07-25 18:28:49.242  1366  9544 W ActivityTaskManager: Current config: {1.0 ?mcc?mnc [en_US,zh_CN] ldltr sw384dp w384dp h816dp 450dpi nrml long hdr widecg port night finger -keyb/v/h -nav/h winConfig={ mBounds=Rect(0, 0 - 1080, 2400) mAppBounds=Rect(0, 103 - 1080, 2400) mWindowingMode=fullscreen mDisplayWindowingMode=fullscreen mActivityType=undefined mAlwaysOnTop=undefined mRotation=ROTATION_0} s.28058} unchanged for IME proc com.osfans.trime
07-25 18:28:49.242  1366  9544 W ActivityTaskManager: Unable to send config for IME proc com.osfans.trime: no app thread
07-25 18:28:49.242  1366  9544 I chatty  : uid=1000(system) Binder:1366_1D identical 2 lines
07-25 18:28:49.242  1366  9544 W ActivityTaskManager: Unable to send config for IME proc com.osfans.trime: no app thread
07-25 18:28:49.242  1366  9544 W ActivityTaskManager: Current config: {1.0 ?mcc?mnc [en_US,zh_CN] ldltr sw384dp w384dp h816dp 450dpi nrml long hdr widecg port night finger -keyb/v/h -nav/h winConfig={ mBounds=Rect(0, 0 - 1080, 2400) mAppBounds=Rect(0, 103 - 1080, 2400) mWindowingMode=fullscreen mDisplayWindowingMode=fullscreen mActivityType=undefined mAlwaysOnTop=undefined mRotation=ROTATION_0} s.28058} unchanged for IME proc com.tumuyan.trime
07-25 18:28:49.242  1366  9544 W ActivityTaskManager: Unable to send config for IME proc com.tumuyan.trime: no app thread
07-25 18:28:49.243  1366  9544 I chatty  : uid=1000(system) Binder:1366_1D identical 1 line
07-25 18:28:49.243  1366  9544 W ActivityTaskManager: Unable to send config for IME proc com.tumuyan.trime: no app thread
07-25 18:28:49.243  1366  9544 W ActivityTaskManager: Current config: {1.0 ?mcc?mnc [en_US,zh_CN] ldltr sw384dp w384dp h816dp 450dpi nrml long hdr widecg port night finger -keyb/v/h -nav/h winConfig={ mBounds=Rect(0, 0 - 1080, 2400) mAppBounds=Rect(0, 103 - 1080, 2400) mWindowingMode=fullscreen mDisplayWindowingMode=fullscreen mActivityType=undefined mAlwaysOnTop=undefined mRotation=ROTATION_0} s.28058} unchanged for IME proc com.tumuyan.trime
07-25 18:28:49.243  1366  9544 I chatty  : uid=1000(system) Binder:1366_1D identical 3 lines
07-25 18:28:49.243  1366  9544 W ActivityTaskManager: Current config: {1.0 ?mcc?mnc [en_US,zh_CN] ldltr sw384dp w384dp h816dp 450dpi nrml long hdr widecg port night finger -keyb/v/h -nav/h winConfig={ mBounds=Rect(0, 0 - 1080, 2400) mAppBounds=Rect(0, 103 - 1080, 2400) mWindowingMode=fullscreen mDisplayWindowingMode=fullscreen mActivityType=undefined mAlwaysOnTop=undefined mRotation=ROTATION_0} s.28058} unchanged for IME proc com.tumuyan.trime
07-25 18:28:49.243  1366  9544 W ActivityTaskManager: Current config: {1.0 ?mcc?mnc [en_US,zh_CN] ldltr sw384dp w384dp h816dp 450dpi nrml long hdr widecg port night finger -keyb/v/h -nav/h winConfig={ mBounds=Rect(0, 0 - 1080, 2400) mAppBounds=Rect(0, 103 - 1080, 2400) mWindowingMode=fullscreen mDisplayWindowingMode=fullscreen mActivityType=undefined mAlwaysOnTop=undefined mRotation=ROTATION_0} s.28058} unchanged for IME proc com.android.inputmethod.latin
07-25 18:28:49.247  1366  9544 I ActivityTaskManager: Config changes=200 {1.0 ?mcc?mnc [en_US,zh_CN] ldltr sw384dp w384dp h816dp 450dpi nrml long hdr widecg port finger -keyb/v/h -nav/h winConfig={ mBounds=Rect(0, 0 - 1080, 2400) mAppBounds=Rect(0, 103 - 1080, 2400) mWindowingMode=fullscreen mDisplayWindowingMode=fullscreen mActivityType=undefined mAlwaysOnTop=undefined mRotation=ROTATION_0} s.28058}
07-25 18:28:49.265  1366  9544 W ActivityTaskManager: Current config: {1.0 ?mcc?mnc [en_US,zh_CN] ldltr sw384dp w384dp h816dp 450dpi nrml long hdr widecg port night finger -keyb/v/h -nav/h winConfig={ mBounds=Rect(0, 0 - 1080, 2400) mAppBounds=Rect(0, 103 - 1080, 2400) mWindowingMode=fullscreen mDisplayWindowingMode=fullscreen mActivityType=undefined mAlwaysOnTop=undefined mRotation=ROTATION_0} s.28058} unchanged for IME proc com.osfans.trime
07-25 18:28:49.266  1366  9544 W ActivityTaskManager: Current config: {1.0 ?mcc?mnc [en_US,zh_CN] ldltr sw384dp w384dp h816dp 450dpi nrml long hdr widecg port night finger -keyb/v/h -nav/h winConfig={ mBounds=Rect(0, 0 - 1080, 2400) mAppBounds=Rect(0, 103 - 1080, 2400) mWindowingMode=fullscreen mDisplayWindowingMode=fullscreen mActivityType=undefined mAlwaysOnTop=undefined mRotation=ROTATION_0} s.28058} unchanged for IME proc com.android.inputmethod.latin
07-25 18:28:49.266  1366  9544 W ActivityTaskManager: Current config: {1.0 ?mcc?mnc [en_US,zh_CN] ldltr sw384dp w384dp h816dp 450dpi nrml long hdr widecg port night finger -keyb/v/h -nav/h winConfig={ mBounds=Rect(0, 0 - 1080, 2400) mAppBounds=Rect(0, 103 - 1080, 2400) mWindowingMode=fullscreen mDisplayWindowingMode=fullscreen mActivityType=undefined mAlwaysOnTop=undefined mRotation=ROTATION_0} s.28058} unchanged for IME proc org.mozc.android.inputmethod.japanese
07-25 18:28:49.270  1366  9544 I WindowManager: Override config changes=200 {1.0 ?mcc?mnc [en_US,zh_CN] ldltr sw384dp w384dp h816dp 450dpi nrml long hdr widecg port finger -keyb/v/h -nav/h winConfig={ mBounds=Rect(0, 0 - 1080, 2400) mAppBounds=Rect(0, 103 - 1080, 2400) mWindowingMode=fullscreen mDisplayWindowingMode=fullscreen mActivityType=undefined mAlwaysOnTop=undefined mRotation=ROTATION_0} s.28058} for displayId=0
07-25 18:28:49.271  1366  9544 V ActivityTaskManager: Sending to IME proc com.osfans.trime new config {1.0 ?mcc?mnc [en_US,zh_CN] ldltr sw384dp w384dp h816dp 450dpi nrml long hdr widecg port finger -keyb/v/h -nav/h winConfig={ mBounds=Rect(0, 0 - 1080, 2400) mAppBounds=Rect(0, 103 - 1080, 2400) mWindowingMode=fullscreen mDisplayWindowingMode=fullscreen mActivityType=undefined mAlwaysOnTop=undefined mRotation=ROTATION_0} s.28058}
07-25 18:28:49.271  1366  9544 V ActivityTaskManager: Sending to IME proc com.android.inputmethod.latin new config {1.0 ?mcc?mnc [en_US,zh_CN] ldltr sw384dp w384dp h816dp 450dpi nrml long hdr widecg port finger -keyb/v/h -nav/h winConfig={ mBounds=Rect(0, 0 - 1080, 2400) mAppBounds=Rect(0, 103 - 1080, 2400) mWindowingMode=fullscreen mDisplayWindowingMode=fullscreen mActivityType=undefined mAlwaysOnTop=undefined mRotation=ROTATION_0} s.28058}
07-25 18:28:49.271  1366  9544 W ActivityTaskManager: Current config: {1.0 ?mcc?mnc [en_US,zh_CN] ldltr sw384dp w384dp h816dp 450dpi nrml long hdr widecg port finger -keyb/v/h -nav/h winConfig={ mBounds=Rect(0, 0 - 1080, 2400) mAppBounds=Rect(0, 103 - 1080, 2400) mWindowingMode=fullscreen mDisplayWindowingMode=fullscreen mActivityType=undefined mAlwaysOnTop=undefined mRotation=ROTATION_0} s.28058} unchanged for IME proc org.mozc.android.inputmethod.japanese
07-25 18:28:49.271  1366  9544 W ActivityTaskManager: Current config: {1.0 ?mcc?mnc [en_US,zh_CN] ldltr sw384dp w384dp h816dp 450dpi nrml long hdr widecg port finger -keyb/v/h -nav/h winConfig={ mBounds=Rect(0, 0 - 1080, 2400) mAppBounds=Rect(0, 103 - 1080, 2400) mWindowingMode=fullscreen mDisplayWindowingMode=fullscreen mActivityType=undefined mAlwaysOnTop=undefined mRotation=ROTATION_0} s.28058} unchanged for IME proc com.android.inputmethod.latin
07-25 18:28:49.271  1366  9544 W ActivityTaskManager: Current config: {1.0 ?mcc?mnc [en_US,zh_CN] ldltr sw384dp w384dp h816dp 450dpi nrml long hdr widecg port finger -keyb/v/h -nav/h winConfig={ mBounds=Rect(0, 0 - 1080, 2400) mAppBounds=Rect(0, 103 - 1080, 2400) mWindowingMode=fullscreen mDisplayWindowingMode=fullscreen mActivityType=undefined mAlwaysOnTop=undefined mRotation=ROTATION_0} s.28058} unchanged for IME proc com.osfans.trime
07-25 18:28:49.271  1366  9544 W ActivityTaskManager: Current config: {1.0 ?mcc?mnc [en_US,zh_CN] ldltr sw384dp w384dp h816dp 450dpi nrml long hdr widecg port finger -keyb/v/h -nav/h winConfig={ mBounds=Rect(0, 0 - 1080, 2400) mAppBounds=Rect(0, 103 - 1080, 2400) mWindowingMode=fullscreen mDisplayWindowingMode=fullscreen mActivityType=undefined mAlwaysOnTop=undefined mRotation=ROTATION_0} s.28058} unchanged for IME proc org.mozc.android.inputmethod.japanese
07-25 18:28:49.272  1366  9544 W ActivityTaskManager: Current config: {1.0 ?mcc?mnc [en_US,zh_CN] ldltr sw384dp w384dp h816dp 450dpi nrml long hdr widecg port finger -keyb/v/h -nav/h winConfig={ mBounds=Rect(0, 0 - 1080, 2400) mAppBounds=Rect(0, 103 - 1080, 2400) mWindowingMode=fullscreen mDisplayWindowingMode=fullscreen mActivityType=undefined mAlwaysOnTop=undefined mRotation=ROTATION_0} s.28058} unchanged for IME proc com.android.inputmethod.latin
07-25 18:28:49.272  1366  9544 W ActivityTaskManager: Current config: {1.0 ?mcc?mnc [en_US,zh_CN] ldltr sw384dp w384dp h816dp 450dpi nrml long hdr widecg port finger -keyb/v/h -nav/h winConfig={ mBounds=Rect(0, 0 - 1080, 2400) mAppBounds=Rect(0, 103 - 1080, 2400) mWindowingMode=fullscreen mDisplayWindowingMode=fullscreen mActivityType=undefined mAlwaysOnTop=undefined mRotation=ROTATION_0} s.28058} unchanged for IME proc org.mozc.android.inputmethod.japanese
07-25 18:28:49.272  1366  9544 W ActivityTaskManager: Current config: {1.0 ?mcc?mnc [en_US,zh_CN] ldltr sw384dp w384dp h816dp 450dpi nrml long hdr widecg port finger -keyb/v/h -nav/h winConfig={ mBounds=Rect(0, 0 - 1080, 2400) mAppBounds=Rect(0, 103 - 1080, 2400) mWindowingMode=fullscreen mDisplayWindowingMode=fullscreen mActivityType=undefined mAlwaysOnTop=undefined mRotation=ROTATION_0} s.28058} unchanged for IME proc com.android.inputmethod.latin
07-25 18:28:49.272  1366  9544 W ActivityTaskManager: Current config: {1.0 ?mcc?mnc [en_US,zh_CN] ldltr sw384dp w384dp h816dp 450dpi nrml long hdr widecg port finger -keyb/v/h -nav/h winConfig={ mBounds=Rect(0, 0 - 1080, 2400) mAppBounds=Rect(0, 103 - 1080, 2400) mWindowingMode=fullscreen mDisplayWindowingMode=fullscreen mActivityType=undefined mAlwaysOnTop=undefined mRotation=ROTATION_0} s.28058} unchanged for IME proc org.mozc.android.inputmethod.japanese
07-25 18:28:49.272  1366  9544 W ActivityTaskManager: Current config: {1.0 ?mcc?mnc [en_US,zh_CN] ldltr sw384dp w384dp h816dp 450dpi nrml long hdr widecg port finger -keyb/v/h -nav/h winConfig={ mBounds=Rect(0, 0 - 1080, 2400) mAppBounds=Rect(0, 103 - 1080, 2400) mWindowingMode=fullscreen mDisplayWindowingMode=fullscreen mActivityType=undefined mAlwaysOnTop=undefined mRotation=ROTATION_0} s.28058} unchanged for IME proc com.osfans.trime
07-25 18:28:49.273  1366  9544 I chatty  : uid=1000(system) Binder:1366_1D identical 9 lines
07-25 18:28:49.273  1366  9544 W ActivityTaskManager: Current config: {1.0 ?mcc?mnc [en_US,zh_CN] ldltr sw384dp w384dp h816dp 450dpi nrml long hdr widecg port finger -keyb/v/h -nav/h winConfig={ mBounds=Rect(0, 0 - 1080, 2400) mAppBounds=Rect(0, 103 - 1080, 2400) mWindowingMode=fullscreen mDisplayWindowingMode=fullscreen mActivityType=undefined mAlwaysOnTop=undefined mRotation=ROTATION_0} s.28058} unchanged for IME proc com.osfans.trime
07-25 18:28:49.273  1366  9544 W ActivityTaskManager: Current config: {1.0 ?mcc?mnc [en_US,zh_CN] ldltr sw384dp w384dp h816dp 450dpi nrml long hdr widecg port finger -keyb/v/h -nav/h winConfig={ mBounds=Rect(0, 0 - 1080, 2400) mAppBounds=Rect(0, 103 - 1080, 2400) mWindowingMode=fullscreen mDisplayWindowingMode=fullscreen mActivityType=undefined mAlwaysOnTop=undefined mRotation=ROTATION_0} s.28058} unchanged for IME proc org.mozc.android.inputmethod.japanese
07-25 18:28:49.273  1366  9544 W ActivityTaskManager: Unable to send config for IME proc com.osfans.trime: no app thread
07-25 18:28:49.273  1366  9544 W ActivityTaskManager: Current config: {1.0 ?mcc?mnc [en_US,zh_CN] ldltr sw384dp w384dp h816dp 450dpi nrml long hdr widecg port finger -keyb/v/h -nav/h winConfig={ mBounds=Rect(0, 0 - 1080, 2400) mAppBounds=Rect(0, 103 - 1080, 2400) mWindowingMode=fullscreen mDisplayWindowingMode=fullscreen mActivityType=undefined mAlwaysOnTop=undefined mRotation=ROTATION_0} s.28058} unchanged for IME proc com.osfans.trime
07-25 18:28:49.273  1366  9544 I chatty  : uid=1000(system) Binder:1366_1D identical 6 lines
07-25 18:28:49.273  1366  9544 W ActivityTaskManager: Current config: {1.0 ?mcc?mnc [en_US,zh_CN] ldltr sw384dp w384dp h816dp 450dpi nrml long hdr widecg port finger -keyb/v/h -nav/h winConfig={ mBounds=Rect(0, 0 - 1080, 2400) mAppBounds=Rect(0, 103 - 1080, 2400) mWindowingMode=fullscreen mDisplayWindowingMode=fullscreen mActivityType=undefined mAlwaysOnTop=undefined mRotation=ROTATION_0} s.28058} unchanged for IME proc com.osfans.trime
07-25 18:28:49.274  1366  9544 W ActivityTaskManager: Unable to send config for IME proc com.osfans.trime: no app thread
07-25 18:28:49.274  1366  9544 I chatty  : uid=1000(system) Binder:1366_1D identical 1 line
07-25 18:28:49.274  1366  9544 W ActivityTaskManager: Unable to send config for IME proc com.osfans.trime: no app thread
07-25 18:28:49.274  1366  9544 W ActivityTaskManager: Current config: {1.0 ?mcc?mnc [en_US,zh_CN] ldltr sw384dp w384dp h816dp 450dpi nrml long hdr widecg port finger -keyb/v/h -nav/h winConfig={ mBounds=Rect(0, 0 - 1080, 2400) mAppBounds=Rect(0, 103 - 1080, 2400) mWindowingMode=fullscreen mDisplayWindowingMode=fullscreen mActivityType=undefined mAlwaysOnTop=undefined mRotation=ROTATION_0} s.28058} unchanged for IME proc com.osfans.trime
07-25 18:28:49.274  1366  9544 I chatty  : uid=1000(system) Binder:1366_1D identical 8 lines
07-25 18:28:49.274  1366  9544 W ActivityTaskManager: Current config: {1.0 ?mcc?mnc [en_US,zh_CN] ldltr sw384dp w384dp h816dp 450dpi nrml long hdr widecg port finger -keyb/v/h -nav/h winConfig={ mBounds=Rect(0, 0 - 1080, 2400) mAppBounds=Rect(0, 103 - 1080, 2400) mWindowingMode=fullscreen mDisplayWindowingMode=fullscreen mActivityType=undefined mAlwaysOnTop=undefined mRotation=ROTATION_0} s.28058} unchanged for IME proc com.osfans.trime
07-25 18:28:49.274  1366  9544 W ActivityTaskManager: Unable to send config for IME proc com.osfans.trime: no app thread
07-25 18:28:49.275  1366  9544 I chatty  : uid=1000(system) Binder:1366_1D identical 6 lines
07-25 18:28:49.275  1366  9544 W ActivityTaskManager: Unable to send config for IME proc com.osfans.trime: no app thread
07-25 18:28:49.275  1366  9544 W ActivityTaskManager: Current config: {1.0 ?mcc?mnc [en_US,zh_CN] ldltr sw384dp w384dp h816dp 450dpi nrml long hdr widecg port finger -keyb/v/h -nav/h winConfig={ mBounds=Rect(0, 0 - 1080, 2400) mAppBounds=Rect(0, 103 - 1080, 2400) mWindowingMode=fullscreen mDisplayWindowingMode=fullscreen mActivityType=undefined mAlwaysOnTop=undefined mRotation=ROTATION_0} s.28058} unchanged for IME proc com.osfans.trime
07-25 18:28:49.275  1366  9544 I chatty  : uid=1000(system) Binder:1366_1D identical 2 lines
07-25 18:28:49.275  1366  9544 W ActivityTaskManager: Current config: {1.0 ?mcc?mnc [en_US,zh_CN] ldltr sw384dp w384dp h816dp 450dpi nrml long hdr widecg port finger -keyb/v/h -nav/h winConfig={ mBounds=Rect(0, 0 - 1080, 2400) mAppBounds=Rect(0, 103 - 1080, 2400) mWindowingMode=fullscreen mDisplayWindowingMode=fullscreen mActivityType=undefined mAlwaysOnTop=undefined mRotation=ROTATION_0} s.28058} unchanged for IME proc com.osfans.trime
07-25 18:28:49.275  1366  9544 W ActivityTaskManager: Current config: {1.0 ?mcc?mnc [en_US,zh_CN] ldltr sw384dp w384dp h816dp 450dpi nrml long hdr widecg port finger -keyb/v/h -nav/h winConfig={ mBounds=Rect(0, 0 - 1080, 2400) mAppBounds=Rect(0, 103 - 1080, 2400) mWindowingMode=fullscreen mDisplayWindowingMode=fullscreen mActivityType=undefined mAlwaysOnTop=undefined mRotation=ROTATION_0} s.28058} unchanged for IME proc com.tumuyan.trime
07-25 18:28:49.275  1366  9544 I chatty  : uid=1000(system) Binder:1366_1D identical 1 line
07-25 18:28:49.275  1366  9544 W ActivityTaskManager: Current config: {1.0 ?mcc?mnc [en_US,zh_CN] ldltr sw384dp w384dp h816dp 450dpi nrml long hdr widecg port finger -keyb/v/h -nav/h winConfig={ mBounds=Rect(0, 0 - 1080, 2400) mAppBounds=Rect(0, 103 - 1080, 2400) mWindowingMode=fullscreen mDisplayWindowingMode=fullscreen mActivityType=undefined mAlwaysOnTop=undefined mRotation=ROTATION_0} s.28058} unchanged for IME proc com.tumuyan.trime
07-25 18:28:49.275  1366  9544 W ActivityTaskManager: Unable to send config for IME proc com.tumuyan.trime: no app thread
07-25 18:28:49.275  1366  9544 I chatty  : uid=1000(system) Binder:1366_1D identical 3 lines
07-25 18:28:49.275  1366  9544 W ActivityTaskManager: Unable to send config for IME proc com.tumuyan.trime: no app thread
07-25 18:28:49.276  1366  9544 W ActivityTaskManager: Unable to send config for IME proc com.android.inputmethod.latin: no app thread
07-25 18:28:49.276  1366  9544 W ActivityTaskManager: Current config: {1.0 ?mcc?mnc [en_US,zh_CN] ldltr sw384dp w384dp h816dp 450dpi nrml long hdr widecg port finger -keyb/v/h -nav/h winConfig={ mBounds=Rect(0, 0 - 1080, 2400) mAppBounds=Rect(0, 103 - 1080, 2400) mWindowingMode=fullscreen mDisplayWindowingMode=fullscreen mActivityType=undefined mAlwaysOnTop=undefined mRotation=ROTATION_0} s.28058} unchanged for IME proc com.osfans.trime
07-25 18:28:49.276  1366  9544 W ActivityTaskManager: Current config: {1.0 ?mcc?mnc [en_US,zh_CN] ldltr sw384dp w384dp h816dp 450dpi nrml long hdr widecg port finger -keyb/v/h -nav/h winConfig={ mBounds=Rect(0, 0 - 1080, 2400) mAppBounds=Rect(0, 103 - 1080, 2400) mWindowingMode=fullscreen mDisplayWindowingMode=fullscreen mActivityType=undefined mAlwaysOnTop=undefined mRotation=ROTATION_0} s.28058} unchanged for IME proc com.android.inputmethod.latin
07-25 18:28:49.276  1366  9544 W ActivityTaskManager: Current config: {1.0 ?mcc?mnc [en_US,zh_CN] ldltr sw384dp w384dp h816dp 450dpi nrml long hdr widecg port finger -keyb/v/h -nav/h winConfig={ mBounds=Rect(0, 0 - 1080, 2400) mAppBounds=Rect(0, 103 - 1080, 2400) mWindowingMode=fullscreen mDisplayWindowingMode=fullscreen mActivityType=undefined mAlwaysOnTop=undefined mRotation=ROTATION_0} s.28058} unchanged for IME proc org.mozc.android.inputmethod.japanese
07-25 18:28:49.276  1366  9544 W ActivityTaskManager: Current config: {1.0 ?mcc?mnc [en_US,zh_CN] ldltr sw384dp w384dp h816dp 450dpi nrml long hdr widecg port finger -keyb/v/h -nav/h winConfig={ mBounds=Rect(0, 0 - 1080, 2400) mAppBounds=Rect(0, 103 - 1080, 2400) mWindowingMode=fullscreen mDisplayWindowingMode=fullscreen mActivityType=undefined mAlwaysOnTop=undefined mRotation=ROTATION_0} s.28058} unchanged for IME proc com.android.inputmethod.latin
07-25 18:28:49.276  1366  9544 W ActivityTaskManager: Current config: {1.0 ?mcc?mnc [en_US,zh_CN] ldltr sw384dp w384dp h816dp 450dpi nrml long hdr widecg port finger -keyb/v/h -nav/h winConfig={ mBounds=Rect(0, 0 - 1080, 2400) mAppBounds=Rect(0, 103 - 1080, 2400) mWindowingMode=fullscreen mDisplayWindowingMode=fullscreen mActivityType=undefined mAlwaysOnTop=undefined mRotation=ROTATION_0} s.28058} unchanged for IME proc com.osfans.trime
07-25 18:28:49.276  1366  9544 W ActivityTaskManager: Current config: {1.0 ?mcc?mnc [en_US,zh_CN] ldltr sw384dp w384dp h816dp 450dpi nrml long hdr widecg port finger -keyb/v/h -nav/h winConfig={ mBounds=Rect(0, 0 - 1080, 2400) mAppBounds=Rect(0, 103 - 1080, 2400) mWindowingMode=fullscreen mDisplayWindowingMode=fullscreen mActivityType=undefined mAlwaysOnTop=undefined mRotation=ROTATION_0} s.28058} unchanged for IME proc org.mozc.android.inputmethod.japanese
07-25 18:28:49.276  1366  9544 W ActivityTaskManager: Current config: {1.0 ?mcc?mnc [en_US,zh_CN] ldltr sw384dp w384dp h816dp 450dpi nrml long hdr widecg port finger -keyb/v/h -nav/h winConfig={ mBounds=Rect(0, 0 - 1080, 2400) mAppBounds=Rect(0, 103 - 1080, 2400) mWindowingMode=fullscreen mDisplayWindowingMode=fullscreen mActivityType=undefined mAlwaysOnTop=undefined mRotation=ROTATION_0} s.28058} unchanged for IME proc com.android.inputmethod.latin
07-25 18:28:49.276  1366  9544 W ActivityTaskManager: Current config: {1.0 ?mcc?mnc [en_US,zh_CN] ldltr sw384dp w384dp h816dp 450dpi nrml long hdr widecg port finger -keyb/v/h -nav/h winConfig={ mBounds=Rect(0, 0 - 1080, 2400) mAppBounds=Rect(0, 103 - 1080, 2400) mWindowingMode=fullscreen mDisplayWindowingMode=fullscreen mActivityType=undefined mAlwaysOnTop=undefined mRotation=ROTATION_0} s.28058} unchanged for IME proc org.mozc.android.inputmethod.japanese
07-25 18:28:49.276  1366  9544 W ActivityTaskManager: Current config: {1.0 ?mcc?mnc [en_US,zh_CN] ldltr sw384dp w384dp h816dp 450dpi nrml long hdr widecg port finger -keyb/v/h -nav/h winConfig={ mBounds=Rect(0, 0 - 1080, 2400) mAppBounds=Rect(0, 103 - 1080, 2400) mWindowingMode=fullscreen mDisplayWindowingMode=fullscreen mActivityType=undefined mAlwaysOnTop=undefined mRotation=ROTATION_0} s.28058} unchanged for IME proc com.android.inputmethod.latin
07-25 18:28:49.277  1366  9544 W ActivityTaskManager: Current config: {1.0 ?mcc?mnc [en_US,zh_CN] ldltr sw384dp w384dp h816dp 450dpi nrml long hdr widecg port finger -keyb/v/h -nav/h winConfig={ mBounds=Rect(0, 0 - 1080, 2400) mAppBounds=Rect(0, 103 - 1080, 2400) mWindowingMode=fullscreen mDisplayWindowingMode=fullscreen mActivityType=undefined mAlwaysOnTop=undefined mRotation=ROTATION_0} s.28058} unchanged for IME proc org.mozc.android.inputmethod.japanese
07-25 18:28:49.277  1366  9544 W ActivityTaskManager: Current config: {1.0 ?mcc?mnc [en_US,zh_CN] ldltr sw384dp w384dp h816dp 450dpi nrml long hdr widecg port finger -keyb/v/h -nav/h winConfig={ mBounds=Rect(0, 0 - 1080, 2400) mAppBounds=Rect(0, 103 - 1080, 2400) mWindowingMode=fullscreen mDisplayWindowingMode=fullscreen mActivityType=undefined mAlwaysOnTop=undefined mRotation=ROTATION_0} s.28058} unchanged for IME proc com.osfans.trime
07-25 18:28:49.277  1366  9544 I chatty  : uid=1000(system) Binder:1366_1D identical 9 lines
07-25 18:28:49.277  1366  9544 W ActivityTaskManager: Current config: {1.0 ?mcc?mnc [en_US,zh_CN] ldltr sw384dp w384dp h816dp 450dpi nrml long hdr widecg port finger -keyb/v/h -nav/h winConfig={ mBounds=Rect(0, 0 - 1080, 2400) mAppBounds=Rect(0, 103 - 1080, 2400) mWindowingMode=fullscreen mDisplayWindowingMode=fullscreen mActivityType=undefined mAlwaysOnTop=undefined mRotation=ROTATION_0} s.28058} unchanged for IME proc com.osfans.trime
07-25 18:28:49.277  1366  9544 W ActivityTaskManager: Current config: {1.0 ?mcc?mnc [en_US,zh_CN] ldltr sw384dp w384dp h816dp 450dpi nrml long hdr widecg port finger -keyb/v/h -nav/h winConfig={ mBounds=Rect(0, 0 - 1080, 2400) mAppBounds=Rect(0, 103 - 1080, 2400) mWindowingMode=fullscreen mDisplayWindowingMode=fullscreen mActivityType=undefined mAlwaysOnTop=undefined mRotation=ROTATION_0} s.28058} unchanged for IME proc org.mozc.android.inputmethod.japanese
07-25 18:28:49.277  1366  9544 W ActivityTaskManager: Unable to send config for IME proc com.osfans.trime: no app thread
07-25 18:28:49.278  1366  9544 W ActivityTaskManager: Current config: {1.0 ?mcc?mnc [en_US,zh_CN] ldltr sw384dp w384dp h816dp 450dpi nrml long hdr widecg port finger -keyb/v/h -nav/h winConfig={ mBounds=Rect(0, 0 - 1080, 2400) mAppBounds=Rect(0, 103 - 1080, 2400) mWindowingMode=fullscreen mDisplayWindowingMode=fullscreen mActivityType=undefined mAlwaysOnTop=undefined mRotation=ROTATION_0} s.28058} unchanged for IME proc com.osfans.trime
07-25 18:28:49.278  1366  9544 I chatty  : uid=1000(system) Binder:1366_1D identical 6 lines
07-25 18:28:49.278  1366  9544 W ActivityTaskManager: Current config: {1.0 ?mcc?mnc [en_US,zh_CN] ldltr sw384dp w384dp h816dp 450dpi nrml long hdr widecg port finger -keyb/v/h -nav/h winConfig={ mBounds=Rect(0, 0 - 1080, 2400) mAppBounds=Rect(0, 103 - 1080, 2400) mWindowingMode=fullscreen mDisplayWindowingMode=fullscreen mActivityType=undefined mAlwaysOnTop=undefined mRotation=ROTATION_0} s.28058} unchanged for IME proc com.osfans.trime
07-25 18:28:49.278  1366  9544 W ActivityTaskManager: Unable to send config for IME proc com.osfans.trime: no app thread
07-25 18:28:49.278  1366  9544 I chatty  : uid=1000(system) Binder:1366_1D identical 1 line
07-25 18:28:49.278  1366  9544 W ActivityTaskManager: Unable to send config for IME proc com.osfans.trime: no app thread
07-25 18:28:49.278  1366  9544 W ActivityTaskManager: Current config: {1.0 ?mcc?mnc [en_US,zh_CN] ldltr sw384dp w384dp h816dp 450dpi nrml long hdr widecg port finger -keyb/v/h -nav/h winConfig={ mBounds=Rect(0, 0 - 1080, 2400) mAppBounds=Rect(0, 103 - 1080, 2400) mWindowingMode=fullscreen mDisplayWindowingMode=fullscreen mActivityType=undefined mAlwaysOnTop=undefined mRotation=ROTATION_0} s.28058} unchanged for IME proc com.osfans.trime
07-25 18:28:49.279  1366  9544 I chatty  : uid=1000(system) Binder:1366_1D identical 8 lines
07-25 18:28:49.279  1366  9544 W ActivityTaskManager: Current config: {1.0 ?mcc?mnc [en_US,zh_CN] ldltr sw384dp w384dp h816dp 450dpi nrml long hdr widecg port finger -keyb/v/h -nav/h winConfig={ mBounds=Rect(0, 0 - 1080, 2400) mAppBounds=Rect(0, 103 - 1080, 2400) mWindowingMode=fullscreen mDisplayWindowingMode=fullscreen mActivityType=undefined mAlwaysOnTop=undefined mRotation=ROTATION_0} s.28058} unchanged for IME proc com.osfans.trime
07-25 18:28:49.279  1366  9544 W ActivityTaskManager: Unable to send config for IME proc com.osfans.trime: no app thread
07-25 18:28:49.279  1366  9544 I chatty  : uid=1000(system) Binder:1366_1D identical 6 lines
07-25 18:28:49.279  1366  9544 W ActivityTaskManager: Unable to send config for IME proc com.osfans.trime: no app thread
07-25 18:28:49.280  1366  9544 W ActivityTaskManager: Current config: {1.0 ?mcc?mnc [en_US,zh_CN] ldltr sw384dp w384dp h816dp 450dpi nrml long hdr widecg port finger -keyb/v/h -nav/h winConfig={ mBounds=Rect(0, 0 - 1080, 2400) mAppBounds=Rect(0, 103 - 1080, 2400) mWindowingMode=fullscreen mDisplayWindowingMode=fullscreen mActivityType=undefined mAlwaysOnTop=undefined mRotation=ROTATION_0} s.28058} unchanged for IME proc com.osfans.trime
07-25 18:28:49.280  1366  9544 I chatty  : uid=1000(system) Binder:1366_1D identical 2 lines
07-25 18:28:49.280  1366  9544 W ActivityTaskManager: Current config: {1.0 ?mcc?mnc [en_US,zh_CN] ldltr sw384dp w384dp h816dp 450dpi nrml long hdr widecg port finger -keyb/v/h -nav/h winConfig={ mBounds=Rect(0, 0 - 1080, 2400) mAppBounds=Rect(0, 103 - 1080, 2400) mWindowingMode=fullscreen mDisplayWindowingMode=fullscreen mActivityType=undefined mAlwaysOnTop=undefined mRotation=ROTATION_0} s.28058} unchanged for IME proc com.osfans.trime
07-25 18:28:49.280  1366  9544 W ActivityTaskManager: Current config: {1.0 ?mcc?mnc [en_US,zh_CN] ldltr sw384dp w384dp h816dp 450dpi nrml long hdr widecg port finger -keyb/v/h -nav/h winConfig={ mBounds=Rect(0, 0 - 1080, 2400) mAppBounds=Rect(0, 103 - 1080, 2400) mWindowingMode=fullscreen mDisplayWindowingMode=fullscreen mActivityType=undefined mAlwaysOnTop=undefined mRotation=ROTATION_0} s.28058} unchanged for IME proc com.tumuyan.trime
07-25 18:28:49.280  1366  9544 I chatty  : uid=1000(system) Binder:1366_1D identical 1 line
07-25 18:28:49.280  1366  9544 W ActivityTaskManager: Current config: {1.0 ?mcc?mnc [en_US,zh_CN] ldltr sw384dp w384dp h816dp 450dpi nrml long hdr widecg port finger -keyb/v/h -nav/h winConfig={ mBounds=Rect(0, 0 - 1080, 2400) mAppBounds=Rect(0, 103 - 1080, 2400) mWindowingMode=fullscreen mDisplayWindowingMode=fullscreen mActivityType=undefined mAlwaysOnTop=undefined mRotation=ROTATION_0} s.28058} unchanged for IME proc com.tumuyan.trime
07-25 18:28:49.280  1366  9544 W ActivityTaskManager: Unable to send config for IME proc com.tumuyan.trime: no app thread
07-25 18:28:49.280  1366  9544 I chatty  : uid=1000(system) Binder:1366_1D identical 3 lines
07-25 18:28:49.280  1366  9544 W ActivityTaskManager: Unable to send config for IME proc com.tumuyan.trime: no app thread
07-25 18:28:49.280  1366  9544 W ActivityTaskManager: Unable to send config for IME proc com.android.inputmethod.latin: no app thread
07-25 18:28:49.312  1366  9544 V WindowManager: Orientation start waiting for draw, mDrawState=DRAW_PENDING in Window{e779da4 u0 ScreenDecorOverlayBottom}, surfaceController Surface(name=ScreenDecorOverlayBottom)/@0x6ad7720
07-25 18:28:49.312  1366  9544 V WindowManager: Orientation start waiting for draw, mDrawState=DRAW_PENDING in Window{ca5390c u0 ScreenDecorOverlay}, surfaceController Surface(name=ScreenDecorOverlay)/@0xceb329e
07-25 18:28:49.312  1366  9544 V WindowManager: Orientation start waiting for draw, mDrawState=DRAW_PENDING in Window{396c7a8 u0 NavigationBar0}, surfaceController Surface(name=NavigationBar0)/@0x3d3daaa
07-25 18:28:49.312  1366  9544 V WindowManager: Orientation start waiting for draw, mDrawState=DRAW_PENDING in Window{eae0f87 u0 StatusBar}, surfaceController Surface(name=StatusBar)/@0xf8f8177
07-25 18:28:49.312  1366  9544 V WindowManager: Orientation start waiting for draw, mDrawState=DRAW_PENDING in Window{548c77e u0 com.android.settings/com.android.settings.SubSettings}, surfaceController Surface(name=com.android.settings/com.android.settings.SubSettings)/@0xa9adebf
07-25 18:28:49.326  1366  8325 V WindowManager: Orientation start waiting for draw, mDrawState=DRAW_PENDING in Window{548c77e u0 com.android.settings/com.android.settings.SubSettings}, surfaceController Surface(name=com.android.settings/com.android.settings.SubSettings)/@0xa9adebf
07-25 18:28:49.331  1366  3441 V WindowManager: Orientation start waiting for draw, mDrawState=DRAW_PENDING in Window{548c77e u0 com.android.settings/com.android.settings.SubSettings}, surfaceController Surface(name=com.android.settings/com.android.settings.SubSettings)/@0xa9adebf
07-25 18:28:49.334  1366  1421 W UsageStatsService: Unexpected activity event reported! (com.android.launcher3/com.android.launcher3.uioverrides.QuickstepLauncher event : 2 instanceId : 196823522)
07-25 18:28:49.343  1366  9544 V WindowManager: Orientation start waiting for draw, mDrawState=DRAW_PENDING in Window{548c77e u0 com.android.settings/com.android.settings.SubSettings}, surfaceController Surface(name=com.android.settings/com.android.settings.SubSettings)/@0xa9adebf
07-25 18:28:49.370  1366  4274 E UserRestrictionsUtils: Unknown restriction queried by uid 1000 (com.android.wallpaperbackup et al): null
07-25 18:28:49.373  1366  2179 E UserRestrictionsUtils: Unknown restriction queried by uid 1000 (com.android.wallpaperbackup et al): null
07-25 18:28:49.373  1366  9544 E UserRestrictionsUtils: Unknown restriction queried by uid 1000 (com.android.wallpaperbackup et al): null
07-25 18:28:49.382  1366  2198 W DreamManagerService: Dream ComponentInfo{com.google.android.deskclock/com.android.deskclock.Screensaver} does not exist
07-25 18:28:49.382  1366  2198 W DreamManagerService: Falling back to default dream ComponentInfo{com.google.android.deskclock/com.android.deskclock.Screensaver}
07-25 18:28:49.403  1366  4274 W ActivityManager: Receiver with filter android.content.IntentFilter@eea89f already registered for pid 28109, callerPackage is com.android.settings
07-25 18:28:49.404  1366  2179 W ActivityManager: Unable to start service Intent { act=com.android.launcher3.WINDOW_OVERLAY dat=app://com.android.launcher3:10152?v=9&cv=14 pkg=com.google.android.googlequicksearchbox } U=0: not found
07-25 18:28:49.406  1366  3441 W ActivityManager: Unable to start service Intent { act=com.android.launcher3.WINDOW_OVERLAY dat=app://com.android.launcher3:10152?v=9&cv=14 pkg=com.google.android.googlequicksearchbox } U=0: not found
07-25 18:28:49.414  1366  4274 V ActivityTaskManager: Sending to IME proc org.mozc.android.inputmethod.japanese new config {1.0 ?mcc?mnc [en_US,zh_CN] ldltr sw384dp w384dp h816dp 450dpi nrml long hdr widecg port finger -keyb/v/h -nav/h winConfig={ mBounds=Rect(0, 0 - 1080, 2400) mAppBounds=Rect(0, 103 - 1080, 2400) mWindowingMode=fullscreen mDisplayWindowingMode=fullscreen mActivityType=undefined mAlwaysOnTop=undefined mRotation=ROTATION_0} s.28058}
07-25 18:28:49.426  1366  2198 W DreamManagerService: Dream ComponentInfo{com.google.android.deskclock/com.android.deskclock.Screensaver} does not exist
07-25 18:28:49.427  1366  2198 W DreamManagerService: Falling back to default dream ComponentInfo{com.google.android.deskclock/com.android.deskclock.Screensaver}
07-25 18:28:49.434  1366  1855 D ConnectivityService: NetReassign [no changes]
07-25 18:28:49.569  1366  1413 I WindowManager: Screen frozen for +274ms due to Window{eae0f87 u0 StatusBar}
07-25 18:28:50.209  1366  1409 D AutofillManagerService: Close system dialogs
07-25 18:28:54.316  1366  1410 D AutofillManagerService: onBackKeyPressed()
07-25 18:28:54.370  1366  8265 W DreamManagerService: Dream ComponentInfo{com.google.android.deskclock/com.android.deskclock.Screensaver} does not exist
07-25 18:28:54.370  1366  8265 W DreamManagerService: Falling back to default dream ComponentInfo{com.google.android.deskclock/com.android.deskclock.Screensaver}
07-25 18:28:55.095  1366  1409 D AutofillManagerService: Close system dialogs
07-25 18:28:55.531  1366  2179 W ActivityManager: Unable to start service Intent { act=com.android.launcher3.WINDOW_OVERLAY dat=app://com.android.launcher3:10152?v=9&cv=14 pkg=com.google.android.googlequicksearchbox } U=0: not found
