07-25 05:56:24.629  1366  1394 I chatty  : uid=1000(system) Binder:1366_1 expire 4 lines
07-25 05:57:28.295  9695 19448 E ActivityThread: Failed to find provider info for com.android.badge
07-25 05:58:27.832  1366  1455 I chatty  : uid=1000(system) PowerManagerSer expire 23 lines
07-25 05:58:35.596  1366  1409 I chatty  : uid=1000(system) android.fg expire 7 lines
07-25 05:58:35.632  1366  1395 I chatty  : uid=1000(system) Binder:1366_2 expire 4 lines
07-25 05:58:35.635  1366  6731 I chatty  : uid=1000(system) Binder:1366_15 expire 1 line
07-25 06:01:36.718  1366  1421 I chatty  : uid=1000(system) android.bg expire 3 lines
07-25 06:01:37.202  1366  3453 I chatty  : uid=1000(system) Binder:1366_13 expire 4 lines
07-25 06:07:27.666  1366  1435 I chatty  : uid=1000(system) batterystats-wo expire 1 line
07-25 06:07:42.576  1366  1810 I chatty  : uid=1000(system) InputReader expire 2 lines
07-25 06:07:42.873  1366  2692 I chatty  : uid=1000(system) Binder:1366_C expire 3 lines
07-25 06:07:44.004  1366  7910 I chatty  : uid=1000(system) Binder:1366_18 expire 1 line
07-25 06:13:06.395  1366  9970 I chatty  : uid=1000(system) Binder:1366_1E expire 3 lines
07-25 06:21:06.513  1366  1394 I chatty  : uid=1000(system) Binder:1366_1 expire 3 lines
07-25 06:23:12.730  1366  1435 I chatty  : uid=1000(system) batterystats-wo expire 3 lines
07-25 06:26:12.292  1366  1810 I chatty  : uid=1000(system) InputReader expire 4 lines
07-25 06:26:12.308  1366  1455 I chatty  : uid=1000(system) PowerManagerSer expire 21 lines
07-25 06:26:12.361  1366  1412 I chatty  : uid=1000(system) android.display expire 15 lines
07-25 06:26:12.385  1366  1366 I chatty  : uid=1000(system) Binder:1366_3 expire 18 lines
07-25 06:26:12.493  1366  1409 I chatty  : uid=1000(system) android.fg expire 8 lines
07-25 06:26:12.528  1366  2179 I chatty  : uid=1000(system) Binder:1366_6 expire 1 line
07-25 06:26:15.289  1366  1395 I chatty  : uid=1000(system) Binder:1366_2 expire 5 lines
07-25 06:26:54.827  1366  1410 I chatty  : uid=1000(system) android.ui expire 4 lines
07-25 06:27:27.862  1366  1813 I chatty  : uid=1000(system) AppIntegrityMan expire 1 line
07-25 06:27:27.863  1366  1467 I chatty  : uid=1000(system) PackageManager expire 32 lines
07-25 06:27:27.959  1366  1422 I chatty  : uid=1000(system) ActivityManager expire 14 lines
07-25 06:27:28.029  1366  8206 I chatty  : uid=1000(system) Binder:1366_19 expire 1 line
07-25 06:27:28.087  1366  4274 I chatty  : uid=1000(system) Binder:1366_14 expire 1 line
07-25 06:27:28.123  1366  1423 I chatty  : uid=1000(system) ActivityManager expire 13 lines
07-25 06:27:28.215  1366  1421 I chatty  : uid=1000(system) android.bg expire 2 lines
07-25 06:28:31.191  1366 13907 I chatty  : uid=1000(system) Binder:1366_1F expire 2 lines
07-25 06:28:31.191  1366  2692 I chatty  : uid=1000(system) Binder:1366_C expire 1 line
07-25 06:28:31.192  1366  2198 I chatty  : uid=1000(system) Binder:1366_8 expire 9 lines
07-25 06:28:31.195  1366  1855 I chatty  : uid=1000(system) ConnectivitySer expire 2 lines
07-25 06:28:31.200  1366  3452 I chatty  : uid=1000(system) Binder:1366_12 expire 4 lines
07-25 06:28:31.212  1366  3453 I chatty  : uid=1000(system) Binder:1366_13 expire 5 lines
07-25 06:29:29.543 24958 25280 E ActivityThread: Failed to find provider info for com.android.badge
07-25 06:29:29.917  1366  1423 I chatty  : uid=1000(system) ActivityManager expire 8 lines
07-25 06:29:31.091 24958 25280 E ActivityThread: Failed to find provider info for com.android.badge
07-25 06:29:32.309 24958 25280 E ActivityThread: Failed to find provider info for com.android.badge
07-25 06:29:39.379  1366  1366 I chatty  : uid=1000(system) Binder:1366_3 expire 26 lines
07-25 06:30:17.346  1366  1679 I chatty  : uid=1000(system) AlarmManager expire 1 line
07-25 06:30:17.351  1366  1422 I chatty  : uid=1000(system) ActivityManager expire 4 lines
07-25 06:33:10.347  1366  3045 I chatty  : uid=1000(system) Binder:1366_E expire 5 lines
07-25 06:35:17.273  1366  3450 I chatty  : uid=1000(system) Binder:1366_11 expire 7 lines
07-25 06:35:41.171  1366  7910 I chatty  : uid=1000(system) Binder:1366_18 expire 1 line
07-25 06:48:57.682  1366  1865 I chatty  : uid=1000(system) Binder:1366_4 expire 2 lines
07-25 06:49:00.091  1366  8265 I chatty  : uid=1000(system) Binder:1366_1A expire 4 lines
07-25 06:50:13.875  1366  1366 I chatty  : uid=1000(system) Binder:1366_3 expire 19 lines
07-25 06:51:33.667  1366  1865 I chatty  : uid=1000(system) Binder:1366_4 expire 2 lines
07-25 06:51:35.162  1366  1412 I chatty  : uid=1000(system) android.display expire 14 lines
07-25 06:51:39.205  1366  1410 I chatty  : uid=1000(system) android.ui expire 10 lines
07-25 06:52:42.348  1366  3045 I chatty  : uid=1000(system) Binder:1366_E expire 1 line
07-25 06:52:55.727  1366  1409 I chatty  : uid=1000(system) android.fg expire 16 lines
07-25 06:52:58.396  1366  2197 I chatty  : uid=1000(system) Binder:1366_7 expire 11 lines
07-25 06:52:59.311  1366  2271 I chatty  : uid=1000(system) Binder:1366_9 expire 3 lines
07-25 06:52:59.314  1366 16482 I chatty  : uid=1000(system) Binder:1366_21 expire 8 lines
07-25 06:52:59.896  1366  1423 I chatty  : uid=1000(system) ActivityManager expire 12 lines
07-25 06:53:39.998  1366  1422 I chatty  : uid=1000(system) ActivityManager expire 4 lines
07-25 06:53:40.180  1366  8206 I chatty  : uid=1000(system) Binder:1366_19 expire 5 lines
07-25 06:53:40.610  1366  4274 I chatty  : uid=1000(system) Binder:1366_14 expire 5 lines
07-25 06:53:50.444 28305 28582 E ActivityThread: Failed to find provider info for com.android.badge
07-25 06:53:53.199 28305 28582 E ActivityThread: Failed to find provider info for com.android.badge
07-25 06:56:47.794  1366  3046 I chatty  : uid=1000(system) Binder:1366_F expire 4 lines
07-25 06:57:16.200  1366  2179 I chatty  : uid=1000(system) Binder:1366_6 expire 8 lines
07-25 06:57:52.833  1366  1394 I chatty  : uid=1000(system) Binder:1366_1 expire 1 line
07-25 07:00:54.251  1366  1411 I chatty  : uid=1000(system) android.io expire 3 lines
07-25 07:01:10.158  1366  1435 I chatty  : uid=1000(system) batterystats-wo expire 5 lines
07-25 07:03:25.870  1366  1421 I chatty  : uid=1000(system) android.bg expire 2 lines
07-25 07:03:50.382  1366  2198 I chatty  : uid=1000(system) Binder:1366_8 expire 1 line
07-25 07:03:56.629  1366 13907 I chatty  : uid=1000(system) Binder:1366_1F expire 13 lines
07-25 07:03:59.638  1366  2688 I chatty  : uid=1000(system) Binder:1366_B expire 3 lines
07-25 07:08:40.515  1366  6731 I chatty  : uid=1000(system) Binder:1366_15 expire 5 lines
07-25 07:08:47.390 30886 31170 E ActivityThread: Failed to find provider info for com.android.badge
07-25 07:08:47.718  1366  1423 I chatty  : uid=1000(system) ActivityManager expire 2 lines
07-25 07:08:49.252 30886 31170 E ActivityThread: Failed to find provider info for com.android.badge
07-25 07:08:49.930 30886 31170 E ActivityThread: Failed to find provider info for com.android.badge
07-25 07:09:02.750  1366  1679 I chatty  : uid=1000(system) AlarmManager expire 1 line
07-25 07:09:39.445  1366  1366 I chatty  : uid=1000(system) Binder:1366_3 expire 20 lines
07-25 07:12:53.096  1366  1455 I chatty  : uid=1000(system) PowerManagerSer expire 14 lines
07-25 07:13:00.658  1366  1412 I chatty  : uid=1000(system) android.display expire 5 lines
07-25 07:23:50.549  1366  9970 I chatty  : uid=1000(system) Binder:1366_1E expire 2 lines
07-25 07:26:00.382  1366  1810 I chatty  : uid=1000(system) InputReader expire 2 lines
07-25 07:26:00.503  1366  1855 I chatty  : uid=1000(system) ConnectivitySer expire 1 line
07-25 07:26:00.607  1366  1395 I chatty  : uid=1000(system) Binder:1366_2 expire 1 line
07-25 07:26:02.082  1366  6952 I chatty  : uid=1000(system) Binder:1366_16 expire 3 lines
07-25 07:26:07.070  1366  1879 I chatty  : uid=1000(system) HwBinder:1366_2 expire 2 lines
07-25 07:26:07.228  1366  1880 I chatty  : uid=1000(system) HwBinder:1366_3 expire 1 line
07-25 07:26:07.320 10442 12606 I PowerUI.Notification: dismissing low battery notification
07-25 07:26:07.474  1366  1366 I chatty  : uid=1000(system) Binder:1366_3 expire 13 lines
07-25 07:26:47.299  1366  1410 I chatty  : uid=1000(system) android.ui expire 2 lines
07-25 07:26:50.205  1366  2197 I chatty  : uid=1000(system) Binder:1366_7 expire 5 lines
07-25 07:26:51.222  1366  1366 I chatty  : uid=1000(system) Binder:1366_3 expire 118 lines
07-25 07:27:44.570  1366  6952 I chatty  : uid=1000(system) Binder:1366_16 expire 8 lines
07-25 07:27:45.514  1366  1410 I chatty  : uid=1000(system) android.ui expire 10 lines
07-25 07:27:46.073  1366  1412 I chatty  : uid=1000(system) android.display expire 11 lines
07-25 07:28:19.417  1366  1985 I chatty  : uid=1000(system) Binder:1366_5 expire 1 line
07-25 07:29:10.860  1366  4274 I chatty  : uid=1000(system) Binder:1366_14 expire 11 lines
07-25 07:29:21.688  1366  2179 I chatty  : uid=1000(system) Binder:1366_6 expire 9 lines
07-25 07:29:28.435  1366  1865 I chatty  : uid=1000(system) Binder:1366_4 expire 10 lines
07-25 07:29:28.989  1366 16482 I chatty  : uid=1000(system) Binder:1366_21 expire 6 lines
07-25 07:29:29.004  1366  1395 I chatty  : uid=1000(system) Binder:1366_2 expire 7 lines
07-25 07:30:08.552  1366  1421 I chatty  : uid=1000(system) android.bg expire 2 lines
07-25 07:31:30.190  1366  8265 I chatty  : uid=1000(system) Binder:1366_1A expire 5 lines
07-25 07:36:29.768  1366  1409 I chatty  : uid=1000(system) android.fg expire 4 lines
07-25 07:36:32.482  1366  1423 I chatty  : uid=1000(system) ActivityManager expire 9 lines
07-25 07:36:32.716  1366  1435 I chatty  : uid=1000(system) batterystats-wo expire 4 lines
07-25 07:36:33.888  1366  1855 I chatty  : uid=1000(system) ConnectivitySer expire 4 lines
07-25 07:36:41.898  1366  1422 I chatty  : uid=1000(system) ActivityManager expire 1 line
07-25 07:36:45.282 30886 31170 E ActivityThread: Failed to find provider info for com.android.badge
07-25 07:36:47.107  1366  1366 I chatty  : uid=1000(system) Binder:1366_3 expire 2 lines
07-25 07:36:47.510  1366  1865 I chatty  : uid=1000(system) Binder:1366_4 expire 1 line
07-25 07:36:51.576  1366  2692 I chatty  : uid=1000(system) Binder:1366_C expire 4 lines
07-25 07:36:54.096  1366  6952 I chatty  : uid=1000(system) Binder:1366_16 expire 4 lines
07-25 07:36:54.187  1366  1865 I chatty  : uid=1000(system) Binder:1366_4 expire 1 line
07-25 07:36:54.188  4153  4153 D ActivityThread: Loading provider contacts;com.android.contacts: com.android.providers.contacts.ContactsProvider2
07-25 07:36:54.746  1366  1409 I chatty  : uid=1000(system) android.fg expire 2 lines
07-25 07:36:55.470  1366  1435 I chatty  : uid=1000(system) batterystats-wo expire 3 lines
07-25 07:36:56.746  1366 16482 I chatty  : uid=1000(system) Binder:1366_21 expire 4 lines
07-25 07:37:00.172  1366  1366 I chatty  : uid=1000(system) Binder:1366_3 expire 181 lines
07-25 07:37:55.385  1366  1422 I chatty  : uid=1000(system) ActivityManager expire 3 lines
07-25 07:37:59.403  1366 13907 I chatty  : uid=1000(system) Binder:1366_1F expire 4 lines
07-25 07:38:37.941  1366  1412 I chatty  : uid=1000(system) android.display expire 9 lines
07-25 07:38:43.685  1366  2198 I chatty  : uid=1000(system) Binder:1366_8 expire 4 lines
07-25 07:39:45.643  1366  4274 I chatty  : uid=1000(system) Binder:1366_14 expire 1 line
07-25 07:40:08.263  1366  2179 I chatty  : uid=1000(system) Binder:1366_6 expire 1 line
07-25 07:40:08.264  1366  3441 I chatty  : uid=1000(system) Binder:1366_10 expire 1 line
07-25 07:40:08.265  1366  1855 I chatty  : uid=1000(system) ConnectivitySer expire 1 line
07-25 07:41:11.513  1366  2517 I chatty  : uid=1000(system) Binder:1366_A expire 4 lines
07-25 07:41:35.361  1366  1423 I chatty  : uid=1000(system) ActivityManager expire 2 lines
07-25 07:42:34.565  1366  3412 I chatty  : uid=1000(system) backup-0 expire 5 lines
07-25 07:42:48.989  1366  1395 I chatty  : uid=1000(system) Binder:1366_2 expire 1 line
07-25 07:49:26.645  1366  1410 I chatty  : uid=1000(system) android.ui expire 2 lines
07-25 07:50:08.629  1366  1421 I chatty  : uid=1000(system) android.bg expire 2 lines
07-25 07:52:09.224  1366  1366 I chatty  : uid=1000(system) Binder:1366_3 expire 211 lines
07-25 07:54:27.973  1366  1455 I chatty  : uid=1000(system) PowerManagerSer expire 8 lines
07-25 07:57:19.707  1366  3452 I chatty  : uid=1000(system) Binder:1366_12 expire 4 lines
07-25 07:57:21.194  1366  1412 I chatty  : uid=1000(system) android.display expire 7 lines
07-25 07:58:24.838  1366  3450 I chatty  : uid=1000(system) Binder:1366_11 expire 2 lines
07-25 08:03:14.728  1366  1409 I chatty  : uid=1000(system) android.fg expire 1 line
07-25 08:05:12.793  1366 13907 I chatty  : uid=1000(system) Binder:1366_1F expire 1 line
07-25 08:07:52.836  1366  1435 I chatty  : uid=1000(system) batterystats-wo expire 1 line
07-25 08:08:35.188  1366  1451 I chatty  : uid=1000(system) CpuTracker expire 2 lines
07-25 08:10:49.212  1366  1366 I chatty  : uid=1000(system) Binder:1366_3 expire 99 lines
07-25 08:11:08.808  1366  1679 I chatty  : uid=1000(system) AlarmManager expire 1 line
07-25 08:11:08.810  1366  1422 I chatty  : uid=1000(system) ActivityManager expire 2 lines
07-25 08:11:08.815  1366  1423 I chatty  : uid=1000(system) ActivityManager expire 6 lines
07-25 08:12:00.961  1366  3452 I chatty  : uid=1000(system) Binder:1366_12 expire 3 lines
07-25 08:12:02.454  1366  1412 I chatty  : uid=1000(system) android.display expire 7 lines
07-25 08:12:12.636  1366  8206 I chatty  : uid=1000(system) Binder:1366_19 expire 2 lines
07-25 08:17:06.859  1366  1455 I chatty  : uid=1000(system) PowerManagerSer expire 12 lines
07-25 08:17:14.570  1366  1409 I chatty  : uid=1000(system) android.fg expire 3 lines
07-25 08:17:14.640  1366  1865 I chatty  : uid=1000(system) Binder:1366_4 expire 1 line
07-25 08:18:59.572  1366  1985 I chatty  : uid=1000(system) Binder:1366_5 expire 6 lines
07-25 08:18:59.573  1366  1855 I chatty  : uid=1000(system) ConnectivitySer expire 1 line
07-25 08:18:59.577  1366  3046 I chatty  : uid=1000(system) Binder:1366_F expire 1 line
07-25 08:19:02.317  1366  2688 I chatty  : uid=1000(system) Binder:1366_B expire 4 lines
07-25 08:19:03.332  9948 10261 E ActivityThread: Failed to find provider info for com.android.badge
07-25 08:19:03.451  1366 16482 I chatty  : uid=1000(system) Binder:1366_21 expire 2 lines
07-25 08:19:07.359  1366  1366 I chatty  : uid=1000(system) Binder:1366_3 expire 52 lines
07-25 08:23:32.506  1366  1880 I chatty  : uid=1000(system) HwBinder:1366_3 expire 1 line
07-25 08:23:32.671  1366  1421 I chatty  : uid=1000(system) android.bg expire 86 lines
07-25 08:23:32.797  1366  1435 I chatty  : uid=1000(system) batterystats-wo expire 7 lines
07-25 08:23:32.817  1366  1366 I chatty  : uid=1000(system) Binder:1366_3 expire 16 lines
07-25 08:23:32.821  1366  1455 I chatty  : uid=1000(system) PowerManagerSer expire 15 lines
07-25 08:23:32.822  1366  1409 I chatty  : uid=1000(system) android.fg expire 11 lines
07-25 08:23:32.858  1366  2688 I chatty  : uid=1000(system) Binder:1366_B expire 5 lines
07-25 08:23:43.263  1366  1412 I chatty  : uid=1000(system) android.display expire 19 lines
07-25 08:27:07.645  1366  2197 I chatty  : uid=1000(system) Binder:1366_7 expire 2 lines
07-25 08:32:11.383  1366  1985 I chatty  : uid=1000(system) Binder:1366_5 expire 5 lines
07-25 08:33:31.474  1366  1810 I chatty  : uid=1000(system) InputReader expire 4 lines
07-25 08:33:34.624  1366 16482 I chatty  : uid=1000(system) Binder:1366_21 expire 14 lines
07-25 08:33:34.662  1366  3046 I chatty  : uid=1000(system) Binder:1366_F expire 3 lines
07-25 08:33:37.460  1366  2517 I chatty  : uid=1000(system) Binder:1366_A expire 1 line
07-25 08:33:38.182  1366  9544 I chatty  : uid=1000(system) Binder:1366_1D expire 5 lines
07-25 08:33:38.212  1366  1423 I chatty  : uid=1000(system) ActivityManager expire 10 lines
07-25 08:33:49.194  1366  1410 I chatty  : uid=1000(system) android.ui expire 8 lines
07-25 08:33:58.985  1366  2198 I chatty  : uid=1000(system) Binder:1366_8 expire 5 lines
07-25 08:35:03.048  1366  3452 I chatty  : uid=1000(system) Binder:1366_12 expire 12 lines
07-25 08:35:47.516  1366  1422 I chatty  : uid=1000(system) ActivityManager expire 4 lines
07-25 08:35:57.358 12663 12967 E ActivityThread: Failed to find provider info for com.android.badge
07-25 08:36:02.918  1366  9970 I chatty  : uid=1000(system) Binder:1366_1E expire 8 lines
07-25 08:36:36.909  1366  8206 I chatty  : uid=1000(system) Binder:1366_19 expire 10 lines
07-25 08:39:09.891  1366  1366 I chatty  : uid=1000(system) Binder:1366_3 expire 6 lines
07-25 08:40:44.718  1366  1409 I chatty  : uid=1000(system) android.fg expire 5 lines
07-25 08:45:51.728  1366  2692 I chatty  : uid=1000(system) Binder:1366_C expire 2 lines
07-25 08:45:52.322 15228 15557 E ActivityThread: Failed to find provider info for com.android.badge
07-25 08:45:52.440  1366  3045 I chatty  : uid=1000(system) Binder:1366_E expire 4 lines
07-25 08:48:24.489  1366  1455 I chatty  : uid=1000(system) PowerManagerSer expire 7 lines
07-25 08:52:17.159  1366  1412 I chatty  : uid=1000(system) android.display expire 5 lines
07-25 08:54:18.378  1366  8265 I chatty  : uid=1000(system) Binder:1366_1A expire 3 lines
07-25 08:54:19.654  1366  1435 I chatty  : uid=1000(system) batterystats-wo expire 4 lines
07-25 08:54:19.664  1366  1455 I chatty  : uid=1000(system) PowerManagerSer expire 21 lines
07-25 08:54:19.671  1366  1412 I chatty  : uid=1000(system) android.display expire 10 lines
07-25 08:54:19.872  1366  1409 I chatty  : uid=1000(system) android.fg expire 11 lines
07-25 08:54:19.957  1366  1366 I chatty  : uid=1000(system) Binder:1366_3 expire 13 lines
07-25 08:55:32.455  1366  1421 I chatty  : uid=1000(system) android.bg expire 2 lines
07-25 09:00:47.836  1366  1422 I chatty  : uid=1000(system) ActivityManager expire 9 lines
07-25 09:00:47.984  1366 13907 I chatty  : uid=1000(system) Binder:1366_1F expire 1 line
07-25 09:00:47.988  1366 16311 I chatty  : uid=1000(system) Binder:1366_20 expire 5 lines
07-25 09:00:47.991  1366  9544 I chatty  : uid=1000(system) Binder:1366_1D expire 4 lines
07-25 09:00:47.998  1366  3453 I chatty  : uid=1000(system) Binder:1366_13 expire 10 lines
07-25 09:01:07.665  1366  1810 I chatty  : uid=1000(system) InputReader expire 4 lines
07-25 09:01:10.822  1366  7910 I chatty  : uid=1000(system) Binder:1366_18 expire 6 lines
07-25 09:01:10.912  1366  3046 I chatty  : uid=1000(system) Binder:1366_F expire 2 lines
07-25 09:01:14.146  1366  3450 I chatty  : uid=1000(system) Binder:1366_11 expire 3 lines
07-25 09:01:14.168  1366  1423 I chatty  : uid=1000(system) ActivityManager expire 10 lines
07-25 09:01:14.326  1366  1855 I chatty  : uid=1000(system) ConnectivitySer expire 13 lines
07-25 09:01:14.624 15438 17563 W ActivityThread: ClassLoader.getResources: The class loader returned by Thread.getContextClassLoader() may fail for processes that host multiple applications. You should explicitly specify a context class loader. For example: Thread.setContextClassLoader(getClass().getClassLoader());
07-25 09:01:18.781  1366  1366 I chatty  : uid=1000(system) Binder:1366_3 expire 15 lines
07-25 09:05:48.191  1366  2692 I chatty  : uid=1000(system) Binder:1366_C expire 9 lines
07-25 09:05:50.957  1366  6952 I chatty  : uid=1000(system) Binder:1366_16 expire 12 lines
07-25 09:05:51.980 18212 18554 E ActivityThread: Failed to find provider info for com.android.badge
07-25 09:06:28.330  1366  1366 I chatty  : uid=1000(system) Binder:1366_3 expire 33 lines
07-25 09:09:14.181  1366  3441 I chatty  : uid=1000(system) Binder:1366_10 expire 1 line
07-25 09:09:15.429 10442 10442 W FingerprintManager: Invalid acquired message: 6, 5
07-25 09:09:15.722  1366  3453 I chatty  : uid=1000(system) Binder:1366_13 expire 7 lines
07-25 09:09:17.219  1366  9139 I chatty  : uid=1000(system) Binder:1366_1C expire 1 line
07-25 09:09:34.042  1366  1679 I chatty  : uid=1000(system) AlarmManager expire 1 line
07-25 09:09:34.055  1366  1423 I chatty  : uid=1000(system) ActivityManager expire 8 lines
07-25 09:10:10.037  1366  1409 I chatty  : uid=1000(system) android.fg expire 2 lines
07-25 09:10:10.551  1366  1412 I chatty  : uid=1000(system) android.display expire 5 lines
07-25 09:10:24.524  1366  1410 I chatty  : uid=1000(system) android.ui expire 2 lines
07-25 09:14:05.656 18212 18554 E ActivityThread: Failed to find provider info for com.android.badge
07-25 09:14:06.969  1366  6952 I chatty  : uid=1000(system) Binder:1366_16 expire 4 lines
07-25 09:15:23.953  1366  1366 I chatty  : uid=1000(system) Binder:1366_3 expire 1 line
07-25 09:16:32.609  1366 16482 I chatty  : uid=1000(system) Binder:1366_21 expire 2 lines
07-25 09:16:32.621  1366  1855 I chatty  : uid=1000(system) ConnectivitySer expire 4 lines
07-25 09:16:36.552  1366  1366 I chatty  : uid=1000(system) Binder:1366_3 expire 17 lines
07-25 09:17:05.994  1366  6952 I chatty  : uid=1000(system) Binder:1366_16 expire 1 line
07-25 09:17:06.382  1366  1410 I chatty  : uid=1000(system) android.ui expire 11 lines
07-25 09:17:08.143  1366  1409 I chatty  : uid=1000(system) android.fg expire 14 lines
07-25 09:17:08.628  1366 16482 I chatty  : uid=1000(system) Binder:1366_21 expire 6 lines
07-25 09:17:10.008  1366  1412 I chatty  : uid=1000(system) android.display expire 12 lines
07-25 09:17:10.314  1366  3044 I chatty  : uid=1000(system) Binder:1366_D expire 1 line
07-25 09:17:10.317  1366  1395 I chatty  : uid=1000(system) Binder:1366_2 expire 1 line
07-25 09:17:11.007  1366  1423 I chatty  : uid=1000(system) ActivityManager expire 11 lines
07-25 09:17:18.495  1366  3453 I chatty  : uid=1000(system) Binder:1366_13 expire 4 lines
07-25 09:18:22.609  1366  9544 I chatty  : uid=1000(system) Binder:1366_1D expire 5 lines
07-25 09:20:48.122  1366  1422 I chatty  : uid=1000(system) ActivityManager expire 6 lines
07-25 09:20:48.173  1366 13907 I chatty  : uid=1000(system) Binder:1366_1F expire 4 lines
07-25 09:25:42.185  1366  1455 I chatty  : uid=1000(system) PowerManagerSer expire 14 lines
07-25 09:25:49.986  1366  6731 I chatty  : uid=1000(system) Binder:1366_15 expire 3 lines
07-25 09:28:01.663  1366  1435 I chatty  : uid=1000(system) batterystats-wo expire 3 lines
07-25 09:30:06.904  1366  1810 I chatty  : uid=1000(system) InputReader expire 4 lines
07-25 09:30:07.212  1366  8265 I chatty  : uid=1000(system) Binder:1366_1A expire 5 lines
07-25 09:30:08.363 10442 10442 W FingerprintManager: Invalid acquired message: 6, 5
07-25 09:30:08.363  1366  1366 I chatty  : uid=1000(system) Binder:1366_3 expire 15 lines
07-25 09:30:08.657  1366  3441 I chatty  : uid=1000(system) Binder:1366_10 expire 6 lines
07-25 09:30:11.463  1366  9970 I chatty  : uid=1000(system) Binder:1366_1E expire 2 lines
07-25 09:30:30.118  1366  1412 I chatty  : uid=1000(system) android.display expire 7 lines
07-25 09:33:16.513  1366  2197 I chatty  : uid=1000(system) Binder:1366_7 expire 8 lines
07-25 09:33:16.525  1366  2692 I chatty  : uid=1000(system) Binder:1366_C expire 6 lines
07-25 09:33:21.044  1366  7910 I chatty  : uid=1000(system) Binder:1366_18 expire 5 lines
07-25 09:33:21.392  1366  8325 I chatty  : uid=1000(system) Binder:1366_1B expire 10 lines
07-25 09:33:22.784 23864 24196 E ActivityThread: Failed to find provider info for com.android.badge
07-25 09:35:26.296  1366  1455 I chatty  : uid=1000(system) PowerManagerSer expire 14 lines
07-25 09:35:34.165  1366  3045 I chatty  : uid=1000(system) Binder:1366_E expire 2 lines
07-25 09:36:23.130 10442 10442 W FingerprintManager: Invalid acquired message: 6, 5
07-25 09:36:23.130  1366  1366 I chatty  : uid=1000(system) Binder:1366_3 expire 9 lines
07-25 09:38:25.565  1366  1421 I chatty  : uid=1000(system) android.bg expire 2 lines
07-25 09:40:36.252  1366  1409 I chatty  : uid=1000(system) android.fg expire 2 lines
07-25 09:43:42.400  1366  1985 I chatty  : uid=1000(system) Binder:1366_5 expire 5 lines
07-25 09:43:44.221 26120 26502 E ActivityThread: Failed to find provider info for com.android.badge
07-25 09:43:48.490  1366  1410 I chatty  : uid=1000(system) android.ui expire 5 lines
07-25 09:43:52.852  1366  9139 I chatty  : uid=1000(system) Binder:1366_1C expire 4 lines
07-25 09:44:00.744  1366  1865 I chatty  : uid=1000(system) Binder:1366_4 expire 2 lines
07-25 09:44:04.010  1366  7201 I chatty  : uid=1000(system) Binder:1366_17 expire 3 lines
07-25 09:44:28.034  1366  8325 I chatty  : uid=1000(system) Binder:1366_1B expire 2 lines
07-25 09:49:19.492  1366  7201 I chatty  : uid=1000(system) Binder:1366_17 expire 2 lines
07-25 09:49:22.189  1366  1409 I chatty  : uid=1000(system) android.fg expire 1 line
07-25 09:49:23.607  1366  1985 I chatty  : uid=1000(system) Binder:1366_5 expire 3 lines
07-25 09:49:27.675  1366  1410 I chatty  : uid=1000(system) android.ui expire 3 lines
07-25 09:53:32.732  1366  1366 I chatty  : uid=1000(system) Binder:1366_3 expire 35 lines
07-25 09:53:41.706  1366  1422 I chatty  : uid=1000(system) ActivityManager expire 10 lines
07-25 09:53:41.899  1366  2197 I chatty  : uid=1000(system) Binder:1366_7 expire 11 lines
07-25 09:53:41.999  1366  1435 I chatty  : uid=1000(system) batterystats-wo expire 5 lines
07-25 09:53:43.333  1366  1423 I chatty  : uid=1000(system) ActivityManager expire 12 lines
07-25 09:53:43.789  1366  7910 I chatty  : uid=1000(system) Binder:1366_18 expire 9 lines
07-25 09:53:45.743 28423 28765 E ActivityThread: Failed to find provider info for com.android.badge
07-25 09:54:48.639  1366  1412 I chatty  : uid=1000(system) android.display expire 30 lines
07-25 09:58:06.478  1366  3452 I chatty  : uid=1000(system) Binder:1366_12 expire 1 line
07-25 09:58:16.810  1366  2692 I chatty  : uid=1000(system) Binder:1366_C expire 11 lines
07-25 09:58:25.612  1366  1421 I chatty  : uid=1000(system) android.bg expire 2 lines
07-25 09:59:15.616  1366  3046 I chatty  : uid=1000(system) Binder:1366_F expire 1 line
07-25 09:59:16.253  1366  9544 I chatty  : uid=1000(system) Binder:1366_1D expire 4 lines
07-25 10:03:44.178  1366  2517 I chatty  : uid=1000(system) Binder:1366_A expire 7 lines
07-25 10:03:46.112 30482 30824 E ActivityThread: Failed to find provider info for com.android.badge
07-25 10:05:06.510  1366 16482 I chatty  : uid=1000(system) Binder:1366_21 expire 5 lines
07-25 10:07:55.219  1366  4274 I chatty  : uid=1000(system) Binder:1366_14 expire 17 lines
07-25 10:12:16.386  1366  1455 I chatty  : uid=1000(system) PowerManagerSer expire 6 lines
07-25 10:13:42.300  1366  2688 I chatty  : uid=1000(system) Binder:1366_B expire 5 lines
07-25 10:13:57.626  1366  1865 I chatty  : uid=1000(system) Binder:1366_4 expire 6 lines
07-25 10:13:59.647 32740  1129 E ActivityThread: Failed to find provider info for com.android.badge
07-25 10:14:02.224  1366  1412 I chatty  : uid=1000(system) android.display expire 10 lines
07-25 10:14:11.714  1366  1366 I chatty  : uid=1000(system) Binder:1366_3 expire 19 lines
07-25 10:15:53.538  1366  1411 I chatty  : uid=1000(system) android.io expire 2 lines
07-25 10:19:44.949  1366  1423 I chatty  : uid=1000(system) ActivityManager expire 6 lines
07-25 10:23:48.486  1366  3045 I chatty  : uid=1000(system) Binder:1366_E expire 2 lines
07-25 10:23:50.124  3996  4344 E ActivityThread: Failed to find provider info for com.android.badge
07-25 10:23:50.685  1366  4274 I chatty  : uid=1000(system) Binder:1366_14 expire 1 line
07-25 10:25:36.524  1366  1412 I chatty  : uid=1000(system) android.display expire 1 line
07-25 10:25:46.034  1366  1366 I chatty  : uid=1000(system) Binder:1366_3 expire 18 lines
07-25 10:27:26.493  1366  1412 I chatty  : uid=1000(system) android.display expire 18 lines
07-25 10:28:16.110  1366  1865 I chatty  : uid=1000(system) Binder:1366_4 expire 1 line
07-25 10:29:33.307  1366  2517 I chatty  : uid=1000(system) Binder:1366_A expire 1 line
07-25 10:33:05.928  1366  1435 I chatty  : uid=1000(system) batterystats-wo expire 6 lines
07-25 10:33:28.069  1366  1455 I chatty  : uid=1000(system) PowerManagerSer expire 14 lines
07-25 10:34:34.600  1366  1409 I chatty  : uid=1000(system) android.fg expire 7 lines
07-25 10:34:34.676  1366  3045 I chatty  : uid=1000(system) Binder:1366_E expire 9 lines
07-25 10:37:00.399  1366  3452 I chatty  : uid=1000(system) Binder:1366_12 expire 11 lines
07-25 10:39:02.817  1366  8325 I chatty  : uid=1000(system) Binder:1366_1B expire 6 lines
07-25 10:42:50.100  1366  1421 I chatty  : uid=1000(system) android.bg expire 3 lines
07-25 10:43:32.138  1366  1422 I chatty  : uid=1000(system) ActivityManager expire 8 lines
07-25 10:44:04.823  1366  1423 I chatty  : uid=1000(system) ActivityManager expire 10 lines
07-25 10:44:05.290  1366  1985 I chatty  : uid=1000(system) Binder:1366_5 expire 7 lines
07-25 10:52:08.232  1366  1810 I chatty  : uid=1000(system) InputReader expire 2 lines
07-25 10:52:09.519  1366  3450 I chatty  : uid=1000(system) Binder:1366_11 expire 2 lines
07-25 10:52:11.051  1366  1410 I chatty  : uid=1000(system) android.ui expire 13 lines
07-25 10:52:11.395  1366  3046 I chatty  : uid=1000(system) Binder:1366_F expire 10 lines
07-25 10:52:13.400  6897  8240 E ActivityThread: Failed to find provider info for com.android.badge
07-25 10:52:24.690  1366  1366 I chatty  : uid=1000(system) Binder:1366_3 expire 20 lines
07-25 10:53:26.013  8515  9081 E ActivityThread: Failed to find provider info for com.android.badge
07-25 10:53:55.896  1366  1395 I chatty  : uid=1000(system) Binder:1366_2 expire 3 lines
07-25 10:54:09.618  1366  9139 I chatty  : uid=1000(system) Binder:1366_1C expire 5 lines
07-25 10:54:36.351  1366  2197 I chatty  : uid=1000(system) Binder:1366_7 expire 2 lines
07-25 10:54:37.005  1366  2692 I chatty  : uid=1000(system) Binder:1366_C expire 4 lines
07-25 11:03:21.846  1366  7201 I chatty  : uid=1000(system) Binder:1366_17 expire 5 lines
07-25 11:03:22.079  1366 16311 I chatty  : uid=1000(system) Binder:1366_20 expire 3 lines
07-25 11:03:23.785 11161 11516 E ActivityThread: Failed to find provider info for com.android.badge
07-25 11:03:23.865  1366  1423 I chatty  : uid=1000(system) ActivityManager expire 6 lines
07-25 11:03:32.676  1366  1366 I chatty  : uid=1000(system) Binder:1366_3 expire 11 lines
07-25 11:05:37.676  1366  8265 I chatty  : uid=1000(system) Binder:1366_1A expire 3 lines
07-25 11:05:37.734  1366  1855 I chatty  : uid=1000(system) ConnectivitySer expire 6 lines
07-25 11:05:42.813  1366  2198 I chatty  : uid=1000(system) Binder:1366_8 expire 6 lines
07-25 11:05:43.209 15438 15438 W ViewRootImpl[HomeActivity]: Dropping event due to root view being removed: KeyEvent { action=ACTION_UP, keyCode=KEYCODE_ENTER, scanCode=0, metaState=0, flags=0x16, repeatCount=0, eventTime=1622422252, downTime=1622422252, deviceId=-1, source=0x0, displayId=0 }
07-25 11:07:11.142  1366  1410 I chatty  : uid=1000(system) android.ui expire 3 lines
07-25 11:08:49.509  1366  2688 I chatty  : uid=1000(system) Binder:1366_B expire 10 lines
07-25 11:09:00.326  1366  1394 I chatty  : uid=1000(system) Binder:1366_1 expire 1 line
07-25 11:09:10.338  1366  1412 I chatty  : uid=1000(system) android.display expire 10 lines
07-25 11:13:28.778  1366  2197 I chatty  : uid=1000(system) Binder:1366_7 expire 8 lines
07-25 11:13:29.772 14153 14499 E ActivityThread: Failed to find provider info for com.android.badge
07-25 11:13:30.049  1366  8325 I chatty  : uid=1000(system) Binder:1366_1B expire 5 lines
07-25 11:13:30.049  1366  1423 I chatty  : uid=1000(system) ActivityManager expire 12 lines
07-25 11:13:32.666  1366  1366 I chatty  : uid=1000(system) Binder:1366_3 expire 10 lines
07-25 11:14:00.782  1366  1455 I chatty  : uid=1000(system) PowerManagerSer expire 11 lines
07-25 11:17:57.843  1366  1409 I chatty  : uid=1000(system) android.fg expire 9 lines
07-25 11:17:59.903  1366  2688 I chatty  : uid=1000(system) Binder:1366_B expire 4 lines
07-25 11:19:49.147  1366  2198 I chatty  : uid=1000(system) Binder:1366_8 expire 10 lines
07-25 11:20:34.528  1366  1410 I chatty  : uid=1000(system) android.ui expire 13 lines
07-25 11:23:21.436  1366  1422 I chatty  : uid=1000(system) ActivityManager expire 12 lines
07-25 11:23:21.740  1366  1435 I chatty  : uid=1000(system) batterystats-wo expire 7 lines
07-25 11:23:22.432  1366  2271 I chatty  : uid=1000(system) Binder:1366_9 expire 11 lines
07-25 11:23:23.999  1366  3441 I chatty  : uid=1000(system) Binder:1366_10 expire 4 lines
07-25 11:23:26.155 16530 16923 E ActivityThread: Failed to find provider info for com.android.badge
07-25 11:23:27.030  1366  1366 I chatty  : uid=1000(system) Binder:1366_3 expire 10 lines
07-25 11:24:38.296  1366 16482 I chatty  : uid=1000(system) Binder:1366_21 expire 3 lines
07-25 11:24:39.785  1366  1412 I chatty  : uid=1000(system) android.display expire 12 lines
07-25 11:25:36.344  1366  8265 I chatty  : uid=1000(system) Binder:1366_1A expire 2 lines
07-25 11:28:04.096  1366  1421 I chatty  : uid=1000(system) android.bg expire 2 lines
07-25 11:33:27.139  1366  3046 I chatty  : uid=1000(system) Binder:1366_F expire 6 lines
07-25 11:33:28.909 19294 19722 E ActivityThread: Failed to find provider info for com.android.badge
07-25 11:33:29.791  1366  2271 I chatty  : uid=1000(system) Binder:1366_9 expire 3 lines
07-25 11:33:32.731  1366  1366 I chatty  : uid=1000(system) Binder:1366_3 expire 17 lines
07-25 11:35:39.382  1366  1410 I chatty  : uid=1000(system) android.ui expire 22 lines
07-25 11:35:42.350  1366  9139 I chatty  : uid=1000(system) Binder:1366_1C expire 7 lines
07-25 11:41:48.720  1366  3452 I chatty  : uid=1000(system) Binder:1366_12 expire 1 line
07-25 11:43:23.428  1366  7201 I chatty  : uid=1000(system) Binder:1366_17 expire 7 lines
07-25 11:43:25.355 21851 22173 E ActivityThread: Failed to find provider info for com.android.badge
07-25 11:43:25.667  1366  1423 I chatty  : uid=1000(system) ActivityManager expire 4 lines
07-25 11:50:33.051  1366  9544 I chatty  : uid=1000(system) Binder:1366_1D expire 2 lines
07-25 11:52:12.389  1366  1810 I chatty  : uid=1000(system) InputReader expire 2 lines
07-25 11:52:12.424  1366  1455 I chatty  : uid=1000(system) PowerManagerSer expire 5 lines
07-25 11:52:12.506  1366  1412 I chatty  : uid=1000(system) android.display expire 3 lines
07-25 11:52:12.642  1366 16311 I chatty  : uid=1000(system) Binder:1366_20 expire 6 lines
07-25 11:52:17.546  1366  2517 I chatty  : uid=1000(system) Binder:1366_A expire 3 lines
07-25 11:52:17.547  1366  1855 I chatty  : uid=1000(system) ConnectivitySer expire 4 lines
07-25 11:52:44.285  1366  1410 I chatty  : uid=1000(system) android.ui expire 2 lines
07-25 11:53:12.765  1366  3450 I chatty  : uid=1000(system) Binder:1366_11 expire 7 lines
07-25 11:53:31.192  1366  1410 I chatty  : uid=1000(system) android.ui expire 29 lines
07-25 11:53:31.238  1366  9139 I chatty  : uid=1000(system) Binder:1366_1C expire 8 lines
07-25 11:53:31.913  1366 16311 I chatty  : uid=1000(system) Binder:1366_20 expire 9 lines
07-25 11:53:32.677  1366  1366 I chatty  : uid=1000(system) Binder:1366_3 expire 40 lines
07-25 11:53:33.447  1366  1412 I chatty  : uid=1000(system) android.display expire 13 lines
07-25 11:53:37.767  1366  7910 I chatty  : uid=1000(system) Binder:1366_18 expire 7 lines
07-25 11:55:37.544  1366  2198 I chatty  : uid=1000(system) Binder:1366_8 expire 3 lines
07-25 11:55:37.545  1366  1855 I chatty  : uid=1000(system) ConnectivitySer expire 2 lines
07-25 11:58:51.125  1366  1435 I chatty  : uid=1000(system) batterystats-wo expire 5 lines
07-25 11:59:55.209  1366  1455 I chatty  : uid=1000(system) PowerManagerSer expire 14 lines
07-25 12:00:02.935  1366  1409 I chatty  : uid=1000(system) android.fg expire 10 lines
07-25 12:04:19.865  1366  8206 I chatty  : uid=1000(system) Binder:1366_19 expire 1 line
07-25 12:09:48.567  1366  6952 I chatty  : uid=1000(system) Binder:1366_16 expire 4 lines
07-25 12:22:43.594  1366  1810 I chatty  : uid=1000(system) InputReader expire 2 lines
07-25 12:22:44.805  1366 13907 I chatty  : uid=1000(system) Binder:1366_1F expire 2 lines
07-25 12:22:47.100  1366  9970 I chatty  : uid=1000(system) Binder:1366_1E expire 1 line
07-25 12:22:47.445  1366  3045 I chatty  : uid=1000(system) Binder:1366_E expire 1 line
07-25 12:23:31.696  1366  1421 I chatty  : uid=1000(system) android.bg expire 2 lines
07-25 12:23:49.744  1366  1422 I chatty  : uid=1000(system) ActivityManager expire 2 lines
07-25 12:23:49.974  1366  3044 I chatty  : uid=1000(system) Binder:1366_D expire 1 line
07-25 12:23:49.978  1366  2688 I chatty  : uid=1000(system) Binder:1366_B expire 1 line
07-25 12:23:49.988  1366  2179 I chatty  : uid=1000(system) Binder:1366_6 expire 12 lines
07-25 12:25:22.822  1366  4274 I chatty  : uid=1000(system) Binder:1366_14 expire 5 lines
07-25 12:33:43.706  1366  1679 I chatty  : uid=1000(system) AlarmManager expire 1 line
07-25 12:36:35.981  1366  1880 I chatty  : uid=1000(system) HwBinder:1366_3 expire 3 lines
07-25 12:36:36.138  1366  1411 I chatty  : uid=1000(system) android.io expire 1 line
07-25 12:37:14.697  1366  9544 I chatty  : uid=1000(system) Binder:1366_1D expire 1 line
07-25 12:37:14.706  1366  8265 I chatty  : uid=1000(system) Binder:1366_1A expire 1 line
07-25 12:37:14.745  1366  3452 I chatty  : uid=1000(system) Binder:1366_12 expire 11 lines
07-25 12:37:29.299  1366  1985 I chatty  : uid=1000(system) Binder:1366_5 expire 11 lines
07-25 12:37:29.810  1366  1423 I chatty  : uid=1000(system) ActivityManager expire 4 lines
07-25 12:37:29.938 27566 27597 E ActivityThread: Failed to find provider info for com.google.android.gms.chimera
07-25 12:37:30.536  1366  1366 I chatty  : uid=1000(system) Binder:1366_3 expire 18 lines
07-25 12:37:42.194  1366  1412 I chatty  : uid=1000(system) android.display expire 2 lines
07-25 12:38:18.829  1366  1410 I chatty  : uid=1000(system) android.ui expire 4 lines
07-25 12:38:21.486  1366  1865 I chatty  : uid=1000(system) Binder:1366_4 expire 2 lines
07-25 12:38:28.485  1366  8325 I chatty  : uid=1000(system) Binder:1366_1B expire 34 lines
07-25 12:38:40.129  1366  3452 I chatty  : uid=1000(system) Binder:1366_12 expire 18 lines
07-25 12:38:40.146  1366  1985 I chatty  : uid=1000(system) Binder:1366_5 expire 31 lines
07-25 12:38:40.339  1366  1366 I chatty  : uid=1000(system) Binder:1366_3 expire 73 lines
07-25 12:38:53.255  1366  1412 I chatty  : uid=1000(system) android.display expire 15 lines
07-25 12:38:55.846  1366  1410 I chatty  : uid=1000(system) android.ui expire 20 lines
07-25 12:39:02.405  1366  4274 I chatty  : uid=1000(system) Binder:1366_14 expire 20 lines
07-25 12:39:34.533  1366  2179 I chatty  : uid=1000(system) Binder:1366_6 expire 2 lines
07-25 12:39:57.437  1366  1865 I chatty  : uid=1000(system) Binder:1366_4 expire 9 lines
07-25 12:41:15.186  1366  1435 I chatty  : uid=1000(system) batterystats-wo expire 1 line
07-25 12:42:12.509  1366  2688 I chatty  : uid=1000(system) Binder:1366_B expire 14 lines
07-25 12:43:31.744  1366  1421 I chatty  : uid=1000(system) android.bg expire 1 line
07-25 12:43:37.639  1366  1423 I chatty  : uid=1000(system) ActivityManager expire 4 lines
07-25 12:43:38.116  1366  8325 I chatty  : uid=1000(system) Binder:1366_1B expire 12 lines
07-25 12:43:38.123  1366  2688 I chatty  : uid=1000(system) Binder:1366_B expire 13 lines
07-25 12:43:38.588  1366  1985 I chatty  : uid=1000(system) Binder:1366_5 expire 20 lines
07-25 12:43:39.486  1366  1366 I chatty  : uid=1000(system) Binder:1366_3 expire 117 lines
07-25 12:43:42.137 28166 28591 E ActivityThread: Failed to find provider info for com.android.badge
07-25 12:43:50.104  1366  2179 I chatty  : uid=1000(system) Binder:1366_6 expire 11 lines
07-25 12:43:58.787  1366  1410 I chatty  : uid=1000(system) android.ui expire 11 lines
07-25 12:44:39.005  1366  1865 I chatty  : uid=1000(system) Binder:1366_4 expire 7 lines
07-25 12:44:39.396  1366  1412 I chatty  : uid=1000(system) android.display expire 9 lines
07-25 12:44:53.761  1366  3452 I chatty  : uid=1000(system) Binder:1366_12 expire 10 lines
07-25 12:46:18.285  1366  8265 I chatty  : uid=1000(system) Binder:1366_1A expire 5 lines
07-25 12:46:18.345  1366  4274 I chatty  : uid=1000(system) Binder:1366_14 expire 2 lines
07-25 12:46:52.714  1366  1810 I chatty  : uid=1000(system) InputReader expire 2 lines
07-25 12:46:53.172  1366  1455 I chatty  : uid=1000(system) PowerManagerSer expire 6 lines
07-25 12:46:53.477  1366  1409 I chatty  : uid=1000(system) android.fg expire 2 lines
07-25 12:51:11.249  1366  1366 I chatty  : uid=1000(system) Binder:1366_3 expire 232 lines
07-25 12:51:52.458  1366  1423 I chatty  : uid=1000(system) ActivityManager expire 2 lines
07-25 12:51:52.631  1366  8265 I chatty  : uid=1000(system) Binder:1366_1A expire 1 line
07-25 12:51:52.681  1366  1412 I chatty  : uid=1000(system) android.display expire 1 line
07-25 13:03:31.829  1366  1421 I chatty  : uid=1000(system) android.bg expire 2 lines
07-25 13:05:52.441  1366  1366 I chatty  : uid=1000(system) Binder:1366_3 expire 147 lines
07-25 13:11:06.773  1366  1435 I chatty  : uid=1000(system) batterystats-wo expire 4 lines
07-25 13:15:57.053  1366  1810 I chatty  : uid=1000(system) InputReader expire 6 lines
07-25 13:15:57.059  1366  1455 I chatty  : uid=1000(system) PowerManagerSer expire 27 lines
07-25 13:15:57.060  1366  1412 I chatty  : uid=1000(system) android.display expire 6 lines
07-25 13:15:57.128  1366  3412 I chatty  : uid=1000(system) backup-0 expire 5 lines
07-25 13:15:57.173  1366  1409 I chatty  : uid=1000(system) android.fg expire 14 lines
07-25 13:15:57.203  1366  9544 I chatty  : uid=1000(system) Binder:1366_1D expire 5 lines
07-25 13:19:11.258  1366  1880 I chatty  : uid=1000(system) HwBinder:1366_3 expire 1 line
07-25 13:19:11.623  1366  8265 I chatty  : uid=1000(system) Binder:1366_1A expire 2 lines
07-25 13:20:46.107 10442 10442 W FingerprintManager: Invalid acquired message: 6, 5
07-25 13:20:46.107  1366  1366 I chatty  : uid=1000(system) Binder:1366_3 expire 6 lines
07-25 13:20:46.430  1366  4274 I chatty  : uid=1000(system) Binder:1366_14 expire 2 lines
07-25 13:20:47.217  1366  1409 I chatty  : uid=1000(system) android.fg expire 1 line
07-25 13:20:47.628  1366  1865 I chatty  : uid=1000(system) Binder:1366_4 expire 1 line
07-25 13:20:48.861  1366  3452 I chatty  : uid=1000(system) Binder:1366_12 expire 1 line
07-25 13:21:42.135  1366  9970 I chatty  : uid=1000(system) Binder:1366_1E expire 1 line
07-25 13:21:56.695  1366  1410 I chatty  : uid=1000(system) android.ui expire 12 lines
07-25 13:21:57.602  1366  3452 I chatty  : uid=1000(system) Binder:1366_12 expire 9 lines
07-25 13:21:58.324  1366  2271 I chatty  : uid=1000(system) Binder:1366_9 expire 1 line
07-25 13:24:14.638  1366  1366 I chatty  : uid=1000(system) Binder:1366_3 expire 20 lines
07-25 13:24:22.294  1366  1421 I chatty  : uid=1000(system) android.bg expire 3 lines
07-25 13:24:41.238  1366  1422 I chatty  : uid=1000(system) ActivityManager expire 10 lines
07-25 13:24:51.184  1366  1423 I chatty  : uid=1000(system) ActivityManager expire 13 lines
07-25 13:24:51.648  1366  3044 I chatty  : uid=1000(system) Binder:1366_D expire 3 lines
07-25 13:24:51.656  1366  1985 I chatty  : uid=1000(system) Binder:1366_5 expire 7 lines
07-25 13:24:53.686  2786  3367 E ActivityThread: Failed to find provider info for com.android.badge
07-25 13:24:53.959  1366  2517 I chatty  : uid=1000(system) Binder:1366_A expire 16 lines
07-25 13:24:56.456  1366  1412 I chatty  : uid=1000(system) android.display expire 18 lines
07-25 13:31:47.942  1366  1435 I chatty  : uid=1000(system) batterystats-wo expire 5 lines
07-25 13:31:55.234  1366  1679 I chatty  : uid=1000(system) AlarmManager expire 2 lines
07-25 13:34:41.595  1366  8265 I chatty  : uid=1000(system) Binder:1366_1A expire 7 lines
07-25 13:34:46.511  1366  2179 I chatty  : uid=1000(system) Binder:1366_6 expire 9 lines
07-25 13:34:46.898  1366  1865 I chatty  : uid=1000(system) Binder:1366_4 expire 9 lines
07-25 13:34:48.224  5638  5964 E ActivityThread: Failed to find provider info for com.android.badge
07-25 13:37:01.704  1366  1366 I chatty  : uid=1000(system) Binder:1366_3 expire 10 lines
07-25 13:41:19.419  1366  3046 I chatty  : uid=1000(system) Binder:1366_F expire 8 lines
07-25 13:41:19.936  1366  1455 I chatty  : uid=1000(system) PowerManagerSer expire 2 lines
07-25 13:41:49.503  1366  1411 I chatty  : uid=1000(system) android.io expire 2 lines
07-25 13:42:23.858  1366  2688 I chatty  : uid=1000(system) Binder:1366_B expire 1 line
07-25 13:42:24.393  1366  8325 I chatty  : uid=1000(system) Binder:1366_1B expire 5 lines
07-25 13:44:54.953  1366  3450 I chatty  : uid=1000(system) Binder:1366_11 expire 5 lines
07-25 13:44:58.267  8105  8661 E ActivityThread: Failed to find provider info for com.android.badge
07-25 13:45:01.570  1366  1366 I chatty  : uid=1000(system) Binder:1366_3 expire 11 lines
07-25 13:45:07.726  1366  1412 I chatty  : uid=1000(system) android.display expire 8 lines
07-25 13:45:27.371  1366  1410 I chatty  : uid=1000(system) android.ui expire 4 lines
07-25 13:46:08.508  1366  4274 I chatty  : uid=1000(system) Binder:1366_14 expire 1 line
07-25 13:52:51.416  1366  7201 I chatty  : uid=1000(system) Binder:1366_17 expire 1 line
07-25 13:54:41.808  1366  1422 I chatty  : uid=1000(system) ActivityManager expire 4 lines
07-25 13:54:42.677  1366  1423 I chatty  : uid=1000(system) ActivityManager expire 7 lines
07-25 13:54:43.153  1366 16482 I chatty  : uid=1000(system) Binder:1366_21 expire 1 line
07-25 13:54:44.829 10689 11069 E ActivityThread: Failed to find provider info for com.android.badge
07-25 13:54:45.361  1366  2517 I chatty  : uid=1000(system) Binder:1366_A expire 3 lines
07-25 13:56:43.985  1366  1366 I chatty  : uid=1000(system) Binder:1366_3 expire 5 lines
07-25 13:56:56.079  1366  2197 I chatty  : uid=1000(system) Binder:1366_7 expire 1 line
07-25 13:57:16.176  1366  1855 I chatty  : uid=1000(system) ConnectivitySer expire 4 lines
07-25 14:04:44.755  1366  8206 I chatty  : uid=1000(system) Binder:1366_19 expire 1 line
07-25 14:04:44.873  1366  9970 I chatty  : uid=1000(system) Binder:1366_1E expire 2 lines
07-25 14:04:46.369  1366  1423 I chatty  : uid=1000(system) ActivityManager expire 11 lines
07-25 14:04:46.899 13258 13731 E ActivityThread: Failed to find provider info for com.android.badge
07-25 14:04:53.399  1366  8206 I chatty  : uid=1000(system) Binder:1366_19 expire 1 line
07-25 14:05:03.119  1366  1455 I chatty  : uid=1000(system) PowerManagerSer expire 14 lines
07-25 14:05:10.627  1366  1366 I chatty  : uid=1000(system) Binder:1366_3 expire 11 lines
07-25 14:05:10.679  1366  1412 I chatty  : uid=1000(system) android.display expire 15 lines
07-25 14:05:10.870  1366  1409 I chatty  : uid=1000(system) android.fg expire 11 lines
07-25 14:05:10.950  1366  3046 I chatty  : uid=1000(system) Binder:1366_F expire 1 line
07-25 14:06:59.412  1366  1435 I chatty  : uid=1000(system) batterystats-wo expire 11 lines
07-25 14:08:11.000  1366  2517 I chatty  : uid=1000(system) Binder:1366_A expire 2 lines
07-25 14:09:12.648  1366  1810 I chatty  : uid=1000(system) InputReader expire 4 lines
07-25 14:09:12.754  1366  1410 I chatty  : uid=1000(system) android.ui expire 7 lines
07-25 14:09:14.879  1366  3453 I chatty  : uid=1000(system) Binder:1366_13 expire 9 lines
07-25 14:12:04.295  1366  1422 I chatty  : uid=1000(system) ActivityManager expire 9 lines
07-25 14:12:09.265  1366  2197 I chatty  : uid=1000(system) Binder:1366_7 expire 6 lines
07-25 14:12:10.390  1366  1395 I chatty  : uid=1000(system) Binder:1366_2 expire 8 lines
07-25 14:12:11.387 15212 15634 E ActivityThread: Failed to find provider info for com.android.badge
07-25 14:14:44.728  1366  1366 I chatty  : uid=1000(system) Binder:1366_3 expire 11 lines
07-25 14:20:05.729  1152  1152 W wificond: Scan aborted
07-25 14:22:04.660  1366  3450 I chatty  : uid=1000(system) Binder:1366_11 expire 1 line
07-25 14:22:07.077  1366  4274 I chatty  : uid=1000(system) Binder:1366_14 expire 10 lines
07-25 14:22:08.211  1366  1985 I chatty  : uid=1000(system) Binder:1366_5 expire 6 lines
07-25 14:22:09.155 17610 18231 E ActivityThread: Failed to find provider info for com.android.badge
07-25 14:22:14.291  1366  3045 I chatty  : uid=1000(system) Binder:1366_E expire 9 lines
07-25 14:26:41.527  1366  1455 I chatty  : uid=1000(system) PowerManagerSer expire 14 lines
07-25 14:26:44.656  1366  1421 I chatty  : uid=1000(system) android.bg expire 1 line
07-25 14:28:06.276  1366  2179 I chatty  : uid=1000(system) Binder:1366_6 expire 6 lines
07-25 14:29:52.850  1366  8265 I chatty  : uid=1000(system) Binder:1366_1A expire 3 lines
07-25 14:31:13.723  1366  2688 I chatty  : uid=1000(system) Binder:1366_B expire 1 line
07-25 14:37:00.628  1366  1423 I chatty  : uid=1000(system) ActivityManager expire 8 lines
07-25 14:37:01.206  1366  9544 I chatty  : uid=1000(system) Binder:1366_1D expire 7 lines
07-25 14:39:15.932 20215 20853 E ActivityThread: Failed to find provider info for com.android.badge
07-25 14:47:33.494  1366  1366 I chatty  : uid=1000(system) Binder:1366_3 expire 18 lines
07-25 14:47:34.516  1366  3452 I chatty  : uid=1000(system) Binder:1366_12 expire 4 lines
07-25 14:47:41.567 21626 22016 E ActivityThread: Failed to find provider info for com.android.badge
07-25 14:51:59.015  1366  3453 I chatty  : uid=1000(system) Binder:1366_13 expire 2 lines
07-25 14:52:00.507  1366  1412 I chatty  : uid=1000(system) android.display expire 19 lines
07-25 14:52:10.008  1366  1366 I chatty  : uid=1000(system) Binder:1366_3 expire 21 lines
07-25 14:54:35.533  1366  1435 I chatty  : uid=1000(system) batterystats-wo expire 3 lines
07-25 14:55:12.703  1366  1455 I chatty  : uid=1000(system) PowerManagerSer expire 2 lines
07-25 14:56:01.089  1366  8265 I chatty  : uid=1000(system) Binder:1366_1A expire 6 lines
07-25 14:56:52.348  1366  1421 I chatty  : uid=1000(system) android.bg expire 2 lines
07-25 14:56:58.736  1366  4274 I chatty  : uid=1000(system) Binder:1366_14 expire 2 lines
