07-25 18:28:56.286  1366  2179 I ActivityTaskManager: START u0 {act=android.intent.action.MAIN cat=[android.intent.category.LAUNCHER] flg=0x10200000 cmp=com.collector/.MainActivity bnds=[844,1039][1048,1397]} from uid 10152
07-25 18:28:56.300  1366  2179 W ActivityTaskManager: Tried to set launchTime (0) < mLastActivityLaunchTime (1644233627)
07-25 18:28:59.426  1366  3441 W OverlayManager: service 'idmap' died
07-25 18:29:05.615  1366  1410 D AutofillManagerService: onBackKeyPressed()
07-25 18:29:07.103  1366  6731 I ActivityManager: Killing 13025:com.android.providers.calendar/u0a101 (adj 955): empty for 4917s
07-25 18:29:07.104  1366  6731 I ActivityManager: Killing 30842:com.android.keychain/1000 (adj 955): empty for 8110s
07-25 18:29:11.489  1366  1366 W ActivityManager: Receiver with filter android.content.IntentFilter@a363bc5 already registered for pid 1366, callerPackage is android
07-25 18:29:37.426  1366  1410 D AutofillManagerService: onBackKeyPressed()
07-25 18:29:37.511  1366  1865 W ActivityManager: Unable to start service Intent { act=com.android.launcher3.WINDOW_OVERLAY dat=app://com.android.launcher3:10152?v=9&cv=14 pkg=com.google.android.googlequicksearchbox } U=0: not found
07-25 18:29:38.428  1366  1865 I ActivityTaskManager: START u0 {act=android.intent.action.MAIN cat=[android.intent.category.LAUNCHER] flg=0x10200000 cmp=com.collector/.MainActivity bnds=[844,1039][1048,1397]} from uid 10152
07-25 18:29:38.448  1366  3441 W ActivityTaskManager: Tried to set launchTime (0) < mLastActivityLaunchTime (1644434283)
07-25 18:30:24.660  1366  1410 D AutofillManagerService: onBackKeyPressed()
07-25 18:30:34.327  1366  1366 W NotificationHistory: Attempted to add notif for locked/gone/disabled user 0
07-25 18:30:34.999  1366  3441 D CompatibilityChangeReporter: Compat change id reported: 135634846; UID 10085; state: DISABLED
07-25 18:30:35.000  1366  3441 D CompatibilityChangeReporter: Compat change id reported: 135754954; UID 10085; state: ENABLED
07-25 18:30:35.000  1366  1423 D CompatibilityChangeReporter: Compat change id reported: 143937733; UID 10085; state: ENABLED
07-25 18:30:35.010  1366  1423 I ActivityManager: Start proc 28489:android.process.acore/u0a85 for content provider {com.android.providers.userdictionary/com.android.providers.userdictionary.UserDictionaryProvider}
07-25 18:30:35.093  1366  8265 D CountryDetector: The first listener is added
07-25 18:30:35.095 28489 28489 D ActivityThread: Loading provider contacts;com.android.contacts: com.android.providers.contacts.ContactsProvider2
07-25 18:30:46.751  1366  1410 D AutofillManagerService: onBackKeyPressed()
07-25 18:30:46.815  1366  8265 W ActivityManager: Unable to start service Intent { act=com.android.launcher3.WINDOW_OVERLAY dat=app://com.android.launcher3:10152?v=9&cv=14 pkg=com.google.android.googlequicksearchbox } U=0: not found
07-25 18:30:47.593  1366  1865 I ActivityTaskManager: START u0 {act=android.intent.action.MAIN cat=[android.intent.category.LAUNCHER] flg=0x10200000 cmp=com.collector/.MainActivity bnds=[844,1039][1048,1397]} from uid 10152
07-25 18:30:47.611  1366  3441 W ActivityTaskManager: Tried to set launchTime (0) < mLastActivityLaunchTime (1644476431)
07-25 18:31:26.573  1366  8265 I ActivityManager: Killing 18086:com.android.webview:webview_service/u0a139 (adj 955): empty for 3688s
07-25 18:32:47.521  1366  1410 D AutofillManagerService: onBackKeyPressed()
07-25 18:32:47.637  1366  8265 W ActivityManager: Unable to start service Intent { act=com.android.launcher3.WINDOW_OVERLAY dat=app://com.android.launcher3:10152?v=9&cv=14 pkg=com.google.android.googlequicksearchbox } U=0: not found
07-25 18:32:48.485  1366  4274 I ActivityTaskManager: START u0 {act=android.intent.action.MAIN cat=[android.intent.category.LAUNCHER] flg=0x10200000 cmp=com.collector/.MainActivity bnds=[844,1039][1048,1397]} from uid 10152
07-25 18:32:48.500  1366  4274 W ActivityTaskManager: Tried to set launchTime (0) < mLastActivityLaunchTime (1644545594)
07-25 18:32:48.683  1366  4274 W NotificationService: Toast already killed. pkg=com.collector token=android.os.BinderProxy@8cdced6
07-25 18:32:50.180  1366  1412 W WindowManager: Unable to start animation, surface is null or no children.
07-25 18:32:59.687  1366  1366 W WindowManager: removeWindowToken: Attempted to remove non-existing token: android.os.Binder@19224db
07-25 18:35:15.612  1366  1813 W RuleEvaluation: Integrity rule files are not available.
07-25 18:35:15.612  1366  1467 I PackageManager: Integrity check passed for file:///data/app/vmdl2027643063.tmp
07-25 18:35:15.705  1366  1422 I ActivityManager: Force stopping com.collector appid=10328 user=-1: installPackageLI
07-25 18:35:15.706  1366  1422 I ActivityManager: Killing 28106:com.collector/u0a328 (adj 0): stop com.collector due to installPackageLI
07-25 18:35:15.707  1366  1467 I PackageManager: Update package com.collector code path from /data/app/~~CHmXROwx6K5C9RuY803NTw==/com.collector-iLK6PN1-DnQr0fr-Y7TvSQ== to /data/app/~~wVHaDfw-_zzyPYJsoHPdQA==/com.collector-dF2EbBgJnHB_QIZhvxuxcQ==; Retain data and using new
07-25 18:35:15.707  1366  1467 I PackageManager: Update package com.collector resource path from /data/app/~~CHmXROwx6K5C9RuY803NTw==/com.collector-iLK6PN1-DnQr0fr-Y7TvSQ== to /data/app/~~wVHaDfw-_zzyPYJsoHPdQA==/com.collector-dF2EbBgJnHB_QIZhvxuxcQ==; Retain data and using new
07-25 18:35:15.708  1366  1467 I AppsFilter: interaction: PackageSetting{7ecb5c2 com.six.zhihu/10299} -> PackageSetting{8e0c1c6 com.collector/10328} BLOCKED
07-25 18:35:15.708  1366  1467 I AppsFilter: interaction: PackageSetting{c67e52b org.kedwjao.collector/10321} -> PackageSetting{8e0c1c6 com.collector/10328} BLOCKED
07-25 18:35:15.708  1366  1467 I AppsFilter: interaction: PackageSetting{536afd3 com.loop/10261} -> PackageSetting{8e0c1c6 com.collector/10328} BLOCKED
07-25 18:35:15.708  1366  1467 I AppsFilter: interaction: PackageSetting{e1b4fe5 me.tylerbwong.stack.debug/10317} -> PackageSetting{8e0c1c6 com.collector/10328} BLOCKED
07-25 18:35:15.708  1366  1467 I AppsFilter: interaction: PackageSetting{570edc com.jonjomckay.fritter.debug/10318} -> PackageSetting{8e0c1c6 com.collector/10328} BLOCKED
07-25 18:35:15.708  1366  1467 I AppsFilter: interaction: PackageSetting{7ecb5c2 com.six.zhihu/10299} -> PackageSetting{8e0c1c6 com.collector/10328} BLOCKED
07-25 18:35:15.708  1366  1467 I AppsFilter: interaction: PackageSetting{c67e52b org.kedwjao.collector/10321} -> PackageSetting{8e0c1c6 com.collector/10328} BLOCKED
07-25 18:35:15.708  1366  1467 I AppsFilter: interaction: PackageSetting{536afd3 com.loop/10261} -> PackageSetting{8e0c1c6 com.collector/10328} BLOCKED
07-25 18:35:15.708  1366  1467 I AppsFilter: interaction: PackageSetting{e1b4fe5 me.tylerbwong.stack.debug/10317} -> PackageSetting{8e0c1c6 com.collector/10328} BLOCKED
07-25 18:35:15.708  1366  1467 I AppsFilter: interaction: PackageSetting{570edc com.jonjomckay.fritter.debug/10318} -> PackageSetting{8e0c1c6 com.collector/10328} BLOCKED
07-25 18:35:15.709  1366  1422 W ActivityTaskManager: Force removing ActivityRecord{86584a1 u0 com.collector/.MainActivity t8838 f}}: app died, no saved state
07-25 18:35:15.710  1366  1467 D CompatibilityChangeReporter: Compat change id reported: 135549675; UID 10328; state: ENABLED
07-25 18:35:15.745  1366  1467 D PackageManager: Instant App installer not found with android.intent.action.INSTALL_INSTANT_APP_PACKAGE
07-25 18:35:15.745  1366  1467 D PackageManager: Clear ephemeral installer activity
07-25 18:35:15.748  1366  1467 E ArtManagerService: Failed to prepare profile for com.collector:/data/app/~~wVHaDfw-_zzyPYJsoHPdQA==/com.collector-dF2EbBgJnHB_QIZhvxuxcQ==/base.apk
07-25 18:35:15.749  1366  1467 I AppsFilter: interaction: PackageSetting{7ecb5c2 com.six.zhihu/10299} -> PackageSetting{f383f13 com.collector/10328} BLOCKED
07-25 18:35:15.749  1366  1467 I AppsFilter: interaction: PackageSetting{c67e52b org.kedwjao.collector/10321} -> PackageSetting{f383f13 com.collector/10328} BLOCKED
07-25 18:35:15.749  1366  1467 I AppsFilter: interaction: PackageSetting{536afd3 com.loop/10261} -> PackageSetting{f383f13 com.collector/10328} BLOCKED
07-25 18:35:15.749  1366  1467 I AppsFilter: interaction: PackageSetting{e1b4fe5 me.tylerbwong.stack.debug/10317} -> PackageSetting{f383f13 com.collector/10328} BLOCKED
07-25 18:35:15.749  1366  1467 I AppsFilter: interaction: PackageSetting{570edc com.jonjomckay.fritter.debug/10318} -> PackageSetting{f383f13 com.collector/10328} BLOCKED
07-25 18:35:15.750  1366  1467 I AppsFilter: interaction: PackageSetting{7ecb5c2 com.six.zhihu/10299} -> PackageSetting{f383f13 com.collector/10328} BLOCKED
07-25 18:35:15.750  1366  1467 I AppsFilter: interaction: PackageSetting{c67e52b org.kedwjao.collector/10321} -> PackageSetting{f383f13 com.collector/10328} BLOCKED
07-25 18:35:15.750  1366  1467 I AppsFilter: interaction: PackageSetting{536afd3 com.loop/10261} -> PackageSetting{f383f13 com.collector/10328} BLOCKED
07-25 18:35:15.750  1366  1467 I AppsFilter: interaction: PackageSetting{e1b4fe5 me.tylerbwong.stack.debug/10317} -> PackageSetting{f383f13 com.collector/10328} BLOCKED
07-25 18:35:15.750  1366  1467 I AppsFilter: interaction: PackageSetting{570edc com.jonjomckay.fritter.debug/10318} -> PackageSetting{f383f13 com.collector/10328} BLOCKED
07-25 18:35:15.762  1366  1422 I WindowManager:   Force finishing activity ActivityRecord{86584a1 u0 com.collector/.MainActivity t8838 f} isExiting}
07-25 18:35:15.762  1366  1422 W ActivityTaskManager: Duplicate finish request for r=ActivityRecord{86584a1 u0 com.collector/.MainActivity t8838 f} isExiting}
07-25 18:35:15.765  1366  1467 W ActivityManager: Skipping broadcast of Intent { act=android.intent.action.PACKAGE_REMOVED dat=package:com.collector flg=0x4000010 (has extras) }: user 11 and its parent (if any) are stopped
07-25 18:35:15.765  1366  1467 I ActivityManager: Force stopping com.collector appid=10328 user=0: pkg removed
07-25 18:35:15.767  1366  1467 I WindowManager:   Force finishing activity ActivityRecord{86584a1 u0 com.collector/.MainActivity t8838 f} isExiting}
07-25 18:35:15.767  1366  1467 W ActivityTaskManager: Duplicate finish request for r=ActivityRecord{86584a1 u0 com.collector/.MainActivity t8838 f} isExiting}
07-25 18:35:15.773  1366  2198 W ActivityManager: Unable to start service Intent { act=com.android.launcher3.WINDOW_OVERLAY dat=app://com.android.launcher3:10152?v=9&cv=14 pkg=com.google.android.googlequicksearchbox } U=0: not found
07-25 18:35:15.774  1366  1467 W ActivityManager: Skipping broadcast of Intent { act=android.intent.action.PACKAGE_ADDED dat=package:com.collector flg=0x4000010 (has extras) }: user 11 and its parent (if any) are stopped
07-25 18:35:15.778  1366  1467 W ActivityManager: Skipping broadcast of Intent { act=android.intent.action.PACKAGE_REPLACED dat=package:com.collector flg=0x4000010 (has extras) }: user 11 and its parent (if any) are stopped
07-25 18:35:15.801  1366  1422 W BroadcastQueue: Background execution not allowed: receiving Intent { act=android.intent.action.PACKAGE_REMOVED dat=package:com.collector flg=0x4000010 (has extras) } to org.lineageos.audiofx/.Compatibility$Receiver
07-25 18:35:15.802  1366  1422 W BroadcastQueue: Background execution not allowed: receiving Intent { act=android.intent.action.PACKAGE_REMOVED dat=package:com.collector flg=0x4000010 (has extras) } to org.fdroid.fdroid/.receiver.PackageManagerReceiver
07-25 18:35:15.804  1366  1422 W BroadcastQueue: Background execution not allowed: receiving Intent { act=android.intent.action.PACKAGE_ADDED dat=package:com.collector flg=0x4000010 (has extras) } to com.android.packageinstaller/.PackageInstalledReceiver
07-25 18:35:15.806  1366  1467 W ActivityManager: Skipping broadcast of Intent { act=android.intent.action.MY_PACKAGE_REPLACED flg=0x4000010 pkg=com.collector (has extras) }: user 11 and its parent (if any) are stopped
07-25 18:35:15.816  1366  1366 D CompatibilityChangeReporter: Compat change id reported: 135634846; UID 1000; state: DISABLED
07-25 18:35:15.817  1366  1366 D CompatibilityChangeReporter: Compat change id reported: 135754954; UID 1000; state: ENABLED
07-25 18:35:15.820  1366  1422 W BroadcastQueue: Background execution not allowed: receiving Intent { act=android.intent.action.PACKAGE_ADDED dat=package:com.collector flg=0x4000010 (has extras) } to org.lineageos.audiofx/.Compatibility$Receiver
07-25 18:35:15.821  1366  1422 W BroadcastQueue: Background execution not allowed: receiving Intent { act=android.intent.action.PACKAGE_ADDED dat=package:com.collector flg=0x4000010 (has extras) } to org.fdroid.fdroid/.receiver.PackageManagerReceiver
07-25 18:35:15.821  1366  1422 W BroadcastQueue: Background execution not allowed: receiving Intent { act=android.intent.action.PACKAGE_REPLACED dat=package:com.collector flg=0x4000010 (has extras) } to org.lineageos.audiofx/.Compatibility$Receiver
07-25 18:35:15.845  1366  1423 I ActivityManager: Start proc 28854:com.android.keychain/1000 for service {com.android.keychain/com.android.keychain.KeyChainService}
07-25 18:35:15.851  1366  1366 I Telecom : DefaultDialerCache: Refreshing default dialer for user 0: now com.android.dialer: DDC.oR@m6k
07-25 18:35:15.851  1366  1366 I Telecom : DefaultDialerCache: Refreshing default dialer for user 11: now null: DDC.oR@m6k
07-25 18:35:15.867  1366  2179 I WindowManager: WIN DEATH: Window{f83dbe3 u0 com.collector/com.collector.MainActivity}
07-25 18:35:15.876  1366 16311 I WindowManager: WIN DEATH: Window{9335005 u0 com.collector/com.collector.MainActivity}
07-25 18:35:15.920  1366  1421 W VoiceInteractionManager: no available voice recognition services found for user 0
07-25 18:35:15.922  1366  1412 W ActivityManager: setHasOverlayUi called on unknown pid: 28106
07-25 18:35:15.928  1366  2692 I ActivityManager: Killing 19280:com.tencent.mobileqq:MSF/u0a327 (adj 945): empty for 2752s
07-25 18:35:16.778  1366 16311 I ActivityTaskManager: START u0 {flg=0x10000000 cmp=com.collector/.MainActivity} from uid 0
07-25 18:35:16.804  1366  1412 D CompatibilityChangeReporter: Compat change id reported: 135634846; UID 10328; state: DISABLED
07-25 18:35:16.804  1366  1412 D CompatibilityChangeReporter: Compat change id reported: 135754954; UID 10328; state: ENABLED
07-25 18:35:16.805  1366  1423 D CompatibilityChangeReporter: Compat change id reported: 143937733; UID 10328; state: ENABLED
07-25 18:35:16.820  1366  1423 I ActivityManager: Start proc 17840:com.collector/u0a328 for pre-top-activity {com.collector/com.collector.MainActivity}
07-25 18:35:19.970  1366  6731 D CompatibilityChangeReporter: Compat change id reported: 135634846; UID 10139; state: DISABLED
07-25 18:35:19.971  1366  1423 D CompatibilityChangeReporter: Compat change id reported: 143937733; UID 10139; state: ENABLED
07-25 18:35:19.991  1366  1423 I ActivityManager: Start proc 28975:com.android.webview:webview_service/u0a139 for service {com.android.webview/org.chromium.android_webview.services.VariationsSeedServer}
07-25 18:35:20.007  1366  6731 D CompatibilityChangeReporter: Compat change id reported: 136274596; UID 10328; state: ENABLED
07-25 18:35:25.905  1366  1409 I ActivityManager: Killing 22419:io.github.deweyreed.clipboardcleaner/u0a245 (adj 945): empty for 2770s
07-25 18:36:01.020  1366  1366 W ActivityManager: Receiver with filter android.content.IntentFilter@1f5b7e5 already registered for pid 1366, callerPackage is android
07-25 18:37:17.920  1366  3452 W NotificationService: Toast already killed. pkg=com.collector token=android.os.BinderProxy@88b1f76
07-25 18:37:19.411  1366  1412 W WindowManager: Unable to start animation, surface is null or no children.
07-25 18:37:28.913  1366  1366 W WindowManager: removeWindowToken: Attempted to remove non-existing token: android.os.Binder@3c5b233
07-25 18:37:30.684  1366  1410 D AutofillManagerService: onBackKeyPressed()
07-25 18:37:30.763  1366  1865 W ActivityManager: Unable to start service Intent { act=com.android.launcher3.WINDOW_OVERLAY dat=app://com.android.launcher3:10152?v=9&cv=14 pkg=com.google.android.googlequicksearchbox } U=0: not found
07-25 18:37:31.698  1366  1985 I ActivityTaskManager: START u0 {act=android.intent.action.MAIN cat=[android.intent.category.LAUNCHER] flg=0x10200000 cmp=com.collector/.MainActivity bnds=[844,1039][1048,1397]} from uid 10152
07-25 18:37:31.717  1366  9970 W ActivityTaskManager: Tried to set launchTime (0) < mLastActivityLaunchTime (1644814840)
07-25 18:39:11.493  1366  1366 W ActivityManager: Receiver with filter android.content.IntentFilter@852ba2e already registered for pid 1366, callerPackage is android
07-25 18:39:47.222  1366  2688 W NotificationService: Toast already killed. pkg=com.collector token=android.os.BinderProxy@a4f9fd
07-25 18:39:48.708  1366  1412 W WindowManager: Unable to start animation, surface is null or no children.
07-25 18:39:58.215  1366  1366 W WindowManager: removeWindowToken: Attempted to remove non-existing token: android.os.Binder@ee61f5c
07-25 18:40:26.607  1366  9970 W NotificationService: Toast already killed. pkg=com.collector token=android.os.BinderProxy@712447c
07-25 18:40:27.598  1366  1410 D AutofillManagerService: onBackKeyPressed()
07-25 18:40:27.679  1366  3046 W ActivityManager: Unable to start service Intent { act=com.android.launcher3.WINDOW_OVERLAY dat=app://com.android.launcher3:10152?v=9&cv=14 pkg=com.google.android.googlequicksearchbox } U=0: not found
07-25 18:40:28.115  1366  1412 W WindowManager: Unable to start animation, surface is null or no children.
07-25 18:40:28.225  1366 16311 I ActivityTaskManager: START u0 {act=android.intent.action.MAIN cat=[android.intent.category.LAUNCHER] flg=0x10200000 cmp=com.collector/.MainActivity bnds=[844,1039][1048,1397]} from uid 10152
07-25 18:40:28.241  1366 16311 W ActivityTaskManager: Tried to set launchTime (0) < mLastActivityLaunchTime (1644949701)
07-25 18:40:37.603  1366  1366 W WindowManager: removeWindowToken: Attempted to remove non-existing token: android.os.Binder@a237911
07-25 18:41:45.787  1366  9970 W NotificationService: Toast already killed. pkg=com.collector token=android.os.BinderProxy@9c215fc
07-25 18:41:47.283  1366  1412 W WindowManager: Unable to start animation, surface is null or no children.
07-25 18:41:56.788  1366  1366 W WindowManager: removeWindowToken: Attempted to remove non-existing token: android.os.Binder@c1c1121
07-25 18:42:09.367  1366  1435 W BatteryExternalStatsWorker: modem info is invalid: ModemActivityInfo{ mTimestamp=2838153568 mSleepTimeMs=-1494163504 mIdleTimeMs=8884957 mTransmitPowerInfo[]=[TransmitPower{ mTimeInMillis=0 mPowerRangeInDbm={-2147483648,0}}, TransmitPower{ mTimeInMillis=0 mPowerRangeInDbm={0,5}}, TransmitPower{ mTimeInMillis=0 mPowerRangeInDbm={5,15}}, TransmitPower{ mTimeInMillis=0 mPowerRangeInDbm={15,20}}, TransmitPower{ mTimeInMillis=0 mPowerRangeInDbm={20,2147483647}}] mRxTimeMs=28454841}
07-25 18:43:52.966  1366 16311 W NotificationService: Toast already killed. pkg=com.collector token=android.os.BinderProxy@e07ff0
07-25 18:43:54.465  1366  1412 W WindowManager: Unable to start animation, surface is null or no children.
07-25 18:44:03.961  1366  1366 W WindowManager: removeWindowToken: Attempted to remove non-existing token: android.os.Binder@5ae566
07-25 18:44:08.137  1366  1410 D AutofillManagerService: onBackKeyPressed()
07-25 18:44:25.711  1366  1985 W NotificationService: Toast already killed. pkg=com.collector token=android.os.BinderProxy@59ed57
07-25 18:44:26.630  1366  1421 I UsageStatsService: User[0] Flushing usage stats to disk
07-25 18:44:27.207  1366  1412 W WindowManager: Unable to start animation, surface is null or no children.
07-25 18:44:36.704  1366  1366 W WindowManager: removeWindowToken: Attempted to remove non-existing token: android.os.Binder@eae8805
07-25 18:44:37.440  1366  1410 D AutofillManagerService: onBackKeyPressed()
07-25 18:44:43.674  1366  1410 D AutofillManagerService: onBackKeyPressed()
07-25 18:44:43.742  1366  7910 W ActivityManager: Unable to start service Intent { act=com.android.launcher3.WINDOW_OVERLAY dat=app://com.android.launcher3:10152?v=9&cv=14 pkg=com.google.android.googlequicksearchbox } U=0: not found
07-25 18:45:54.574  1366  8265 I ActivityTaskManager: START u0 {act=android.intent.action.MAIN cat=[android.intent.category.LAUNCHER] flg=0x10200000 cmp=com.collector/.MainActivity bnds=[844,1039][1048,1397]} from uid 10152
07-25 18:45:54.594  1366  1394 W ActivityTaskManager: Tried to set launchTime (0) < mLastActivityLaunchTime (1645126224)
07-25 18:45:54.876  1366  7910 W NotificationService: Toast already killed. pkg=com.collector token=android.os.BinderProxy@4c9f706
07-25 18:45:56.380  1366  1412 W WindowManager: Unable to start animation, surface is null or no children.
07-25 18:46:05.868  1366  1366 W WindowManager: removeWindowToken: Attempted to remove non-existing token: android.os.Binder@995440f
07-25 18:46:25.147  1366  1394 W NotificationService: Toast already killed. pkg=com.collector token=android.os.BinderProxy@3aa4097
07-25 18:46:26.643  1366  1412 W WindowManager: Unable to start animation, surface is null or no children.
07-25 18:46:29.915  1366  1366 W ActivityManager: Receiver with filter android.content.IntentFilter@56f4069 already registered for pid 1366, callerPackage is android
07-25 18:46:36.140  1366  1366 W WindowManager: removeWindowToken: Attempted to remove non-existing token: android.os.Binder@96c8c54
07-25 18:47:23.404  1366  1865 W NotificationService: Toast already killed. pkg=com.collector token=android.os.BinderProxy@8798076
07-25 18:47:23.840  1366  1410 D AutofillManagerService: onBackKeyPressed()
07-25 18:47:24.551  1366  1410 D AutofillManagerService: onBackKeyPressed()
07-25 18:47:24.901  1366  1412 W WindowManager: Unable to start animation, surface is null or no children.
07-25 18:47:25.228  1366  7910 W ActivityTaskManager: Finishing task with all activities already finished
07-25 18:47:25.228  1366  7910 W ActivityTaskManager: Duplicate finish request for r=ActivityRecord{2fe9ba3 u0 com.collector/.MainActivity t8842 f}}
07-25 18:47:25.281  1366  1394 W ActivityManager: Unable to start service Intent { act=com.android.launcher3.WINDOW_OVERLAY dat=app://com.android.launcher3:10152?v=9&cv=14 pkg=com.google.android.googlequicksearchbox } U=0: not found
07-25 18:47:26.100  1366  1394 I ActivityTaskManager: START u0 {act=android.intent.action.MAIN cat=[android.intent.category.LAUNCHER] flg=0x10200000 cmp=com.collector/.MainActivity bnds=[844,1039][1048,1397]} from uid 10152
07-25 18:47:26.123  1366  7910 W ActivityTaskManager: Tried to set launchTime (0) < mLastActivityLaunchTime (1645452577)
07-25 18:47:34.408  1366  1366 W WindowManager: removeWindowToken: Attempted to remove non-existing token: android.os.Binder@fc36b23
07-25 18:48:06.003  1366  3452 W NotificationService: Toast already killed. pkg=com.collector token=android.os.BinderProxy@5bc5507
07-25 18:48:07.502  1366  1412 W WindowManager: Unable to start animation, surface is null or no children.
07-25 18:48:17.006  1366  1366 W WindowManager: removeWindowToken: Attempted to remove non-existing token: android.os.Binder@4701404
07-25 18:48:26.687  1366  7910 W NotificationService: Toast already killed. pkg=com.collector token=android.os.BinderProxy@838e6cd
07-25 18:48:28.192  1366  1412 W WindowManager: Unable to start animation, surface is null or no children.
07-25 18:48:37.686  1366  1366 W WindowManager: removeWindowToken: Attempted to remove non-existing token: android.os.Binder@25f511e
07-25 18:49:11.489  1366  1366 W ActivityManager: Receiver with filter android.content.IntentFilter@2f8e2e7 already registered for pid 1366, callerPackage is android
07-25 18:49:38.571  1366  1865 W NotificationService: Toast already killed. pkg=com.collector token=android.os.BinderProxy@da26f18
07-25 18:49:40.070  1366  1412 W WindowManager: Unable to start animation, surface is null or no children.
07-25 18:49:49.566  1366  1366 W WindowManager: removeWindowToken: Attempted to remove non-existing token: android.os.Binder@89e1d3d
07-25 18:50:46.440  1366  1366 D CompatibilityChangeReporter: Compat change id reported: 135634846; UID 10181; state: DISABLED
07-25 18:50:46.441  1366  1366 D CompatibilityChangeReporter: Compat change id reported: 135754954; UID 10181; state: DISABLED
07-25 18:50:46.442  1366  1423 D CompatibilityChangeReporter: Compat change id reported: 143937733; UID 10181; state: DISABLED
07-25 18:50:46.470  1366  1423 I ActivityManager: Start proc 30277:eu.kanade.tachiyomi/u0a181 for service {eu.kanade.tachiyomi/androidx.work.impl.background.systemjob.SystemJobService}
07-25 18:50:46.543 30277 30310 E ActivityThread: Failed to find provider info for com.google.android.gms.chimera
07-25 18:50:46.932  1366  1394 W ActivityManager: Foreground service started from background can not have location/camera/microphone access: service eu.kanade.tachiyomi/.data.library.LibraryUpdateService
07-25 18:50:47.139  1366  1366 D NotificationService: 0|eu.kanade.tachiyomi|-101|null|10181: granting content://settings/system/notification_sound
07-25 18:50:47.140  1366  1366 I chatty  : uid=1000(system) Binder:1366_3 identical 1 line
07-25 18:50:47.141  1366  1366 D NotificationService: 0|eu.kanade.tachiyomi|-101|null|10181: granting content://settings/system/notification_sound
07-25 18:50:47.154  1366  1366 W NotificationHistory: Attempted to add notif for locked/gone/disabled user 0
07-25 18:51:03.456  1366  1865 W NotificationService: Toast already killed. pkg=com.collector token=android.os.BinderProxy@2b8b477
07-25 18:51:04.963  1366  1412 W WindowManager: Unable to start animation, surface is null or no children.
07-25 18:51:14.455  1366  1366 W WindowManager: removeWindowToken: Attempted to remove non-existing token: android.os.Binder@e2ede20
07-25 18:51:14.843  1366  1410 D AutofillManagerService: onBackKeyPressed()
07-25 18:51:14.904  1366  7910 W ActivityManager: Unable to start service Intent { act=com.android.launcher3.WINDOW_OVERLAY dat=app://com.android.launcher3:10152?v=9&cv=14 pkg=com.google.android.googlequicksearchbox } U=0: not found
07-25 18:51:17.047  1366  3452 I ActivityManager: Killing 26549:com.tencent.mobileqq/u0a327 (adj 945): empty for 3301s
07-25 18:51:32.677  1366  1394 I ActivityTaskManager: START u0 {act=android.intent.action.MAIN cat=[android.intent.category.LAUNCHER] flg=0x10200000 cmp=com.collector/.MainActivity bnds=[844,1039][1048,1397]} from uid 10152
07-25 18:51:32.697  1366  8265 W ActivityTaskManager: Tried to set launchTime (0) < mLastActivityLaunchTime (1645544107)
07-25 18:51:33.711  1366  3452 W NotificationService: Toast already killed. pkg=com.collector token=android.os.BinderProxy@e278c34
07-25 18:51:35.218  1366  1412 W WindowManager: Unable to start animation, surface is null or no children.
07-25 18:51:44.711  1366  1366 W WindowManager: removeWindowToken: Attempted to remove non-existing token: android.os.Binder@6731286
07-25 18:51:52.960  1366  3452 W NotificationService: Toast already killed. pkg=com.collector token=android.os.BinderProxy@8bef30
07-25 18:51:54.456  1366  1412 W WindowManager: Unable to start animation, surface is null or no children.
07-25 18:52:00.189  1366 16311 W NotificationService: Toast already killed. pkg=com.collector token=android.os.BinderProxy@c7d1166
07-25 18:52:01.685  1366  1412 W WindowManager: Unable to start animation, surface is null or no children.
07-25 18:52:03.954  1366  1366 W WindowManager: removeWindowToken: Attempted to remove non-existing token: android.os.Binder@3a3f085
07-25 18:52:11.189  1366  1366 W WindowManager: removeWindowToken: Attempted to remove non-existing token: android.os.Binder@83a868c
07-25 18:52:23.276  1366  1410 D AutofillManagerService: onBackKeyPressed()
07-25 18:52:23.644  1366  3452 W NotificationService: Toast already killed. pkg=com.collector token=android.os.BinderProxy@386ec33
07-25 18:52:24.205  1366  1410 D AutofillManagerService: onBackKeyPressed()
07-25 18:52:24.802  1366 16311 W ActivityTaskManager: Finishing task with all activities already finished
07-25 18:52:24.802  1366 16311 W ActivityTaskManager: Duplicate finish request for r=ActivityRecord{b054e55 u0 com.collector/.MainActivity t8844 f}}
07-25 18:52:24.825  1366  3452 W ActivityManager: Unable to start service Intent { act=com.android.launcher3.WINDOW_OVERLAY dat=app://com.android.launcher3:10152?v=9&cv=14 pkg=com.google.android.googlequicksearchbox } U=0: not found
07-25 18:52:24.858  1366  1410 D AutofillManagerService: onBackKeyPressed()
07-25 18:52:25.144  1366  1412 W WindowManager: Unable to start animation, surface is null or no children.
07-25 18:52:26.072  1366  1394 I ActivityTaskManager: START u0 {act=android.intent.action.MAIN cat=[android.intent.category.LAUNCHER] flg=0x10200000 cmp=com.collector/.MainActivity bnds=[844,1039][1048,1397]} from uid 10152
07-25 18:52:26.091  1366  1394 W ActivityTaskManager: Tried to set launchTime (0) < mLastActivityLaunchTime (1645790680)
07-25 18:52:34.640  1366  1366 W WindowManager: removeWindowToken: Attempted to remove non-existing token: android.os.Binder@5e0cbf9
07-25 18:55:29.818  1366  1410 D AutofillManagerService: onBackKeyPressed()
07-25 18:55:30.630  1366 16311 W NotificationService: Toast already killed. pkg=com.collector token=android.os.BinderProxy@159f791
07-25 18:55:32.131  1366  1412 W WindowManager: Unable to start animation, surface is null or no children.
07-25 18:55:32.239  1366  1394 W ActivityManager: Unable to start service Intent { act=com.android.launcher3.WINDOW_OVERLAY dat=app://com.android.launcher3:10152?v=9&cv=14 pkg=com.google.android.googlequicksearchbox } U=0: not found
07-25 18:55:33.025  1366  1865 I ActivityTaskManager: START u0 {act=android.intent.action.MAIN cat=[android.intent.category.LAUNCHER] flg=0x10200000 cmp=com.collector/.MainActivity bnds=[844,1039][1048,1397]} from uid 10152
07-25 18:55:33.040  1366  8265 W ActivityTaskManager: Tried to set launchTime (0) < mLastActivityLaunchTime (1645844074)
07-25 18:55:41.628  1366  1366 W WindowManager: removeWindowToken: Attempted to remove non-existing token: android.os.Binder@1b0b67a
07-25 18:56:05.746  1366  1410 D AutofillManagerService: onBackKeyPressed()
07-25 18:56:06.266  1366  1410 D AutofillManagerService: onBackKeyPressed()
07-25 18:56:06.367  1366  8265 W NotificationService: Toast already killed. pkg=com.collector token=android.os.BinderProxy@92945c6
07-25 18:56:06.977  1366  1409 D AutofillManagerService: Close system dialogs
07-25 18:56:07.431  1366  9970 W ActivityManager: Unable to start service Intent { act=com.android.launcher3.WINDOW_OVERLAY dat=app://com.android.launcher3:10152?v=9&cv=14 pkg=com.google.android.googlequicksearchbox } U=0: not found
07-25 18:56:07.455  1366  1366 W ActivityManager: Receiver with filter android.content.IntentFilter@cc6167c already registered for pid 1366, callerPackage is android
07-25 18:56:07.717  1366  1412 I ActivityManager: Killing 17840:com.collector/u0a328 (adj 900): remove task
07-25 18:56:07.785  1366  1409 D AutofillManagerService: Close system dialogs
07-25 18:56:07.869  1366  1412 W WindowManager: Unable to start animation, surface is null or no children.
07-25 18:56:07.869  1366  1409 D AutofillManagerService: Close system dialogs
07-25 18:56:08.072  1366  1412 W ActivityManager: setHasOverlayUi called on unknown pid: 17840
07-25 18:56:08.685  1366 16311 I ActivityTaskManager: START u0 {act=android.intent.action.MAIN cat=[android.intent.category.LAUNCHER] flg=0x10200000 cmp=com.collector/.MainActivity bnds=[844,1039][1048,1397]} from uid 10152
07-25 18:56:08.705  1366  1412 D CompatibilityChangeReporter: Compat change id reported: 135634846; UID 10328; state: DISABLED
07-25 18:56:08.705  1366  1412 D CompatibilityChangeReporter: Compat change id reported: 135754954; UID 10328; state: ENABLED
07-25 18:56:08.706  1366  1423 D CompatibilityChangeReporter: Compat change id reported: 143937733; UID 10328; state: ENABLED
07-25 18:56:08.726  1366  1423 I ActivityManager: Start proc 17842:com.collector/u0a328 for pre-top-activity {com.collector/com.collector.MainActivity}
07-25 18:56:17.364  1366  1366 W WindowManager: removeWindowToken: Attempted to remove non-existing token: android.os.Binder@ca2d44a
07-25 18:56:52.064  1366  1410 D AutofillManagerService: onBackKeyPressed()
07-25 18:58:25.166  1366  1410 D AutofillManagerService: onBackKeyPressed()
07-25 18:58:25.238  1366 16311 W ActivityManager: Unable to start service Intent { act=com.android.launcher3.WINDOW_OVERLAY dat=app://com.android.launcher3:10152?v=9&cv=14 pkg=com.google.android.googlequicksearchbox } U=0: not found
07-25 18:58:34.399  1366  2517 I ActivityTaskManager: START u0 {act=android.intent.action.MAIN cat=[android.intent.category.LAUNCHER] flg=0x10200000 cmp=com.collector/.MainActivity bnds=[844,1039][1048,1397]} from uid 10152
07-25 18:58:34.419  1366  1394 W ActivityTaskManager: Tried to set launchTime (0) < mLastActivityLaunchTime (1646066740)
07-25 18:59:11.427  1366  1366 W ActivityManager: Receiver with filter android.content.IntentFilter@1a5c16a already registered for pid 1366, callerPackage is android
07-25 19:02:53.666  1366  1366 W ActivityManager: Receiver with filter android.content.IntentFilter@92bd646 already registered for pid 1366, callerPackage is android
07-25 19:03:42.907  1366  1410 D AutofillManagerService: onBackKeyPressed()
07-25 19:03:43.398  1366  1394 W NotificationService: Toast already killed. pkg=com.collector token=android.os.BinderProxy@75521d0
07-25 19:03:43.765  1366  1410 D AutofillManagerService: onBackKeyPressed()
07-25 19:03:43.977  1366  1394 W ActivityTaskManager: Finishing task with all activities already finished
07-25 19:03:43.977  1366  1394 W ActivityTaskManager: Duplicate finish request for r=ActivityRecord{85a3efa u0 com.collector/.MainActivity t8848 f}}
07-25 19:03:43.986  1366  3441 W ActivityManager: Unable to start service Intent { act=com.android.launcher3.WINDOW_OVERLAY dat=app://com.android.launcher3:10152?v=9&cv=14 pkg=com.google.android.googlequicksearchbox } U=0: not found
07-25 19:03:44.442  1366  1410 D AutofillManagerService: onBackKeyPressed()
07-25 19:03:44.893  1366  1412 W WindowManager: Unable to start animation, surface is null or no children.
07-25 19:03:45.509  1366 16311 I ActivityTaskManager: START u0 {act=android.intent.action.MAIN cat=[android.intent.category.LAUNCHER] flg=0x10300000 cmp=com.collector/.MainActivity} from uid 10152
07-25 19:03:45.523  1366 16311 W ActivityTaskManager: Tried to set launchTime (0) < mLastActivityLaunchTime (1646212402)
07-25 19:03:54.386  1366  1366 W WindowManager: removeWindowToken: Attempted to remove non-existing token: android.os.Binder@b3f10d2
07-25 19:04:11.991  1366  1410 D AutofillManagerService: onBackKeyPressed()
07-25 19:04:26.715  1366  1421 I UsageStatsService: User[0] Flushing usage stats to disk
07-25 19:04:48.091  1366  1410 D AutofillManagerService: onBackKeyPressed()
07-25 19:04:48.146  1366 16311 W ActivityManager: Unable to start service Intent { act=com.android.launcher3.WINDOW_OVERLAY dat=app://com.android.launcher3:10152?v=9&cv=14 pkg=com.google.android.googlequicksearchbox } U=0: not found
07-25 19:04:53.127  1366  1366 W ActivityManager: Receiver with filter android.content.IntentFilter@774c2fe already registered for pid 1366, callerPackage is android
07-25 19:09:11.432  1366  1366 W ActivityManager: Receiver with filter android.content.IntentFilter@c276e0 already registered for pid 1366, callerPackage is android
07-25 19:09:41.126  1366  1455 V DisplayPowerController: Brightness [0.029410169] reason changing to: 'manual [ dim ]', previous reason: 'manual'.
07-25 19:09:48.098  1366  1455 I PowerManagerService: Going to sleep due to timeout (uid 1000)...
07-25 19:09:48.141  1366  1455 V DisplayPowerController: Brightness [0.06941017] reason changing to: 'manual', previous reason: 'manual [ dim ]'.
07-25 19:09:48.566  1366  1455 I DisplayPowerController: Blocking screen off
07-25 19:09:48.566  1366  1455 I DisplayPowerController: Unblocked screen off after 1 ms
07-25 19:09:48.632  1366  1455 D ActivityTaskManager: Top Process State changed to PROCESS_STATE_TOP_SLEEPING
07-25 19:09:48.639  1366  1366 W ActivityManager: Receiver with filter android.content.IntentFilter@4f1d6d1 already registered for pid 1366, callerPackage is android
07-25 19:09:48.697  1366  1455 V DisplayPowerController: Brightness [-1.0] reason changing to: 'screen_off', previous reason: 'manual'.
07-25 19:09:48.722  1366  1412 I DisplayManagerService: Display device changed state: "Built-in Screen", OFF
07-25 19:09:48.898  1366  1455 I DreamManagerService: Entering dreamland.
07-25 19:09:48.899  1366  1455 I PowerManagerService: Dozing...
07-25 19:09:48.901  1366  1409 I DreamController: Starting dream: name=ComponentInfo{com.android.systemui/com.android.systemui.doze.DozeService}, isTest=false, canDoze=true, userId=0
07-25 19:09:48.902  1366  1409 D AutofillManagerService: Close system dialogs
07-25 19:09:48.948  1366  9970 D CompatibilityChangeReporter: Compat change id reported: 135634846; UID 10245; state: DISABLED
07-25 19:09:48.948  1366  9970 D CompatibilityChangeReporter: Compat change id reported: 135754954; UID 10245; state: ENABLED
07-25 19:09:48.948  1366  1423 D CompatibilityChangeReporter: Compat change id reported: 143937733; UID 10245; state: ENABLED
07-25 19:09:48.961  1366  1423 I ActivityManager: Start proc 31884:io.github.deweyreed.clipboardcleaner/u0a245 for service {io.github.deweyreed.clipboardcleaner/io.github.deweyreed.clipboardcleaner.tile.CleanTileService}
07-25 19:09:48.997  1366 16311 D BiometricUtils: isEncrypted: false isLockdown: false
07-25 19:09:49.006  1366  3441 I ActivityManager: Killing 28131:com.android.emergency/u0a156 (adj 955): empty for 2465s
07-25 19:09:49.038  1366  1366 V FingerprintService: startAuthentication(com.android.systemui)
07-25 19:09:49.038  1366  1366 V FingerprintService: starting client AuthenticationClientImpl(com.android.systemui) targetUserId: 0 currentUserId: 0 cookie: 0/0
07-25 19:09:49.056  1366  1366 W FingerprintService: client com.android.systemui is authenticating...
07-25 19:09:53.635  1366  1412 W ActivityTaskManager: Sleep timeout!  Sleeping now.
07-25 19:12:54.099  1366  1810 I PowerManagerService: Waking up from Dozing (uid=1000, reason=WAKE_REASON_POWER_BUTTON, details=android.policy:POWER)...
07-25 19:12:54.117  1366  1455 I DisplayPowerController: Blocking screen on until initial contents have been drawn.
07-25 19:12:54.142  1366  1366 W ActivityManager: Receiver with filter android.content.IntentFilter@4b6bd2e already registered for pid 1366, callerPackage is android
07-25 19:12:54.150  1366  1455 V DisplayPowerController: Brightness [0.06941017] reason changing to: 'manual', previous reason: 'screen_off'.
07-25 19:12:54.151  1366  1412 I DisplayManagerService: Display device changed state: "Built-in Screen", ON
07-25 19:12:54.168  1366  1810 I WindowManager: Suppressed redundant power key press while already in the process of turning the screen on.
07-25 19:12:54.202  1366  1455 I DisplayPowerController: Unblocked screen on after 85 ms
07-25 19:12:54.261  1366  1455 W PowerManagerService: Screen on took 203 ms
07-25 19:12:54.261  1366  1455 I DreamManagerService: Gently waking up from dream.
07-25 19:12:54.262  1366  1409 I DreamManagerService: Performing gentle wake from dream.
07-25 19:12:54.293  1366  9970 I DreamManagerService: Leaving dreamland.
07-25 19:12:54.293  1366  1409 I DreamManagerService: Performing gentle wake from dream.
07-25 19:12:54.293  1366  1409 I DreamController: Stopping dream: name=ComponentInfo{com.android.systemui/com.android.systemui.doze.DozeService}, isTest=false, canDoze=true, userId=0, reason='finished self'(from 'requested stopDream')
07-25 19:12:55.569  1366  1366 V FingerprintService: Acquired: 6 5
07-25 19:12:55.569 10442 10442 W FingerprintManager: Invalid acquired message: 6, 5
07-25 19:12:55.569  1366  1366 V FingerprintService: Acquired: 0 0
07-25 19:12:55.570  1366  1366 V BiometricStats: Authentication latency: -1
07-25 19:12:55.570  1366  1366 W BiometricStats: found a negative latency : -1
07-25 19:12:55.570  1366  1366 V FingerprintService: onAuthenticated(true), ID:1872572235, Owner: com.android.systemui, isBP: false, listener: com.android.server.biometrics.fingerprint.FingerprintService$ServiceListenerImpl@40c0a89, requireConfirmation: false, user: 0
07-25 19:12:55.596  1366  1366 V FingerprintService: Done with client: com.android.systemui
07-25 19:12:55.869  1366 16311 D ActivityTaskManager: Top Process State changed to PROCESS_STATE_TOP
07-25 19:12:55.881  1366  1394 W ActivityManager: Unable to start service Intent { act=com.android.launcher3.WINDOW_OVERLAY dat=app://com.android.launcher3:10152?v=9&cv=14 pkg=com.google.android.googlequicksearchbox } U=0: not found
07-25 19:12:56.947  1366  7910 I ActivityTaskManager: START u0 {act=android.intent.action.MAIN cat=[android.intent.category.LAUNCHER] flg=0x10200000 cmp=com.collector/.MainActivity bnds=[844,1039][1048,1397]} from uid 10152
07-25 19:12:56.968  1366  3441 W ActivityTaskManager: Tried to set launchTime (0) < mLastActivityLaunchTime (1646523506)
07-25 19:12:59.426  1366  1394 W NotificationService: Toast already killed. pkg=com.collector token=android.os.BinderProxy@dd4fff3
07-25 19:13:00.926  1366  1412 W WindowManager: Unable to start animation, surface is null or no children.
07-25 19:13:06.894  1366  1410 D AutofillManagerService: onBackKeyPressed()
07-25 19:13:10.427  1366  1366 W WindowManager: removeWindowToken: Attempted to remove non-existing token: android.os.Binder@efd9768
07-25 19:13:27.190  1366  1410 D AutofillManagerService: onBackKeyPressed()
07-25 19:13:56.823  1366  1435 W BatteryExternalStatsWorker: modem info is invalid: ModemActivityInfo{ mTimestamp=2840061032 mSleepTimeMs=-1492384337 mIdleTimeMs=8893098 mTransmitPowerInfo[]=[TransmitPower{ mTimeInMillis=0 mPowerRangeInDbm={-2147483648,0}}, TransmitPower{ mTimeInMillis=0 mPowerRangeInDbm={0,5}}, TransmitPower{ mTimeInMillis=0 mPowerRangeInDbm={5,15}}, TransmitPower{ mTimeInMillis=0 mPowerRangeInDbm={15,20}}, TransmitPower{ mTimeInMillis=0 mPowerRangeInDbm={20,2147483647}}] mRxTimeMs=28574997}
07-25 19:14:32.736  1366  1410 D AutofillManagerService: onBackKeyPressed()
07-25 19:14:32.793  1366  9970 W ActivityManager: Unable to start service Intent { act=com.android.launcher3.WINDOW_OVERLAY dat=app://com.android.launcher3:10152?v=9&cv=14 pkg=com.google.android.googlequicksearchbox } U=0: not found
07-25 19:14:55.971  1366  3441 W NotificationService: Toast already killed. pkg=com.collector token=android.os.BinderProxy@ca46ace
07-25 19:14:57.453  1366  1412 W WindowManager: Unable to start animation, surface is null or no children.
07-25 19:15:00.145  1366  1394 I ActivityTaskManager: START u0 {act=android.intent.action.MAIN cat=[android.intent.category.LAUNCHER] flg=0x10200000 cmp=com.collector/.MainActivity bnds=[844,1039][1048,1397]} from uid 10152
07-25 19:15:00.164  1366  1394 W ActivityTaskManager: Tried to set launchTime (0) < mLastActivityLaunchTime (1646967537)
07-25 19:15:06.960  1366  1366 W WindowManager: removeWindowToken: Attempted to remove non-existing token: android.os.Binder@af5d41b
07-25 19:16:48.118  1366  1410 D AutofillManagerService: onBackKeyPressed()
07-25 19:16:48.951  1366  1410 D AutofillManagerService: onBackKeyPressed()
07-25 19:16:49.197  1366  7910 W NotificationService: Toast already killed. pkg=com.collector token=android.os.BinderProxy@61f4733
07-25 19:16:50.075  1366  9970 W ActivityManager: Unable to start service Intent { act=com.android.launcher3.WINDOW_OVERLAY dat=app://com.android.launcher3:10152?v=9&cv=14 pkg=com.google.android.googlequicksearchbox } U=0: not found
07-25 19:16:50.697  1366  1412 W WindowManager: Unable to start animation, surface is null or no children.
07-25 19:16:58.439  1366  3441 I ActivityTaskManager: START u0 {act=android.intent.action.MAIN cat=[android.intent.category.LAUNCHER] flg=0x10200000 cmp=com.collector/.MainActivity bnds=[844,1039][1048,1397]} from uid 10152
07-25 19:16:58.459  1366 16311 W ActivityTaskManager: Tried to set launchTime (0) < mLastActivityLaunchTime (1647090734)
07-25 19:16:59.543  1366  3441 W NotificationService: Toast already killed. pkg=com.collector token=android.os.BinderProxy@aa03e10
07-25 19:17:00.191  1366  1366 W WindowManager: removeWindowToken: Attempted to remove non-existing token: android.os.Binder@3b5c866
07-25 19:17:01.047  1366  1412 W WindowManager: Unable to start animation, surface is null or no children.
07-25 19:17:08.491  1366  1366 W ActivityManager: Receiver with filter android.content.IntentFilter@1258de6 already registered for pid 1366, callerPackage is android
07-25 19:17:10.539  1366  1366 W WindowManager: removeWindowToken: Attempted to remove non-existing token: android.os.Binder@6ecdb4d
07-25 19:19:11.485  1366  1366 W ActivityManager: Receiver with filter android.content.IntentFilter@aed8b0f already registered for pid 1366, callerPackage is android
07-25 19:20:39.647  1366  1410 D AutofillManagerService: onBackKeyPressed()
07-25 19:20:39.787  1366  3046 W ActivityManager: Unable to start service Intent { act=com.android.launcher3.WINDOW_OVERLAY dat=app://com.android.launcher3:10152?v=9&cv=14 pkg=com.google.android.googlequicksearchbox } U=0: not found
07-25 19:20:39.855  1366  3441 W NotificationService: Toast already killed. pkg=com.collector token=android.os.BinderProxy@3654694
07-25 19:20:41.036  1366  3441 I ActivityTaskManager: START u0 {act=android.intent.action.MAIN cat=[android.intent.category.LAUNCHER] flg=0x10200000 cmp=com.collector/.MainActivity bnds=[844,1039][1048,1397]} from uid 10152
07-25 19:20:41.054  1366  3046 W ActivityTaskManager: Tried to set launchTime (0) < mLastActivityLaunchTime (1647209028)
07-25 19:20:41.318  1366  1412 W WindowManager: Unable to start animation, surface is null or no children.
07-25 19:20:50.826  1366  1366 W WindowManager: removeWindowToken: Attempted to remove non-existing token: android.os.Binder@fcd55ff
07-25 19:22:43.004  1366  1410 D AutofillManagerService: onBackKeyPressed()
07-25 19:22:43.711  1366  1410 D AutofillManagerService: onBackKeyPressed()
07-25 19:22:43.936  1366  3046 W NotificationService: Toast already killed. pkg=com.collector token=android.os.BinderProxy@770e20a
07-25 19:22:44.896  1366  1409 D AutofillManagerService: Close system dialogs
07-25 19:22:45.338  1366  1395 W ActivityTaskManager: Finishing task with all activities already finished
07-25 19:22:45.338  1366  1395 W ActivityTaskManager: Duplicate finish request for r=ActivityRecord{a98132e u0 com.collector/.MainActivity t8852 f}}
07-25 19:22:45.383  1366  2271 W ActivityManager: Unable to start service Intent { act=com.android.launcher3.WINDOW_OVERLAY dat=app://com.android.launcher3:10152?v=9&cv=14 pkg=com.google.android.googlequicksearchbox } U=0: not found
07-25 19:22:45.437  1366  1412 W WindowManager: Unable to start animation, surface is null or no children.
07-25 19:22:45.869  1366  1412 I ActivityManager: Killing 17842:com.collector/u0a328 (adj 900): remove task
07-25 19:22:46.171  1366  1412 W ActivityManager: setHasOverlayUi called on unknown pid: 17842
07-25 19:22:46.675  1366  1810 D WindowManager: powerPress: eventTime=1647557069 interactive=true count=1 beganFromNonInteractive=false mShortPressOnPowerBehavior=1
07-25 19:22:46.675  1366  1810 I PowerManagerService: Going to sleep due to power_button (uid 1000)...
07-25 19:22:47.138  1366  1455 I DisplayPowerController: Blocking screen off
07-25 19:22:47.139  1366  1455 I DisplayPowerController: Unblocked screen off after 0 ms
07-25 19:22:47.186  1366  1455 D ActivityTaskManager: Top Process State changed to PROCESS_STATE_TOP_SLEEPING
07-25 19:22:47.249  1366  1366 W ActivityManager: Receiver with filter android.content.IntentFilter@12aa7d already registered for pid 1366, callerPackage is android
07-25 19:22:47.255  1366  1455 V DisplayPowerController: Brightness [-1.0] reason changing to: 'screen_off', previous reason: 'manual'.
07-25 19:22:47.278  1366  1412 I DisplayManagerService: Display device changed state: "Built-in Screen", OFF
07-25 19:22:47.461  1366  1455 I DreamManagerService: Entering dreamland.
07-25 19:22:47.462  1366  1455 I PowerManagerService: Dozing...
07-25 19:22:47.465  1366  1409 I DreamController: Starting dream: name=ComponentInfo{com.android.systemui/com.android.systemui.doze.DozeService}, isTest=false, canDoze=true, userId=0
07-25 19:22:47.467  1366  1409 D AutofillManagerService: Close system dialogs
07-25 19:22:47.562  1366  2271 D BiometricUtils: isEncrypted: false isLockdown: false
07-25 19:22:47.568  1366  1366 V FingerprintService: startAuthentication(com.android.systemui)
07-25 19:22:47.568  1366  1366 V FingerprintService: starting client AuthenticationClientImpl(com.android.systemui) targetUserId: 0 currentUserId: 0 cookie: 0/0
07-25 19:22:47.583  1366  1366 W FingerprintService: client com.android.systemui is authenticating...
07-25 19:22:52.190  1366  1412 W ActivityTaskManager: Sleep timeout!  Sleeping now.
07-25 19:23:00.374  1366  1366 W WindowManager: removeWindowToken: Attempted to remove non-existing token: android.os.Binder@41f3450
07-25 19:23:23.872  1366  1366 W ActivityManager: Receiver with filter android.content.IntentFilter@11f4994 already registered for pid 1366, callerPackage is android
07-25 19:29:11.433  1366  1366 W ActivityManager: Receiver with filter android.content.IntentFilter@cec3d42 already registered for pid 1366, callerPackage is android
07-25 19:29:13.646  1366  1435 D BatteryStatsImpl: Reading cpu stats took 205ms
07-25 19:30:21.526  1366  1435 D BatteryStatsImpl: Reading cpu freq times took 172ms
07-25 19:32:04.570  1366  1810 I PowerManagerService: Waking up from Dozing (uid=1000, reason=WAKE_REASON_POWER_BUTTON, details=android.policy:POWER)...
