07-24 18:14:48.005  1366  1411 I chatty  : uid=1000(system) android.io expire 2 lines
07-24 18:15:03.683  1366  1435 I chatty  : uid=1000(system) batterystats-wo expire 4 lines
07-24 18:17:18.053  1366  1421 I chatty  : uid=1000(system) android.bg expire 2 lines
07-24 18:17:26.491  1366  1422 I chatty  : uid=1000(system) ActivityManager expire 8 lines
07-24 18:17:26.679  1366  1394 I chatty  : uid=1000(system) Binder:1366_1 expire 4 lines
07-24 18:17:26.690  1366  1423 I chatty  : uid=1000(system) ActivityManager expire 10 lines
07-24 18:17:26.691  1366  1395 I chatty  : uid=1000(system) Binder:1366_2 expire 3 lines
07-24 18:17:27.143  1366  3044 I chatty  : uid=1000(system) Binder:1366_D expire 4 lines
07-24 18:17:27.689  1366  9544 I chatty  : uid=1000(system) Binder:1366_1D expire 8 lines
07-24 18:17:29.427  9914 10269 E ActivityThread: Failed to find provider info for com.android.badge
07-24 18:20:05.054  1366  1455 I chatty  : uid=1000(system) PowerManagerSer expire 20 lines
07-24 18:20:05.337  1366  1409 I chatty  : uid=1000(system) android.fg expire 10 lines
07-24 18:28:05.844  1366  1985 I chatty  : uid=1000(system) Binder:1366_5 expire 1 line
07-24 18:35:47.263  1366  8325 I chatty  : uid=1000(system) Binder:1366_1B expire 3 lines
07-24 18:35:51.409 12138 12229 E ActivityThread: Failed to find provider info for com.google.android.gms.chimera
07-24 18:35:51.947  1366  1366 I chatty  : uid=1000(system) Binder:1366_3 expire 12 lines
07-24 18:36:13.181  1366  3045 I chatty  : uid=1000(system) Binder:1366_E expire 1 line
07-24 18:36:13.370  1366  9970 I chatty  : uid=1000(system) Binder:1366_1E expire 6 lines
07-24 18:36:15.774 12510 12932 E ActivityThread: Failed to find provider info for com.android.badge
07-24 18:36:16.064  1366  1423 I chatty  : uid=1000(system) ActivityManager expire 2 lines
07-24 18:39:07.261  1366  1810 I chatty  : uid=1000(system) InputReader expire 6 lines
07-24 18:39:07.720  1366  1455 I chatty  : uid=1000(system) PowerManagerSer expire 17 lines
07-24 18:39:07.754  1366  1366 I chatty  : uid=1000(system) Binder:1366_3 expire 16 lines
07-24 18:39:08.053  1366  1409 I chatty  : uid=1000(system) android.fg expire 7 lines
07-24 18:39:46.799  1366  7201 I chatty  : uid=1000(system) Binder:1366_17 expire 1 line
07-24 18:40:57.155  1366  1366 I chatty  : uid=1000(system) Binder:1366_3 expire 11 lines
07-24 18:41:01.728  1366  1412 I chatty  : uid=1000(system) android.display expire 10 lines
07-24 18:41:04.169  1366  1435 I chatty  : uid=1000(system) batterystats-wo expire 3 lines
07-24 18:43:20.215  1366  1422 I chatty  : uid=1000(system) ActivityManager expire 8 lines
07-24 18:43:22.670  1366  1394 I chatty  : uid=1000(system) Binder:1366_1 expire 6 lines
07-24 18:43:22.678  1366  1423 I chatty  : uid=1000(system) ActivityManager expire 8 lines
07-24 18:43:34.301  1366  6952 I chatty  : uid=1000(system) Binder:1366_16 expire 13 lines
07-24 18:43:54.547  1366  3044 I chatty  : uid=1000(system) Binder:1366_D expire 9 lines
07-24 18:48:06.998  1366  1455 I chatty  : uid=1000(system) PowerManagerSer expire 14 lines
07-24 18:48:07.002  1366  1409 I chatty  : uid=1000(system) android.fg expire 15 lines
07-24 18:48:07.125  1366  1410 I chatty  : uid=1000(system) android.ui expire 10 lines
07-24 18:51:08.185 15127 16313 E ActivityThread: Failed to find provider info for com.android.badge
07-24 18:53:05.405  1366  1810 I chatty  : uid=1000(system) InputReader expire 6 lines
07-24 18:53:05.438  1366  1455 I chatty  : uid=1000(system) PowerManagerSer expire 16 lines
07-24 18:53:05.601  1366  1985 I chatty  : uid=1000(system) Binder:1366_5 expire 4 lines
07-24 18:53:07.222 10442 10442 W FingerprintManager: Invalid acquired message: 6, 5
07-24 18:53:07.222  1366  1366 I chatty  : uid=1000(system) Binder:1366_3 expire 13 lines
07-24 18:53:40.923  1366 16482 I chatty  : uid=1000(system) Binder:1366_21 expire 8 lines
07-24 18:53:40.957  1366  1421 I chatty  : uid=1000(system) android.bg expire 2 lines
07-24 18:53:41.577  1366  1855 I chatty  : uid=1000(system) ConnectivitySer expire 5 lines
07-24 18:53:53.675  1366  2198 I chatty  : uid=1000(system) Binder:1366_8 expire 15 lines
07-24 18:55:20.574   846   846 E iardb   : [iar_db_get_iar_state] failed to open file /mnt/vendor/spunvm/iar_db/iar_state.bin [2] [No such file or directory]
07-24 18:55:20.574   846   846 D iarlib  : [iar_get_state] Can't get iar_state, return DISABLED
07-24 18:55:20.574   846   846 I iarlib  : [iar_check_spu_images_update] IAR is NOT Activated.
07-24 18:55:20.666  1366  1366 I chatty  : uid=1000(system) Binder:1366_3 expire 13 lines
07-24 18:55:31.802  1366  1409 I chatty  : uid=1000(system) android.fg expire 2 lines
07-24 18:55:32.886  1366  1865 I chatty  : uid=1000(system) Binder:1366_4 expire 3 lines
07-24 18:55:45.990  1366  2517 I chatty  : uid=1000(system) Binder:1366_A expire 1 line
07-24 18:55:52.285   846   846 E spcomlib: [spcom_wait_for_event] event [0] [pil_called] EVENT_STATUS_TIMEOUT
07-24 18:55:52.285   846   846 E spcomlib: [spcom_wait_for_sp_link_up] PIL not called !
07-24 18:55:52.289   846   846 E iarlib  : [iar_store_new_images_cmac] ion_buf is NULL
07-24 18:56:08.873  1366  8325 I chatty  : uid=1000(system) Binder:1366_1B expire 1 line
07-24 18:56:08.877  1366  1412 I chatty  : uid=1000(system) android.display expire 1 line
07-24 18:56:32.451  1366  2197 I chatty  : uid=1000(system) Binder:1366_7 expire 3 lines
07-24 18:57:43.875  1366  1395 I chatty  : uid=1000(system) Binder:1366_2 expire 3 lines
07-24 18:58:29.276  1366  1855 I chatty  : uid=1000(system) ConnectivitySer expire 11 lines
07-24 18:58:32.703  1366  2198 I chatty  : uid=1000(system) Binder:1366_8 expire 5 lines
07-24 18:58:45.133  1366  2197 I chatty  : uid=1000(system) Binder:1366_7 expire 1 line
07-24 18:58:45.134  1366  3452 I chatty  : uid=1000(system) Binder:1366_12 expire 4 lines
07-24 18:58:45.135  1366  6952 I chatty  : uid=1000(system) Binder:1366_16 expire 1 line
07-24 18:59:27.804  1366  1410 I chatty  : uid=1000(system) android.ui expire 9 lines
07-24 18:59:39.432  1366  1366 I chatty  : uid=1000(system) Binder:1366_3 expire 12 lines
07-24 19:02:36.972  1366  1435 I chatty  : uid=1000(system) batterystats-wo expire 5 lines
07-24 19:05:56.514  1366  1810 I chatty  : uid=1000(system) InputReader expire 8 lines
07-24 19:05:56.969  1366  1455 I chatty  : uid=1000(system) PowerManagerSer expire 10 lines
07-24 19:05:57.063  1366  1412 I chatty  : uid=1000(system) android.display expire 8 lines
07-24 19:05:57.285  1366  1409 I chatty  : uid=1000(system) android.fg expire 10 lines
07-24 19:05:57.404  1366  8206 I chatty  : uid=1000(system) Binder:1366_19 expire 2 lines
07-24 19:05:57.842  1366  2517 I chatty  : uid=1000(system) Binder:1366_A expire 1 line
07-24 19:06:20.790  1366  9139 I chatty  : uid=1000(system) Binder:1366_1C expire 4 lines
07-24 19:08:57.385  1366  7201 I chatty  : uid=1000(system) Binder:1366_17 expire 1 line
07-24 19:14:03.162  1366  3045 I chatty  : uid=1000(system) Binder:1366_E expire 10 lines
07-24 19:23:33.591  1366  1422 I chatty  : uid=1000(system) ActivityManager expire 9 lines
07-24 19:43:52.478  1366  1421 I chatty  : uid=1000(system) android.bg expire 1 line
07-24 19:44:02.218  1366  3441 I chatty  : uid=1000(system) Binder:1366_10 expire 6 lines
07-24 19:44:06.743  1366  1423 I chatty  : uid=1000(system) ActivityManager expire 4 lines
07-24 19:51:36.352 10442 10442 W FingerprintManager: Invalid acquired message: 6, 0
07-24 19:51:36.645  1366  1366 I chatty  : uid=1000(system) Binder:1366_3 expire 20 lines
07-24 19:51:36.646 10442 10442 W FingerprintManager: Invalid acquired message: 6, 1
07-24 19:51:40.033  1366  9970 I chatty  : uid=1000(system) Binder:1366_1E expire 1 line
07-24 19:51:40.068  1366  1865 I chatty  : uid=1000(system) Binder:1366_4 expire 1 line
07-24 19:51:44.617 20728 21311 E ActivityThread: Failed to find provider info for com.android.badge
07-24 19:51:50.547  1366  1455 I chatty  : uid=1000(system) PowerManagerSer expire 11 lines
07-24 19:51:50.945  1366  2179 I chatty  : uid=1000(system) Binder:1366_6 expire 1 line
07-24 19:51:51.372  1366 16311 I chatty  : uid=1000(system) Binder:1366_20 expire 1 line
07-24 19:55:37.254  1366  7910 I chatty  : uid=1000(system) Binder:1366_18 expire 1 line
07-24 19:55:38.788 10442 10442 W FingerprintManager: Invalid acquired message: 6, 5
07-24 19:55:38.788  1366  1366 I chatty  : uid=1000(system) Binder:1366_3 expire 10 lines
07-24 19:55:39.116  1366  1855 I chatty  : uid=1000(system) ConnectivitySer expire 4 lines
07-24 19:55:57.747  1366  1679 I chatty  : uid=1000(system) AlarmManager expire 1 line
07-24 19:56:26.484  1366  1813 I chatty  : uid=1000(system) AppIntegrityMan expire 1 line
07-24 19:56:26.485  1366  1467 I chatty  : uid=1000(system) PackageManager expire 32 lines
07-24 19:56:26.695  1366  1366 I chatty  : uid=1000(system) Binder:1366_3 expire 12 lines
07-24 19:56:26.701  1366 13907 I chatty  : uid=1000(system) Binder:1366_1F expire 1 line
07-24 19:56:26.704  1366  1422 I chatty  : uid=1000(system) ActivityManager expire 8 lines
07-24 19:56:26.713  1366  1423 I chatty  : uid=1000(system) ActivityManager expire 17 lines
07-24 19:56:26.742  1366  1421 I chatty  : uid=1000(system) android.bg expire 2 lines
07-24 19:56:26.781  1366  9970 I chatty  : uid=1000(system) Binder:1366_1E expire 5 lines
07-24 19:56:27.234  1366  9544 I chatty  : uid=1000(system) Binder:1366_1D expire 2 lines
07-24 19:56:27.258  1366  1412 I chatty  : uid=1000(system) android.display expire 6 lines
07-24 19:56:27.266  1366  3452 I chatty  : uid=1000(system) Binder:1366_12 expire 10 lines
07-24 19:56:27.994  1366  1855 I chatty  : uid=1000(system) ConnectivitySer expire 10 lines
07-24 19:56:28.105  1366  3044 I chatty  : uid=1000(system) Binder:1366_D expire 3 lines
07-24 19:57:42.525  1366  7201 I chatty  : uid=1000(system) Binder:1366_17 expire 7 lines
07-24 19:57:46.759 22837 23339 E ActivityThread: Failed to find provider info for com.android.badge
07-24 19:57:53.294  1366  6952 I chatty  : uid=1000(system) Binder:1366_16 expire 5 lines
07-24 20:00:04.510  1366  1409 I chatty  : uid=1000(system) android.fg expire 6 lines
07-24 20:00:27.160  1366 16482 I chatty  : uid=1000(system) Binder:1366_21 expire 1 line
07-24 20:00:30.866  1366 24491 I chatty  : uid=1000(system) Binder:1366_3 expire 1 line
07-24 20:00:41.906  1366  1865 I chatty  : uid=1000(system) Binder:1366_4 expire 2 lines
07-24 20:00:42.028  1366  9139 I chatty  : uid=1000(system) Binder:1366_1C expire 2 lines
07-24 20:00:42.030 24607 24607 D ActivityThread: Loading provider contacts;com.android.contacts: com.android.providers.contacts.ContactsProvider2
07-24 20:00:42.147  1366  1366 I chatty  : uid=1000(system) Binder:1366_3 expire 73 lines
07-24 20:02:10.482  1366  8265 I chatty  : uid=1000(system) Binder:1366_1A expire 3 lines
07-24 20:03:23.167  1366  1410 I chatty  : uid=1000(system) android.ui expire 10 lines
07-24 20:07:42.718  1366 16311 I chatty  : uid=1000(system) Binder:1366_20 expire 7 lines
07-24 20:07:42.718  1366  1423 I chatty  : uid=1000(system) ActivityManager expire 6 lines
07-24 20:07:42.813  1366  1435 I chatty  : uid=1000(system) batterystats-wo expire 3 lines
07-24 20:07:46.809 25810 26165 E ActivityThread: Failed to find provider info for com.android.badge
07-24 20:07:49.067  1366  1366 I chatty  : uid=1000(system) Binder:1366_3 expire 145 lines
07-24 20:07:53.803  1366  7910 I chatty  : uid=1000(system) Binder:1366_18 expire 1 line
07-24 20:15:25.620  1366  3450 I chatty  : uid=1000(system) Binder:1366_11 expire 2 lines
07-24 20:15:55.925  1366  6731 I chatty  : uid=1000(system) Binder:1366_15 expire 1 line
07-24 20:15:57.945  1366  1410 I chatty  : uid=1000(system) android.ui expire 10 lines
07-24 20:16:01.509  1366  1813 I chatty  : uid=1000(system) AppIntegrityMan expire 1 line
07-24 20:16:01.510  1366  1467 I chatty  : uid=1000(system) PackageManager expire 32 lines
07-24 20:16:01.595  1366  1422 I chatty  : uid=1000(system) ActivityManager expire 12 lines
07-24 20:16:01.676  1366  1366 I chatty  : uid=1000(system) Binder:1366_3 expire 54 lines
07-24 20:16:01.742  1366  1421 I chatty  : uid=1000(system) android.bg expire 5 lines
07-24 20:16:01.960  1366  1412 I chatty  : uid=1000(system) android.display expire 3 lines
07-24 20:16:02.293  1366  8265 I chatty  : uid=1000(system) Binder:1366_1A expire 2 lines
07-24 20:16:02.312  1366  1423 I chatty  : uid=1000(system) ActivityManager expire 4 lines
07-24 20:18:32.986  1366  9970 I chatty  : uid=1000(system) Binder:1366_1E expire 2 lines
07-24 20:19:03.234  1366  2197 I chatty  : uid=1000(system) Binder:1366_7 expire 3 lines
07-24 20:19:15.611  1366  2179 I chatty  : uid=1000(system) Binder:1366_6 expire 1 line
07-24 20:19:15.612  1366  3441 I chatty  : uid=1000(system) Binder:1366_10 expire 5 lines
07-24 20:19:15.614  1366  1855 I chatty  : uid=1000(system) ConnectivitySer expire 25 lines
07-24 20:19:15.614  1366  3453 I chatty  : uid=1000(system) Binder:1366_13 expire 1 line
07-24 20:19:34.523  1366  2198 I chatty  : uid=1000(system) Binder:1366_8 expire 3 lines
07-24 20:19:34.550  1366  8206 I chatty  : uid=1000(system) Binder:1366_19 expire 6 lines
07-24 20:21:43.508  1366  1409 I chatty  : uid=1000(system) android.fg expire 13 lines
07-24 20:21:44.037  1366  8325 I chatty  : uid=1000(system) Binder:1366_1B expire 4 lines
07-24 20:21:44.119  1366  7910 I chatty  : uid=1000(system) Binder:1366_18 expire 3 lines
07-24 20:21:47.635 11833 11833 W ViewRootImpl[HomeActivity]: Dropping event due to root view being removed: KeyEvent { action=ACTION_UP, keyCode=KEYCODE_ENTER, scanCode=0, metaState=0, flags=0x16, repeatCount=0, eventTime=1591915862, downTime=1591915862, deviceId=-1, source=0x0, displayId=0 }
07-24 20:21:57.040  1366 13907 I chatty  : uid=1000(system) Binder:1366_1F expire 7 lines
07-24 20:22:00.961  1366  3046 I chatty  : uid=1000(system) Binder:1366_F expire 1 line
07-24 20:22:03.059  1366  9544 I chatty  : uid=1000(system) Binder:1366_1D expire 5 lines
07-24 20:22:34.739  1366  1366 I chatty  : uid=1000(system) Binder:1366_3 expire 49 lines
07-24 20:22:35.618 11833 11833 W ViewRootImpl[HomeActivity]: Dropping event due to root view being removed: KeyEvent { action=ACTION_UP, keyCode=KEYCODE_ENTER, scanCode=0, metaState=0, flags=0x16, repeatCount=0, eventTime=1591963855, downTime=1591963855, deviceId=-1, source=0x0, displayId=0 }
07-24 20:22:46.623  1366  1855 I chatty  : uid=1000(system) ConnectivitySer expire 2 lines
07-24 20:30:41.787  1366  1455 I chatty  : uid=1000(system) PowerManagerSer expire 2 lines
07-24 20:30:52.328  1366  2688 I chatty  : uid=1000(system) Binder:1366_B expire 4 lines
07-24 20:32:42.898  1366  1422 I chatty  : uid=1000(system) ActivityManager expire 16 lines
07-24 20:32:43.230  1366  3441 I chatty  : uid=1000(system) Binder:1366_10 expire 3 lines
07-24 20:32:43.231  1366  1855 I chatty  : uid=1000(system) ConnectivitySer expire 8 lines
07-24 20:32:43.237  1366  9970 I chatty  : uid=1000(system) Binder:1366_1E expire 10 lines
07-24 20:32:43.241  1366  7201 I chatty  : uid=1000(system) Binder:1366_17 expire 9 lines
07-24 20:32:43.249  1366  8265 I chatty  : uid=1000(system) Binder:1366_1A expire 3 lines
07-24 20:32:43.250  1366  1412 I chatty  : uid=1000(system) android.display expire 16 lines
07-24 20:32:43.274  1366  1423 I chatty  : uid=1000(system) ActivityManager expire 16 lines
07-24 20:32:43.337  1366  1394 I chatty  : uid=1000(system) Binder:1366_1 expire 6 lines
07-24 20:32:43.800  1366  4274 I chatty  : uid=1000(system) Binder:1366_14 expire 7 lines
07-24 20:32:46.241 32365 32707 E ActivityThread: Failed to find provider info for com.android.badge
07-24 20:32:57.410  1366  1409 I chatty  : uid=1000(system) android.fg expire 12 lines
07-24 20:32:57.900  1366  2198 I chatty  : uid=1000(system) Binder:1366_8 expire 9 lines
07-24 20:34:16.361  1366  1410 I chatty  : uid=1000(system) android.ui expire 6 lines
07-24 20:34:20.746  1366  7910 I chatty  : uid=1000(system) Binder:1366_18 expire 4 lines
07-24 20:35:22.695  1366  3452 I chatty  : uid=1000(system) Binder:1366_12 expire 2 lines
07-24 20:35:23.929  1366  6952 I chatty  : uid=1000(system) Binder:1366_16 expire 2 lines
07-24 20:35:23.943  1366  3453 I chatty  : uid=1000(system) Binder:1366_13 expire 2 lines
07-24 20:35:30.030  1366  2271 I chatty  : uid=1000(system) Binder:1366_9 expire 1 line
07-24 20:35:30.031  1366  3044 I chatty  : uid=1000(system) Binder:1366_D expire 6 lines
07-24 20:35:31.994  1366  3045 I chatty  : uid=1000(system) Binder:1366_E expire 1 line
07-24 20:35:38.606  1366  3046 I chatty  : uid=1000(system) Binder:1366_F expire 4 lines
07-24 20:35:41.376  1366 13907 I chatty  : uid=1000(system) Binder:1366_1F expire 4 lines
07-24 20:35:58.931  1366  3082 I chatty  : uid=1000(system) AdbDebuggingMan expire 6 lines
07-24 20:36:51.905  1366  1985 I chatty  : uid=1000(system) Binder:1366_5 expire 2 lines
07-24 20:36:51.946  1366  9544 I chatty  : uid=1000(system) Binder:1366_1D expire 1 line
07-24 20:36:53.361  1366  1813 I chatty  : uid=1000(system) AppIntegrityMan expire 1 line
07-24 20:36:53.362  1366  1467 I chatty  : uid=1000(system) PackageManager expire 32 lines
07-24 20:36:53.505  1366  1366 I chatty  : uid=1000(system) Binder:1366_3 expire 4 lines
07-24 20:36:53.592  1366  1421 I chatty  : uid=1000(system) android.bg expire 1 line
07-24 20:36:54.955  1366 16482 I chatty  : uid=1000(system) Binder:1366_21 expire 2 lines
07-24 20:40:18.254  1366  1435 I chatty  : uid=1000(system) batterystats-wo expire 2 lines
07-24 20:40:51.646  1366  2517 I chatty  : uid=1000(system) Binder:1366_A expire 4 lines
07-24 20:44:01.305  1366  1455 I chatty  : uid=1000(system) PowerManagerSer expire 13 lines
07-24 20:44:08.900  1366  1366 I chatty  : uid=1000(system) Binder:1366_3 expire 28 lines
07-24 20:44:08.909  1366  1412 I chatty  : uid=1000(system) android.display expire 10 lines
07-24 20:44:09.092  1366  1409 I chatty  : uid=1000(system) android.fg expire 10 lines
07-24 20:44:09.140  1366  9139 I chatty  : uid=1000(system) Binder:1366_1C expire 1 line
07-24 20:44:30.227  1366  1810 I chatty  : uid=1000(system) InputReader expire 2 lines
07-24 20:44:30.237  1366  4274 I chatty  : uid=1000(system) Binder:1366_14 expire 3 lines
07-24 20:44:32.009 10442 10442 W FingerprintManager: Invalid acquired message: 6, 5
07-24 20:44:32.297  1366  7201 I chatty  : uid=1000(system) Binder:1366_17 expire 1 line
07-24 20:44:33.882  1366 16311 I chatty  : uid=1000(system) Binder:1366_20 expire 8 lines
07-24 20:44:34.044  1366  6731 I chatty  : uid=1000(system) Binder:1366_15 expire 1 line
07-24 20:44:35.221  1366  1410 I chatty  : uid=1000(system) android.ui expire 8 lines
07-24 20:47:43.229  1366  1422 I chatty  : uid=1000(system) ActivityManager expire 10 lines
07-24 20:47:43.369  1366  9544 I chatty  : uid=1000(system) Binder:1366_1D expire 119 lines
07-24 20:47:43.371  1366 13907 I chatty  : uid=1000(system) Binder:1366_1F expire 3 lines
07-24 20:47:43.381  1366 16482 I chatty  : uid=1000(system) Binder:1366_21 expire 3 lines
07-24 20:49:31.356  1366  1855 I chatty  : uid=1000(system) ConnectivitySer expire 7 lines
07-24 20:50:48.442  1366  9970 I chatty  : uid=1000(system) Binder:1366_1E expire 3 lines
07-24 20:50:48.773  1366  7910 I chatty  : uid=1000(system) Binder:1366_18 expire 3 lines
07-24 20:50:48.790  1366  1423 I chatty  : uid=1000(system) ActivityManager expire 7 lines
07-24 20:50:50.122  1366  1394 I chatty  : uid=1000(system) Binder:1366_1 expire 2 lines
07-24 20:52:32.944  1366  1421 I chatty  : uid=1000(system) android.bg expire 1 line
07-24 20:52:43.636  1366  3441 I chatty  : uid=1000(system) Binder:1366_10 expire 3 lines
07-24 20:52:43.732  1366  1435 I chatty  : uid=1000(system) batterystats-wo expire 2 lines
07-24 20:52:43.777  1366  3452 I chatty  : uid=1000(system) Binder:1366_12 expire 2 lines
07-24 20:52:43.904  1366  2517 I chatty  : uid=1000(system) Binder:1366_A expire 5 lines
07-24 20:52:43.962  1366  2197 I chatty  : uid=1000(system) Binder:1366_7 expire 1 line
07-24 20:52:44.146  1366  2688 I chatty  : uid=1000(system) Binder:1366_B expire 1 line
07-24 20:52:46.724  7045  7436 E ActivityThread: Failed to find provider info for com.android.badge
07-24 20:52:47.301  1366  2198 I chatty  : uid=1000(system) Binder:1366_8 expire 7 lines
07-24 20:52:53.781  1366  2692 I chatty  : uid=1000(system) Binder:1366_C expire 1 line
07-24 20:53:03.640  3870  4371 E ActivityThread: Failed to find provider info for com.tencent.mobileqq.eipcmobileqq
07-24 20:53:03.893  1366  1366 I chatty  : uid=1000(system) Binder:1366_3 expire 28 lines
07-24 20:53:29.443  1366  1412 I chatty  : uid=1000(system) android.display expire 4 lines
07-24 20:55:04.713  1366  3450 I chatty  : uid=1000(system) Binder:1366_11 expire 6 lines
07-24 21:01:19.252  1366  9544 I chatty  : uid=1000(system) Binder:1366_1D expire 79 lines
07-24 21:01:19.274  1366  1413 I chatty  : uid=1000(system) android.anim expire 8 lines
07-24 21:01:19.282  1366  1412 I chatty  : uid=1000(system) android.display expire 15 lines
07-24 21:01:19.285  1366 16482 I chatty  : uid=1000(system) Binder:1366_21 expire 8 lines
07-24 21:01:19.316  1366  3441 I chatty  : uid=1000(system) Binder:1366_10 expire 2 lines
07-24 21:01:19.352  1366  9970 I chatty  : uid=1000(system) Binder:1366_1E expire 1 line
07-24 21:02:00.667  1366  1410 I chatty  : uid=1000(system) android.ui expire 7 lines
07-24 21:02:00.737  1366  3044 I chatty  : uid=1000(system) Binder:1366_D expire 203 lines
07-24 21:02:00.782  1366  2688 I chatty  : uid=1000(system) Binder:1366_B expire 2 lines
07-24 21:02:00.791  1366  7910 I chatty  : uid=1000(system) Binder:1366_18 expire 12 lines
07-24 21:02:00.797  1366  3045 I chatty  : uid=1000(system) Binder:1366_E expire 12 lines
07-24 21:02:06.653  1366  1409 I chatty  : uid=1000(system) android.fg expire 5 lines
07-24 21:02:07.867  1366  8325 I chatty  : uid=1000(system) Binder:1366_1B expire 6 lines
07-24 21:02:07.868  1366  1855 I chatty  : uid=1000(system) ConnectivitySer expire 5 lines
07-24 21:02:13.842  1366  1422 I chatty  : uid=1000(system) ActivityManager expire 5 lines
07-24 21:02:13.842  1366  1423 I chatty  : uid=1000(system) ActivityManager expire 4 lines
07-24 21:02:16.676  1366  1366 I chatty  : uid=1000(system) Binder:1366_3 expire 11 lines
07-24 21:02:45.547  1366  1865 I chatty  : uid=1000(system) Binder:1366_4 expire 4 lines
07-24 21:08:59.488  1366  3453 I chatty  : uid=1000(system) Binder:1366_13 expire 3 lines
07-24 21:10:18.242  1366  1435 I chatty  : uid=1000(system) batterystats-wo expire 1 line
07-24 21:12:33.008  1366  1421 I chatty  : uid=1000(system) android.bg expire 1 line
07-24 21:17:36.564  1366  9139 I chatty  : uid=1000(system) Binder:1366_1C expire 1 line
07-24 21:17:43.871  1366  6952 I chatty  : uid=1000(system) Binder:1366_16 expire 6 lines
07-24 21:17:50.396  1366  3453 I chatty  : uid=1000(system) Binder:1366_13 expire 13 lines
07-24 21:17:51.913  1366  1412 I chatty  : uid=1000(system) android.display expire 17 lines
07-24 21:17:53.136  1366  1366 I chatty  : uid=1000(system) Binder:1366_3 expire 9 lines
07-24 21:18:03.773  1366  1410 I chatty  : uid=1000(system) android.ui expire 16 lines
07-24 21:18:03.854  1366  8206 I chatty  : uid=1000(system) Binder:1366_19 expire 3 lines
07-24 21:18:06.309  1366 16482 I chatty  : uid=1000(system) Binder:1366_21 expire 14 lines
07-24 21:18:09.579  1366 13907 I chatty  : uid=1000(system) Binder:1366_1F expire 10 lines
07-24 21:20:06.487  1366  6731 I chatty  : uid=1000(system) Binder:1366_15 expire 1 line
07-24 21:20:17.346  1366  4274 I chatty  : uid=1000(system) Binder:1366_14 expire 6 lines
07-24 21:20:17.366  1366  1423 I chatty  : uid=1000(system) ActivityManager expire 6 lines
07-24 21:20:17.617  1366 16311 I chatty  : uid=1000(system) Binder:1366_20 expire 12 lines
07-24 21:20:17.621  1366  7201 I chatty  : uid=1000(system) Binder:1366_17 expire 7 lines
07-24 21:20:24.567  1366  3441 I chatty  : uid=1000(system) Binder:1366_10 expire 8 lines
07-24 21:20:36.183  1366  3045 I chatty  : uid=1000(system) Binder:1366_E expire 16 lines
07-24 21:20:36.258  1366  3452 I chatty  : uid=1000(system) Binder:1366_12 expire 14 lines
07-24 21:20:38.427  1366  2197 I chatty  : uid=1000(system) Binder:1366_7 expire 14 lines
07-24 21:22:14.715  1366  2271 I chatty  : uid=1000(system) Binder:1366_9 expire 5 lines
07-24 21:22:32.013  1366  2179 I chatty  : uid=1000(system) Binder:1366_6 expire 5 lines
07-24 21:22:43.858  1366  1422 I chatty  : uid=1000(system) ActivityManager expire 3 lines
07-24 21:22:44.113  1366  9139 I chatty  : uid=1000(system) Binder:1366_1C expire 3 lines
07-24 21:22:44.193  1366  2198 I chatty  : uid=1000(system) Binder:1366_8 expire 7 lines
07-24 21:22:44.194  1366  2688 I chatty  : uid=1000(system) Binder:1366_B expire 1 line
07-24 21:22:44.194  1366  1855 I chatty  : uid=1000(system) ConnectivitySer expire 1 line
07-24 21:22:45.380  1366  1865 I chatty  : uid=1000(system) Binder:1366_4 expire 5 lines
07-24 21:22:48.522 15887 16253 E ActivityThread: Failed to find provider info for com.android.badge
07-24 21:22:48.794  1366  3046 I chatty  : uid=1000(system) Binder:1366_F expire 2 lines
07-24 21:22:51.773  1366  1410 I chatty  : uid=1000(system) android.ui expire 7 lines
07-24 21:23:15.969  1366  1394 I chatty  : uid=1000(system) Binder:1366_1 expire 2 lines
07-24 21:23:25.871  1366  1412 I chatty  : uid=1000(system) android.display expire 7 lines
07-24 21:25:03.454  1366  1395 I chatty  : uid=1000(system) Binder:1366_2 expire 2 lines
07-24 21:25:03.454  1366  9970 I chatty  : uid=1000(system) Binder:1366_1E expire 5 lines
07-24 21:25:33.173  1366  9544 I chatty  : uid=1000(system) Binder:1366_1D expire 6 lines
07-24 21:25:36.351  1366  8265 I chatty  : uid=1000(system) Binder:1366_1A expire 8 lines
07-24 21:26:30.325  1366 16311 I chatty  : uid=1000(system) Binder:1366_20 expire 10 lines
07-24 21:26:33.606  1366  1412 I chatty  : uid=1000(system) android.display expire 20 lines
07-24 21:26:46.813  1366  1366 I chatty  : uid=1000(system) Binder:1366_3 expire 8 lines
07-24 21:26:46.933  1366  1410 I chatty  : uid=1000(system) android.ui expire 16 lines
07-24 21:26:46.991  1366  3441 I chatty  : uid=1000(system) Binder:1366_10 expire 5 lines
07-24 21:26:49.418  1366  3450 I chatty  : uid=1000(system) Binder:1366_11 expire 1 line
07-24 21:27:12.776  1366  9544 I chatty  : uid=1000(system) Binder:1366_1D expire 7 lines
07-24 21:28:09.802  1366  1394 I chatty  : uid=1000(system) Binder:1366_1 expire 5 lines
07-24 21:28:13.969  1366 16482 I chatty  : uid=1000(system) Binder:1366_21 expire 7 lines
07-24 21:28:14.025  1366  2198 I chatty  : uid=1000(system) Binder:1366_8 expire 6 lines
07-24 21:28:38.713  1366  1395 I chatty  : uid=1000(system) Binder:1366_2 expire 11 lines
07-24 21:28:38.714  1366  2179 I chatty  : uid=1000(system) Binder:1366_6 expire 6 lines
07-24 21:28:41.930  1366  7201 I chatty  : uid=1000(system) Binder:1366_17 expire 3 lines
07-24 21:28:53.068  1366  9139 I chatty  : uid=1000(system) Binder:1366_1C expire 10 lines
07-24 21:30:41.495  1366  1813 I chatty  : uid=1000(system) AppIntegrityMan expire 2 lines
07-24 21:30:41.495  1366  1467 I chatty  : uid=1000(system) PackageManager expire 32 lines
07-24 21:30:41.586  1366  1422 I chatty  : uid=1000(system) ActivityManager expire 11 lines
07-24 21:30:41.758  1366  1423 I chatty  : uid=1000(system) ActivityManager expire 10 lines
07-24 21:30:41.793  1366  1421 I chatty  : uid=1000(system) android.bg expire 2 lines
07-24 21:30:42.250  1366  6952 I chatty  : uid=1000(system) Binder:1366_16 expire 1 line
07-24 21:30:42.427  1366  2271 I chatty  : uid=1000(system) Binder:1366_9 expire 8 lines
07-24 21:30:52.139  1366  3453 I chatty  : uid=1000(system) Binder:1366_13 expire 10 lines
07-24 21:31:44.840  1366  1435 I chatty  : uid=1000(system) batterystats-wo expire 1 line
07-24 21:32:15.022  1366  1865 I chatty  : uid=1000(system) Binder:1366_4 expire 8 lines
07-24 21:32:39.818  1366  3452 I chatty  : uid=1000(system) Binder:1366_12 expire 4 lines
07-24 21:32:44.276  1366  8206 I chatty  : uid=1000(system) Binder:1366_19 expire 4 lines
07-24 21:32:45.727  1366  9970 I chatty  : uid=1000(system) Binder:1366_1E expire 5 lines
07-24 21:32:49.061 19381 19801 E ActivityThread: Failed to find provider info for com.android.badge
07-24 21:32:49.813  1366  1412 I chatty  : uid=1000(system) android.display expire 1 line
07-24 21:32:52.152  1366  7910 I chatty  : uid=1000(system) Binder:1366_18 expire 1 line
07-24 21:32:56.664  1366  1467 I chatty  : uid=1000(system) PackageManager expire 32 lines
07-24 21:32:56.798  1366  1422 I chatty  : uid=1000(system) ActivityManager expire 14 lines
07-24 21:32:56.845  1366  1366 I chatty  : uid=1000(system) Binder:1366_3 expire 17 lines
07-24 21:32:56.894  1366  1421 I chatty  : uid=1000(system) android.bg expire 2 lines
07-24 21:32:57.048  1366  1412 I chatty  : uid=1000(system) android.display expire 18 lines
07-24 21:32:57.468  1366  7201 I chatty  : uid=1000(system) Binder:1366_17 expire 1 line
07-24 21:32:57.501  1366  1423 I chatty  : uid=1000(system) ActivityManager expire 8 lines
07-24 21:33:13.985  1366  1410 I chatty  : uid=1000(system) android.ui expire 4 lines
07-24 21:38:08.509  1366  1455 I chatty  : uid=1000(system) PowerManagerSer expire 27 lines
07-24 21:38:16.070  1366  1435 I chatty  : uid=1000(system) batterystats-wo expire 2 lines
07-24 21:38:16.293  1366  1409 I chatty  : uid=1000(system) android.fg expire 10 lines
07-24 21:38:16.360  1366 16482 I chatty  : uid=1000(system) Binder:1366_21 expire 6 lines
07-24 21:40:25.582  1366  1810 I chatty  : uid=1000(system) InputReader expire 4 lines
07-24 21:40:25.832  1366  9544 I chatty  : uid=1000(system) Binder:1366_1D expire 2 lines
07-24 21:40:43.578  1366  8325 I chatty  : uid=1000(system) Binder:1366_1B expire 13 lines
07-24 21:40:43.578  1366  1855 I chatty  : uid=1000(system) ConnectivitySer expire 2 lines
07-24 21:41:01.408 10442 10442 W FingerprintManager: Invalid acquired message: 6, 5
07-24 21:41:01.408  1366  1366 I chatty  : uid=1000(system) Binder:1366_3 expire 9 lines
07-24 21:41:01.682  1366  6952 I chatty  : uid=1000(system) Binder:1366_16 expire 1 line
07-24 21:41:03.017  1366  1409 I chatty  : uid=1000(system) android.fg expire 3 lines
07-24 21:41:03.675  1366 16311 I chatty  : uid=1000(system) Binder:1366_20 expire 2 lines
07-24 21:41:17.152  1366  6731 I chatty  : uid=1000(system) Binder:1366_15 expire 4 lines
07-24 21:41:17.512  1366  9139 I chatty  : uid=1000(system) Binder:1366_1C expire 6 lines
07-24 21:41:45.268  1366 13907 I chatty  : uid=1000(system) Binder:1366_1F expire 3 lines
07-24 21:41:51.590  1366  8265 I chatty  : uid=1000(system) Binder:1366_1A expire 2 lines
07-24 21:41:54.153  1366  7910 I chatty  : uid=1000(system) Binder:1366_18 expire 1 line
07-24 21:42:05.501  1366  1813 I chatty  : uid=1000(system) AppIntegrityMan expire 1 line
07-24 21:42:05.502  1366  1467 I chatty  : uid=1000(system) PackageManager expire 32 lines
07-24 21:42:44.407  1366  3453 I chatty  : uid=1000(system) Binder:1366_13 expire 1 line
07-24 21:42:46.977  1366  9970 I chatty  : uid=1000(system) Binder:1366_1E expire 2 lines
07-24 21:42:47.169  1366  8206 I chatty  : uid=1000(system) Binder:1366_19 expire 29 lines
07-24 21:42:49.641 22448 22832 E ActivityThread: Failed to find provider info for com.android.badge
07-24 21:43:59.069  1366  1409 I chatty  : uid=1000(system) android.fg expire 1 line
07-24 21:43:59.857  1366  9970 I chatty  : uid=1000(system) Binder:1366_1E expire 20 lines
07-24 21:44:00.078  1366  3453 I chatty  : uid=1000(system) Binder:1366_13 expire 4 lines
07-24 21:44:07.902  1366  7910 I chatty  : uid=1000(system) Binder:1366_18 expire 24 lines
07-24 21:44:10.028  1366  1412 I chatty  : uid=1000(system) android.display expire 19 lines
07-24 21:44:11.989  1366  1410 I chatty  : uid=1000(system) android.ui expire 19 lines
07-24 21:44:13.452  1366 13907 I chatty  : uid=1000(system) Binder:1366_1F expire 18 lines
07-24 21:44:24.446  1366  1366 I chatty  : uid=1000(system) Binder:1366_3 expire 6 lines
07-24 21:44:38.906  1366  4274 I chatty  : uid=1000(system) Binder:1366_14 expire 8 lines
07-24 21:44:45.084  1366  9139 I chatty  : uid=1000(system) Binder:1366_1C expire 9 lines
07-24 21:46:36.063  1366 16311 I chatty  : uid=1000(system) Binder:1366_20 expire 16 lines
07-24 21:46:36.078  1366 16482 I chatty  : uid=1000(system) Binder:1366_21 expire 11 lines
07-24 21:47:52.604  1366  8325 I chatty  : uid=1000(system) Binder:1366_1B expire 11 lines
07-24 21:49:40.231 22448 22832 E ActivityThread: Failed to find provider info for com.android.badge
07-24 21:49:44.994  1366  1410 I chatty  : uid=1000(system) android.ui expire 4 lines
07-24 21:49:48.027  1366  8206 I chatty  : uid=1000(system) Binder:1366_19 expire 6 lines
07-24 21:49:51.051  1366  1820 I chatty  : uid=1000(system) NetworkStats expire 1 line
07-24 21:49:51.826  1366  9970 I chatty  : uid=1000(system) Binder:1366_1E expire 7 lines
07-24 21:49:51.884  1366  7910 I chatty  : uid=1000(system) Binder:1366_18 expire 3 lines
07-24 21:49:59.472  1366  1412 I chatty  : uid=1000(system) android.display expire 3 lines
07-24 21:50:19.880  1366 16311 I chatty  : uid=1000(system) Binder:1366_20 expire 16 lines
07-24 21:50:49.803  1366  1410 I chatty  : uid=1000(system) android.ui expire 29 lines
07-24 21:50:49.867  1366  8325 I chatty  : uid=1000(system) Binder:1366_1B expire 29 lines
07-24 21:50:52.145  1366  7910 I chatty  : uid=1000(system) Binder:1366_18 expire 12 lines
07-24 21:51:02.150  1366  1412 I chatty  : uid=1000(system) android.display expire 21 lines
07-24 21:51:25.253  1366  8206 I chatty  : uid=1000(system) Binder:1366_19 expire 20 lines
07-24 21:51:32.400  1366  9970 I chatty  : uid=1000(system) Binder:1366_1E expire 18 lines
07-24 21:52:14.867  1366  1366 I chatty  : uid=1000(system) Binder:1366_3 expire 5 lines
07-24 21:52:14.900  1366  1435 I chatty  : uid=1000(system) batterystats-wo expire 2 lines
07-24 21:52:33.197  1366  1421 I chatty  : uid=1000(system) android.bg expire 2 lines
07-24 21:52:44.357  1366  1422 I chatty  : uid=1000(system) ActivityManager expire 4 lines
07-24 21:52:44.557  1366  1423 I chatty  : uid=1000(system) ActivityManager expire 4 lines
07-24 21:52:44.558  1366  8265 I chatty  : uid=1000(system) Binder:1366_1A expire 16 lines
07-24 21:52:46.537  1366 16482 I chatty  : uid=1000(system) Binder:1366_21 expire 4 lines
07-24 21:52:49.881 25118 25549 E ActivityThread: Failed to find provider info for com.android.badge
07-24 21:52:50.148 25118 25549 E ActivityThread: Failed to find provider info for com.android.badge
07-24 21:53:54.208  1366  7910 I chatty  : uid=1000(system) Binder:1366_18 expire 31 lines
07-24 21:56:05.904  1366 13907 I chatty  : uid=1000(system) Binder:1366_1F expire 3 lines
07-24 21:57:54.100  1366  2179 I chatty  : uid=1000(system) Binder:1366_6 expire 9 lines
07-24 21:58:17.802  1366 16311 I chatty  : uid=1000(system) Binder:1366_20 expire 3 lines
07-24 21:59:17.999  1366  6952 I chatty  : uid=1000(system) Binder:1366_16 expire 19 lines
07-24 21:59:18.067  1366  9970 I chatty  : uid=1000(system) Binder:1366_1E expire 17 lines
07-24 21:59:19.168  1366  1410 I chatty  : uid=1000(system) android.ui expire 13 lines
07-24 21:59:19.231  1366 16311 I chatty  : uid=1000(system) Binder:1366_20 expire 25 lines
07-24 21:59:24.025  1366  2179 I chatty  : uid=1000(system) Binder:1366_6 expire 12 lines
07-24 21:59:26.089  1366 16482 I chatty  : uid=1000(system) Binder:1366_21 expire 18 lines
07-24 21:59:28.704  1366  7910 I chatty  : uid=1000(system) Binder:1366_18 expire 9 lines
07-24 21:59:28.721  1366  1412 I chatty  : uid=1000(system) android.display expire 12 lines
07-24 21:59:39.433  1366  1366 I chatty  : uid=1000(system) Binder:1366_3 expire 5 lines
07-24 22:02:44.509  1366  1422 I chatty  : uid=1000(system) ActivityManager expire 1 line
07-24 22:02:44.746  1366  3452 I chatty  : uid=1000(system) Binder:1366_12 expire 15 lines
07-24 22:02:44.746  1366  1423 I chatty  : uid=1000(system) ActivityManager expire 4 lines
07-24 22:02:45.166  1366  4274 I chatty  : uid=1000(system) Binder:1366_14 expire 11 lines
07-24 22:02:45.288  1366  1865 I chatty  : uid=1000(system) Binder:1366_4 expire 10 lines
07-24 22:02:46.977 28080 28422 E ActivityThread: Failed to find provider info for com.android.badge
07-24 22:02:48.687 28080 28422 E ActivityThread: Failed to find provider info for com.android.badge
07-24 22:02:54.554  1366  1410 I chatty  : uid=1000(system) android.ui expire 16 lines
07-24 22:02:57.573  1366  3453 I chatty  : uid=1000(system) Binder:1366_13 expire 11 lines
07-24 22:03:07.572  1366  1412 I chatty  : uid=1000(system) android.display expire 11 lines
07-24 22:06:20.440  1366  3044 I chatty  : uid=1000(system) Binder:1366_D expire 7 lines
07-24 22:06:47.367  1366  9544 I chatty  : uid=1000(system) Binder:1366_1D expire 12 lines
07-24 22:07:21.840  1366  1410 I chatty  : uid=1000(system) android.ui expire 14 lines
07-24 22:07:21.907  1366  3452 I chatty  : uid=1000(system) Binder:1366_12 expire 16 lines
07-24 22:07:27.140  1366  1412 I chatty  : uid=1000(system) android.display expire 10 lines
07-24 22:07:30.563  1366  3453 I chatty  : uid=1000(system) Binder:1366_13 expire 9 lines
07-24 22:07:30.627  1366  3044 I chatty  : uid=1000(system) Binder:1366_D expire 2 lines
07-24 22:07:57.182  1366  2179 I chatty  : uid=1000(system) Binder:1366_6 expire 3 lines
07-24 22:08:28.507  1366  2692 I chatty  : uid=1000(system) Binder:1366_C expire 9 lines
07-24 22:08:54.614  1366  1366 I chatty  : uid=1000(system) Binder:1366_3 expire 23 lines
07-24 22:09:31.834  1366  7910 I chatty  : uid=1000(system) Binder:1366_18 expire 15 lines
07-24 22:09:31.848  1366  4274 I chatty  : uid=1000(system) Binder:1366_14 expire 2 lines
07-24 22:10:02.522  1366  1411 I chatty  : uid=1000(system) android.io expire 2 lines
07-24 22:10:18.273  1366  1435 I chatty  : uid=1000(system) batterystats-wo expire 4 lines
07-24 22:12:33.258  1366  1421 I chatty  : uid=1000(system) android.bg expire 1 line
07-24 22:12:44.689  1366  1422 I chatty  : uid=1000(system) ActivityManager expire 3 lines
07-24 22:12:44.903  1366  6952 I chatty  : uid=1000(system) Binder:1366_16 expire 9 lines
07-24 22:12:44.905  1366  1423 I chatty  : uid=1000(system) ActivityManager expire 8 lines
07-24 22:12:45.348  1366  7201 I chatty  : uid=1000(system) Binder:1366_17 expire 10 lines
07-24 22:12:45.440  1366  9970 I chatty  : uid=1000(system) Binder:1366_1E expire 7 lines
07-24 22:12:47.741 31071 31411 E ActivityThread: Failed to find provider info for com.android.badge
07-24 22:12:50.334 31071 31411 E ActivityThread: Failed to find provider info for com.android.badge
07-24 22:12:54.304  1366  3452 I chatty  : uid=1000(system) Binder:1366_12 expire 11 lines
07-24 22:13:11.590  1366  1412 I chatty  : uid=1000(system) android.display expire 13 lines
07-24 22:18:32.903  1366  1455 I chatty  : uid=1000(system) PowerManagerSer expire 13 lines
07-24 22:18:40.662  1366  1409 I chatty  : uid=1000(system) android.fg expire 5 lines
07-24 22:21:40.749  1366  1820 I chatty  : uid=1000(system) NetworkStats expire 2 lines
07-24 22:23:19.174  1366  1810 I chatty  : uid=1000(system) InputReader expire 2 lines
07-24 22:23:22.047  1366  2003 I chatty  : uid=1000(system) Binder:1366_3 expire 1 line
07-24 22:23:26.466  1366 16482 I chatty  : uid=1000(system) Binder:1366_21 expire 11 lines
07-24 22:26:08.014  1366  2692 I chatty  : uid=1000(system) Binder:1366_C expire 29 lines
07-24 22:26:09.336  3008  3594 E ActivityThread: Failed to find provider info for com.android.badge
07-24 22:26:09.347  1366  1423 I chatty  : uid=1000(system) ActivityManager expire 6 lines
07-24 22:26:10.233  3008  3594 E ActivityThread: Failed to find provider info for com.android.badge
07-24 22:26:13.658  1366  1412 I chatty  : uid=1000(system) android.display expire 20 lines
07-24 22:26:15.634  1366  7201 I chatty  : uid=1000(system) Binder:1366_17 expire 1 line
07-24 22:27:31.126  1366  6952 I chatty  : uid=1000(system) Binder:1366_16 expire 19 lines
07-24 22:27:31.142  1366  9970 I chatty  : uid=1000(system) Binder:1366_1E expire 20 lines
07-24 22:27:33.205  1366  1410 I chatty  : uid=1000(system) android.ui expire 18 lines
07-24 22:27:33.739  1366  3453 I chatty  : uid=1000(system) Binder:1366_13 expire 15 lines
07-24 22:27:56.849  1366  3046 I chatty  : uid=1000(system) Binder:1366_F expire 23 lines
07-24 22:28:11.614  1366  1366 I chatty  : uid=1000(system) Binder:1366_3 expire 9 lines
07-24 22:31:15.475  1366 16311 I chatty  : uid=1000(system) Binder:1366_20 expire 16 lines
07-24 22:35:54.708  1366  1421 I chatty  : uid=1000(system) android.bg expire 1 line
07-24 22:36:06.434  1366  1422 I chatty  : uid=1000(system) ActivityManager expire 4 lines
07-24 22:36:06.631  1366  9544 I chatty  : uid=1000(system) Binder:1366_1D expire 11 lines
07-24 22:36:06.642  1366  3452 I chatty  : uid=1000(system) Binder:1366_12 expire 3 lines
07-24 22:36:06.726  1366  1435 I chatty  : uid=1000(system) batterystats-wo expire 1 line
07-24 22:36:09.828  6267  6745 E ActivityThread: Failed to find provider info for com.android.badge
07-24 22:36:17.745  6267  6745 E ActivityThread: Failed to find provider info for com.android.badge
07-24 22:36:33.243  1366  1410 I chatty  : uid=1000(system) android.ui expire 3 lines
07-24 22:37:05.066  1366 16311 I chatty  : uid=1000(system) Binder:1366_20 expire 2 lines
07-24 22:37:05.126  1366  3450 I chatty  : uid=1000(system) Binder:1366_11 expire 4 lines
07-24 22:37:05.126  1366  3046 I chatty  : uid=1000(system) Binder:1366_F expire 3 lines
07-24 22:37:15.084  1366  1412 I chatty  : uid=1000(system) android.display expire 6 lines
07-24 22:39:02.757  1366 16311 I chatty  : uid=1000(system) Binder:1366_20 expire 7 lines
07-24 22:39:03.650  1366  1410 I chatty  : uid=1000(system) android.ui expire 3 lines
07-24 22:39:06.256  1366  3046 I chatty  : uid=1000(system) Binder:1366_F expire 7 lines
07-24 22:39:06.347  1366  2692 I chatty  : uid=1000(system) Binder:1366_C expire 7 lines
07-24 22:39:06.347  1366  3450 I chatty  : uid=1000(system) Binder:1366_11 expire 8 lines
07-24 22:39:08.905  1366  9970 I chatty  : uid=1000(system) Binder:1366_1E expire 7 lines
07-24 22:39:35.051  1366  9544 I chatty  : uid=1000(system) Binder:1366_1D expire 8 lines
07-24 22:39:39.382  1366  1366 I chatty  : uid=1000(system) Binder:1366_3 expire 10 lines
07-24 22:40:31.956  1366  1810 I chatty  : uid=1000(system) InputReader expire 2 lines
07-24 22:40:32.429  1366  1455 I chatty  : uid=1000(system) PowerManagerSer expire 6 lines
07-24 22:40:32.616  1366  6731 I chatty  : uid=1000(system) Binder:1366_15 expire 1 line
07-24 22:40:32.751  1366  1409 I chatty  : uid=1000(system) android.fg expire 2 lines
07-24 22:40:37.773  1366  1435 I chatty  : uid=1000(system) batterystats-wo expire 10 lines
07-24 22:45:08.430  1366  2517 I chatty  : uid=1000(system) Binder:1366_A expire 1 line
07-24 22:49:26.973  1366  1855 I chatty  : uid=1000(system) ConnectivitySer expire 20 lines
07-24 22:49:26.973  1366  1422 I chatty  : uid=1000(system) ActivityManager expire 10 lines
07-24 22:49:26.981  1152  1152 E wificond: NL80211_CMD_START_SCHED_SCAN failed: Invalid argument
07-24 22:49:26.981  1152  1152 E wificond: Failed to start pno scan
07-24 22:49:28.988  1152  1152 I wificond: Pno scan started for frequencies: 2412, 2417, 2422, 2427, 2432, 2437, 2442, 2447, 2452, 2457, 2462, 2467, 2472, 5180, 5200, 5220, 5240, 5745, 5765, 5785, 5805, 
07-24 22:49:29.892  1152  1152 I wificond: Pno scan result ready event
07-24 22:49:29.916  1152  1152 W wificond: Scan is not started. Ignore abort request
07-24 22:49:49.922  1152  1152 I wificond: Pno scan result ready event
07-24 22:49:50.260  1152  1152 I wificond: Pno scan stopped
07-24 22:49:50.260  1366  1824 I chatty  : uid=1000(system) WifiHandlerThre expire 1 line
07-24 22:49:50.466   720   771 E NetlinkEvent: NetlinkEvent::FindParam(): Parameter 'INTERFACE' not found
07-24 22:49:50.466   720   771 E NetlinkEvent: NetlinkEvent::FindParam(): Parameter 'STATE' not found
07-24 22:49:50.466   720   771 E NetlinkEvent: NetlinkEvent::FindParam(): Parameter 'TIME_NS' not found
07-24 22:49:50.466   720   771 E NetlinkEvent: NetlinkEvent::FindParam(): Parameter 'UID' not found
07-24 22:49:50.473  1366  1855 I chatty  : uid=1000(system) ConnectivitySer expire 10 lines
07-24 22:49:50.550  1366  1395 I chatty  : uid=1000(system) Binder:1366_2 expire 1 line
07-24 22:49:50.551  1366  8265 I chatty  : uid=1000(system) Binder:1366_1A expire 3 lines
07-24 22:52:02.638  1366  1366 I chatty  : uid=1000(system) Binder:1366_3 expire 12 lines
07-24 22:52:22.463  1366  8206 I chatty  : uid=1000(system) Binder:1366_19 expire 6 lines
07-24 22:52:22.472  1366  1423 I chatty  : uid=1000(system) ActivityManager expire 14 lines
07-24 22:58:54.433  1366  8325 I chatty  : uid=1000(system) Binder:1366_1B expire 4 lines
07-24 23:07:45.055  9292  9749 E ActivityThread: Failed to find provider info for com.android.badge
07-24 23:07:45.448  1366  6952 I chatty  : uid=1000(system) Binder:1366_16 expire 2 lines
07-24 23:07:45.867  9292  9749 E ActivityThread: Failed to find provider info for com.android.badge
07-24 23:11:32.556  1366 13907 I chatty  : uid=1000(system) Binder:1366_1F expire 2 lines
07-24 23:15:35.378  1366  3441 I chatty  : uid=1000(system) Binder:1366_10 expire 6 lines
07-24 23:22:51.055  1366  1812 I chatty  : uid=1000(system) NetworkWatchlis expire 2 lines
07-24 23:22:53.190 10660 11412 E ActivityThread: Failed to find provider info for com.android.badge
07-24 23:24:45.809  1366  1366 I chatty  : uid=1000(system) Binder:1366_3 expire 15 lines
07-24 23:27:29.806  1366  1435 I chatty  : uid=1000(system) batterystats-wo expire 4 lines
07-24 23:44:01.331  1366  1421 I chatty  : uid=1000(system) android.bg expire 2 lines
07-24 23:44:13.273  1366  1422 I chatty  : uid=1000(system) ActivityManager expire 2 lines
07-24 23:44:13.452  1366  7910 I chatty  : uid=1000(system) Binder:1366_18 expire 1 line
07-25 00:03:43.507  1366  4274 I chatty  : uid=1000(system) Binder:1366_14 expire 2 lines
07-25 00:03:43.509  1366  2271 I chatty  : uid=1000(system) Binder:1366_9 expire 6 lines
07-25 00:10:31.012  1366  1421 I chatty  : uid=1000(system) android.bg expire 6 lines
07-25 00:14:27.281  1366  1366 I chatty  : uid=1000(system) Binder:1366_3 expire 11 lines
07-25 00:21:11.157  1366  3044 I chatty  : uid=1000(system) Binder:1366_D expire 1 line
07-25 00:21:11.157  1366  1423 I chatty  : uid=1000(system) ActivityManager expire 13 lines
07-25 00:21:24.709  1366  9970 I chatty  : uid=1000(system) Binder:1366_1E expire 3 lines
07-25 00:23:10.177  1366  1435 I chatty  : uid=1000(system) batterystats-wo expire 22 lines
07-25 00:28:31.448  1366  1422 I chatty  : uid=1000(system) ActivityManager expire 7 lines
07-25 00:28:31.614  1366 16311 I chatty  : uid=1000(system) Binder:1366_20 expire 7 lines
07-25 00:30:38.248  1366  3450 I chatty  : uid=1000(system) Binder:1366_11 expire 3 lines
07-25 00:38:31.523  1366  1409 I chatty  : uid=1000(system) android.fg expire 10 lines
07-25 00:40:47.894  1366  3453 I chatty  : uid=1000(system) Binder:1366_13 expire 4 lines
07-25 00:41:21.863  1366  1985 I chatty  : uid=1000(system) Binder:1366_5 expire 2 lines
07-25 00:41:25.166  1366  4274 I chatty  : uid=1000(system) Binder:1366_14 expire 1 line
07-25 00:41:26.584 15324 16701 E ActivityThread: Failed to find provider info for com.android.badge
07-25 00:41:27.886 15324 16701 E ActivityThread: Failed to find provider info for com.android.badge
07-25 00:46:00.681  1366  1366 I chatty  : uid=1000(system) Binder:1366_3 expire 68 lines
07-25 00:50:10.740  1366  6952 I chatty  : uid=1000(system) Binder:1366_16 expire 1 line
07-25 00:50:10.837  1366  2179 I chatty  : uid=1000(system) Binder:1366_6 expire 1 line
07-25 02:34:57.300  1366  9544 I chatty  : uid=1000(system) Binder:1366_1D expire 6 lines
07-25 05:51:05.795  1366  1810 I chatty  : uid=1000(system) InputReader expire 6 lines
07-25 05:51:05.837  1366  1455 I chatty  : uid=1000(system) PowerManagerSer expire 14 lines
07-25 05:51:05.893  1366  1412 I chatty  : uid=1000(system) android.display expire 4 lines
07-25 05:53:05.219 10442 10442 W FingerprintManager: Invalid acquired message: 6, 5
07-25 05:53:05.249  1366  1366 I chatty  : uid=1000(system) Binder:1366_3 expire 1 line
07-25 05:53:05.521  1366  9139 I chatty  : uid=1000(system) Binder:1366_1C expire 2 lines
07-25 05:53:10.149  1366 13907 I chatty  : uid=1000(system) Binder:1366_1F expire 2 lines
07-25 05:53:10.150  1366  1855 I chatty  : uid=1000(system) ConnectivitySer expire 2 lines
07-25 05:53:10.569  1366 16482 I chatty  : uid=1000(system) Binder:1366_21 expire 2 lines
07-25 05:53:11.915  9695 19448 E ActivityThread: Failed to find provider info for com.android.badge
07-25 05:53:12.055  1366  1423 I chatty  : uid=1000(system) ActivityManager expire 6 lines
07-25 05:53:13.513  1366 13907 I chatty  : uid=1000(system) Binder:1366_1F expire 5 lines
07-25 05:53:13.569  1366  1410 I chatty  : uid=1000(system) android.ui expire 2 lines
07-25 05:53:14.840  1366  9139 I chatty  : uid=1000(system) Binder:1366_1C expire 2 lines
07-25 05:53:14.842  1366  1855 I chatty  : uid=1000(system) ConnectivitySer expire 4 lines
07-25 05:53:15.344  1366  9544 I chatty  : uid=1000(system) Binder:1366_1D expire 4 lines
07-25 05:53:21.322  1366  1412 I chatty  : uid=1000(system) android.display expire 7 lines
07-25 05:53:27.668  1366  1422 I chatty  : uid=1000(system) ActivityManager expire 4 lines
07-25 05:55:00.833  1366  1366 I chatty  : uid=1000(system) Binder:1366_3 expire 230 lines
07-25 05:55:25.480 10442 12624 I PowerUI.Notification: show low battery warning: level=15 [-1] playSound=true
07-25 05:56:24.628  1366  3452 I chatty  : uid=1000(system) Binder:1366_12 expire 1 line
